<html>
<body>
<pre>
<h1>µVision Build Log</h1>
<h2>Tool Versions:</h2>
IDE-Version: µVision V5.35.0.0
Copyright (C) 2021 ARM Ltd and ARM Germany GmbH. All rights reserved.
License Information: asas asd, asd, LIC=JDA0P-MFJQI-790G1-C3XEC-2ZWPR-TBWXJ
 
Tool Versions:
Toolchain:       MDK-ARM Professional  Version: 5.35.0.2
Toolchain Path:  C:\Keil_v5\ARM\ARMCC\Bin
C Compiler:      Armcc.exe V5.06 update 7 (build 960)
Assembler:       Armasm.exe V5.06 update 7 (build 960)
Linker/Locator:  ArmLink.exe V5.06 update 7 (build 960)
Library Manager: ArmAr.exe V5.06 update 7 (build 960)
Hex Converter:   FromElf.exe V5.06 update 7 (build 960)
CPU DLL:         SARMCM3.DLL V5.35.0.2
Dialog DLL:      DCM.DLL V1.17.3.0
Target DLL:      STLink\ST-LINKIII-KEIL_SWO.dll V3.0.9.0
Dialog DLL:      TCM.DLL V1.53.0.0
 
<h2>Project:</h2>
C:\Users\ornstein\Desktop\pr and reshe\Ï‡„ÌËÚÓÏÂÚ\magnitometr_cod\MDK-ARM\magnitometr.uvprojx
Project File Date:  04/06/2022

<h2>Output:</h2>
*** Using Compiler 'V5.06 update 7 (build 960)', folder: 'C:\Keil_v5\ARM\ARMCC\Bin'
Build target 'magnitometr'
compiling main.c...
../MDK-ARM/GPS.h(62): warning:  #1-D: last line of file ends without a newline
  #endif
../MDK-ARM/HMC5883L.h(98): warning:  #1295-D: Deprecated declaration HMC5883L_Enabled - give arg types
    void  HMC5883L_Enabled();
../MDK-ARM/magnetic.h(19): warning:  #223-D: function "strlen" declared implicitly
  	uint8_t len = strlen (string);
../MDK-ARM/magnetic.h(78): warning:  #223-D: function "sprintf" declared implicitly
  		sprintf (buffer, "$%2hhd:%2hhd%f%c%f%c%f%f%f%f",&GPS.GPGGA.UTC_Hour,     &GPS.GPGGA.UTC_Min,
../MDK-ARM/magnetic.h(93): warning:  #1-D: last line of file ends without a newline
  #endif
../Core/Src/main.c: 5 warnings, 0 errors
linking...
Program Size: Code=21600 RO-data=832 RW-data=36 ZI-data=2684  
FromELF: creating hex file...
"magnitometr\magnitometr.axf" - 0 Error(s), 5 Warning(s).

<h2>Software Packages used:</h2>

Package Vendor: ARM
                http://www.keil.com/pack/ARM.CMSIS.5.8.0.pack
                ARM.CMSIS.5.8.0
                CMSIS (Common Microcontroller Software Interface Standard)
   * Component: CORE Version: 5.5.0

Package Vendor: Keil
                http://www.keil.com/pack/Keil.STM32F1xx_DFP.2.3.0.pack
                Keil.STM32F1xx_DFP.2.3.0
                STMicroelectronics STM32F1 Series Device Support, Drivers and Examples

<h2>Collection of Component include folders:</h2>
  .\RTE\_magnitometr
  C:\Users\ornstein\AppData\Local\Arm\Packs\ARM\CMSIS\5.8.0\CMSIS\Core\Include
  C:\Users\ornstein\AppData\Local\Arm\Packs\Keil\STM32F1xx_DFP\2.3.0\Device\Include

<h2>Collection of Component Files used:</h2>

   * Component: ARM::CMSIS:CORE:5.5.0
      Include file:  CMSIS\Core\Include\tz_context.h
Build Time Elapsed:  00:00:01
</pre>
</body>
</html>
