Component: ARM Compiler 5.06 update 7 (build 960) Tool: armlink [4d3601]

==============================================================================

Section Cross References

    startup_stm32f103xb.o(STACK) refers (Special) to heapauxi.o(.text) for __use_two_region_memory
    startup_stm32f103xb.o(HEAP) refers (Special) to heapauxi.o(.text) for __use_two_region_memory
    startup_stm32f103xb.o(RESET) refers (Special) to heapauxi.o(.text) for __use_two_region_memory
    startup_stm32f103xb.o(RESET) refers to startup_stm32f103xb.o(STACK) for __initial_sp
    startup_stm32f103xb.o(RESET) refers to startup_stm32f103xb.o(.text) for Reset_Handler
    startup_stm32f103xb.o(RESET) refers to stm32f1xx_it.o(i.NMI_Handler) for NMI_Handler
    startup_stm32f103xb.o(RESET) refers to stm32f1xx_it.o(i.HardFault_Handler) for HardFault_Handler
    startup_stm32f103xb.o(RESET) refers to stm32f1xx_it.o(i.MemManage_Handler) for MemManage_Handler
    startup_stm32f103xb.o(RESET) refers to stm32f1xx_it.o(i.BusFault_Handler) for BusFault_Handler
    startup_stm32f103xb.o(RESET) refers to stm32f1xx_it.o(i.UsageFault_Handler) for UsageFault_Handler
    startup_stm32f103xb.o(RESET) refers to stm32f1xx_it.o(i.SVC_Handler) for SVC_Handler
    startup_stm32f103xb.o(RESET) refers to stm32f1xx_it.o(i.DebugMon_Handler) for DebugMon_Handler
    startup_stm32f103xb.o(RESET) refers to stm32f1xx_it.o(i.PendSV_Handler) for PendSV_Handler
    startup_stm32f103xb.o(RESET) refers to stm32f1xx_it.o(i.SysTick_Handler) for SysTick_Handler
    startup_stm32f103xb.o(RESET) refers to stm32f1xx_it.o(i.DMA1_Channel6_IRQHandler) for DMA1_Channel6_IRQHandler
    startup_stm32f103xb.o(RESET) refers to stm32f1xx_it.o(i.USART1_IRQHandler) for USART1_IRQHandler
    startup_stm32f103xb.o(RESET) refers to stm32f1xx_it.o(i.USART2_IRQHandler) for USART2_IRQHandler
    startup_stm32f103xb.o(.text) refers (Special) to heapauxi.o(.text) for __use_two_region_memory
    startup_stm32f103xb.o(.text) refers to system_stm32f1xx.o(i.SystemInit) for SystemInit
    startup_stm32f103xb.o(.text) refers to __main.o(!!!main) for __main
    startup_stm32f103xb.o(.text) refers to startup_stm32f103xb.o(HEAP) for Heap_Mem
    startup_stm32f103xb.o(.text) refers to startup_stm32f103xb.o(STACK) for Stack_Mem
    hmc5883l.o(i.HMC5883L_Enabled) refers to hmc5883l.o(i.SendCommand) for SendCommand
    hmc5883l.o(i.HMC5883L_fastRegister8) refers to stm32f1xx_hal_i2c.o(i.HAL_I2C_Mem_Read) for HAL_I2C_Mem_Read
    hmc5883l.o(i.HMC5883L_fastRegister8) refers to main.o(.bss) for hi2c2
    hmc5883l.o(i.HMC5883L_getDataRate) refers to hmc5883l.o(i.HMC5883L_readRegister8) for HMC5883L_readRegister8
    hmc5883l.o(i.HMC5883L_getMeasurementMode) refers to hmc5883l.o(i.HMC5883L_readRegister8) for HMC5883L_readRegister8
    hmc5883l.o(i.HMC5883L_getRange) refers to hmc5883l.o(i.HMC5883L_readRegister8) for HMC5883L_readRegister8
    hmc5883l.o(i.HMC5883L_getSamples) refers to hmc5883l.o(i.HMC5883L_readRegister8) for HMC5883L_readRegister8
    hmc5883l.o(i.HMC5883L_readNormalize) refers to hmc5883l.o(i.HMC5883L_readRegister16) for HMC5883L_readRegister16
    hmc5883l.o(i.HMC5883L_readNormalize) refers to fflt_clz.o(x$fpl$fflt) for __aeabi_i2f
    hmc5883l.o(i.HMC5883L_readNormalize) refers to fmul.o(x$fpl$fmul) for __aeabi_fmul
    hmc5883l.o(i.HMC5883L_readNormalize) refers to fdiv.o(x$fpl$fdiv) for __aeabi_fdiv
    hmc5883l.o(i.HMC5883L_readNormalize) refers to faddsub_clz.o(x$fpl$fadd) for __aeabi_fadd
    hmc5883l.o(i.HMC5883L_readNormalize) refers to faddsub_clz.o(x$fpl$fsub) for __aeabi_fsub
    hmc5883l.o(i.HMC5883L_readNormalize) refers to f2d.o(x$fpl$f2d) for __aeabi_f2d
    hmc5883l.o(i.HMC5883L_readNormalize) refers to sqrt.o(i.sqrt) for sqrt
    hmc5883l.o(i.HMC5883L_readNormalize) refers to d2f.o(x$fpl$d2f) for __aeabi_d2f
    hmc5883l.o(i.HMC5883L_readNormalize) refers to rt_memcpy_w.o(.text) for __aeabi_memcpy4
    hmc5883l.o(i.HMC5883L_readNormalize) refers to hmc5883l.o(.data) for .data
    hmc5883l.o(i.HMC5883L_readNormalize) refers to hmc5883l.o(.bss) for .bss
    hmc5883l.o(i.HMC5883L_readRaw) refers to stm32f1xx_hal_i2c.o(i.HAL_I2C_Mem_Read) for HAL_I2C_Mem_Read
    hmc5883l.o(i.HMC5883L_readRaw) refers to fflt_clz.o(x$fpl$fflt) for __aeabi_i2f
    hmc5883l.o(i.HMC5883L_readRaw) refers to fmul.o(x$fpl$fmul) for __aeabi_fmul
    hmc5883l.o(i.HMC5883L_readRaw) refers to fdiv.o(x$fpl$fdiv) for __aeabi_fdiv
    hmc5883l.o(i.HMC5883L_readRaw) refers to faddsub_clz.o(x$fpl$fadd) for __aeabi_fadd
    hmc5883l.o(i.HMC5883L_readRaw) refers to faddsub_clz.o(x$fpl$fsub) for __aeabi_fsub
    hmc5883l.o(i.HMC5883L_readRaw) refers to f2d.o(x$fpl$f2d) for __aeabi_f2d
    hmc5883l.o(i.HMC5883L_readRaw) refers to sqrt.o(i.sqrt) for sqrt
    hmc5883l.o(i.HMC5883L_readRaw) refers to d2f.o(x$fpl$d2f) for __aeabi_d2f
    hmc5883l.o(i.HMC5883L_readRaw) refers to rt_memcpy_w.o(.text) for __aeabi_memcpy4
    hmc5883l.o(i.HMC5883L_readRaw) refers to hmc5883l.o(.bss) for .bss
[...]
    i.BusFault_Handler                       0x08001c44   Section        0  stm32f1xx_it.o(i.BusFault_Handler)
    i.DMA1_Channel6_IRQHandler               0x08001c48   Section        0  stm32f1xx_it.o(i.DMA1_Channel6_IRQHandler)
    i.DMA_SetConfig                          0x08001c54   Section        0  stm32f1xx_hal_dma.o(i.DMA_SetConfig)
    DMA_SetConfig                            0x08001c55   Thumb Code    42  stm32f1xx_hal_dma.o(i.DMA_SetConfig)
    i.DebugMon_Handler                       0x08001c7e   Section        0  stm32f1xx_it.o(i.DebugMon_Handler)
    i.Error_Handler                          0x08001c80   Section        0  main.o(i.Error_Handler)
    i.GPS_CallBack                           0x08001c84   Section        0  gps.o(i.GPS_CallBack)
    i.GPS_Process                            0x08001cd0   Section        0  gps.o(i.GPS_Process)
    i.GetData                                0x08001de0   Section        0  gps.o(i.GetData)
    i.HAL_DMA_Abort                          0x08001dfc   Section        0  stm32f1xx_hal_dma.o(i.HAL_DMA_Abort)
    i.HAL_DMA_Abort_IT                       0x08001e44   Section        0  stm32f1xx_hal_dma.o(i.HAL_DMA_Abort_IT)
    i.HAL_DMA_IRQHandler                     0x08001edc   Section        0  stm32f1xx_hal_dma.o(i.HAL_DMA_IRQHandler)
    i.HAL_DMA_Init                           0x08002030   Section        0  stm32f1xx_hal_dma.o(i.HAL_DMA_Init)
    i.HAL_DMA_Start_IT                       0x0800208c   Section        0  stm32f1xx_hal_dma.o(i.HAL_DMA_Start_IT)
    i.HAL_Delay                              0x080020fc   Section        0  stm32f1xx_hal.o(i.HAL_Delay)
    i.HAL_GPIO_Init                          0x08002120   Section        0  stm32f1xx_hal_gpio.o(i.HAL_GPIO_Init)
    i.HAL_GPIO_WritePin                      0x08002300   Section        0  stm32f1xx_hal_gpio.o(i.HAL_GPIO_WritePin)
    i.HAL_GetTick                            0x0800230c   Section        0  stm32f1xx_hal.o(i.HAL_GetTick)
    i.HAL_I2C_Init                           0x08002318   Section        0  stm32f1xx_hal_i2c.o(i.HAL_I2C_Init)
    i.HAL_I2C_Master_Transmit                0x080024a0   Section        0  stm32f1xx_hal_i2c.o(i.HAL_I2C_Master_Transmit)
    i.HAL_I2C_Mem_Read                       0x080025cc   Section        0  stm32f1xx_hal_i2c.o(i.HAL_I2C_Mem_Read)
    i.HAL_I2C_Mem_Write                      0x0800281c   Section        0  stm32f1xx_hal_i2c.o(i.HAL_I2C_Mem_Write)
    i.HAL_I2C_MspInit                        0x0800294c   Section        0  stm32f1xx_hal_msp.o(i.HAL_I2C_MspInit)
    i.HAL_IncTick                            0x080029ac   Section        0  stm32f1xx_hal.o(i.HAL_IncTick)
    i.HAL_Init                               0x080029bc   Section        0  stm32f1xx_hal.o(i.HAL_Init)
    i.HAL_InitTick                           0x080029e0   Section        0  stm32f1xx_hal.o(i.HAL_InitTick)
    i.HAL_MspInit                            0x08002a20   Section        0  stm32f1xx_hal_msp.o(i.HAL_MspInit)
    i.HAL_NVIC_EnableIRQ                     0x08002a5c   Section        0  stm32f1xx_hal_cortex.o(i.HAL_NVIC_EnableIRQ)
    i.HAL_NVIC_SetPriority                   0x08002a78   Section        0  stm32f1xx_hal_cortex.o(i.HAL_NVIC_SetPriority)
    i.HAL_NVIC_SetPriorityGrouping           0x08002ab8   Section        0  stm32f1xx_hal_cortex.o(i.HAL_NVIC_SetPriorityGrouping)
    i.HAL_RCC_ClockConfig                    0x08002adc   Section        0  stm32f1xx_hal_rcc.o(i.HAL_RCC_ClockConfig)
    i.HAL_RCC_GetPCLK1Freq                   0x08002c08   Section        0  stm32f1xx_hal_rcc.o(i.HAL_RCC_GetPCLK1Freq)
    i.HAL_RCC_GetPCLK2Freq                   0x08002c28   Section        0  stm32f1xx_hal_rcc.o(i.HAL_RCC_GetPCLK2Freq)
    i.HAL_RCC_GetSysClockFreq                0x08002c48   Section        0  stm32f1xx_hal_rcc.o(i.HAL_RCC_GetSysClockFreq)
    i.HAL_RCC_OscConfig                      0x08002cb4   Section        0  stm32f1xx_hal_rcc.o(i.HAL_RCC_OscConfig)
    i.HAL_SYSTICK_Config                     0x08002fd4   Section        0  stm32f1xx_hal_cortex.o(i.HAL_SYSTICK_Config)
    i.HAL_UARTEx_RxEventCallback             0x08002ffc   Section        0  stm32f1xx_hal_uart.o(i.HAL_UARTEx_RxEventCallback)
    i.HAL_UART_ErrorCallback                 0x08002ffe   Section        0  stm32f1xx_hal_uart.o(i.HAL_UART_ErrorCallback)
    i.HAL_UART_IRQHandler                    0x08003000   Section        0  stm32f1xx_hal_uart.o(i.HAL_UART_IRQHandler)
    i.HAL_UART_Init                          0x0800320c   Section        0  stm32f1xx_hal_uart.o(i.HAL_UART_Init)
    i.HAL_UART_MspInit                       0x08003270   Section        0  stm32f1xx_hal_msp.o(i.HAL_UART_MspInit)
    i.HAL_UART_Receive_DMA                   0x08003378   Section        0  stm32f1xx_hal_uart.o(i.HAL_UART_Receive_DMA)
    i.HAL_UART_RxCpltCallback                0x080033a4   Section        0  main.o(i.HAL_UART_RxCpltCallback)
    i.HAL_UART_RxHalfCpltCallback            0x080033b4   Section        0  stm32f1xx_hal_uart.o(i.HAL_UART_RxHalfCpltCallback)
    i.HAL_UART_Transmit_IT                   0x080033b6   Section        0  stm32f1xx_hal_uart.o(i.HAL_UART_Transmit_IT)
    i.HAL_UART_TxCpltCallback                0x080033f4   Section        0  main.o(i.HAL_UART_TxCpltCallback)
    i.HMC5883L_Enabled                       0x080033f6   Section        0  hmc5883l.o(i.HMC5883L_Enabled)
    i.HMC5883L_readNormalize                 0x0800340c   Section        0  hmc5883l.o(i.HMC5883L_readNormalize)
    i.HMC5883L_readRegister16                0x080034c4   Section        0  hmc5883l.o(i.HMC5883L_readRegister16)
    i.HMC5883L_readRegister8                 0x080034f0   Section        0  hmc5883l.o(i.HMC5883L_readRegister8)
    i.HMC5883L_setDataRate                   0x08003518   Section        0  hmc5883l.o(i.HMC5883L_setDataRate)
    i.HMC5883L_setMeasurementMode            0x08003536   Section        0  hmc5883l.o(i.HMC5883L_setMeasurementMode)
    i.HMC5883L_setOffset                     0x08003550   Section        0  hmc5883l.o(i.HMC5883L_setOffset)
    i.HMC5883L_setRange                      0x0800356c   Section        0  hmc5883l.o(i.HMC5883L_setRange)
    i.HMC5883L_setSamples                    0x080035cc   Section        0  hmc5883l.o(i.HMC5883L_setSamples)
    i.HMC5883L_writeRegister8                0x080035ec   Section        0  hmc5883l.o(i.HMC5883L_writeRegister8)
    i.HardFault_Handler                      0x08003618   Section        0  stm32f1xx_it.o(i.HardFault_Handler)
    i.I2C_IsAcknowledgeFailed                0x0800361a   Section        0  stm32f1xx_hal_i2c.o(i.I2C_IsAcknowledgeFailed)
    I2C_IsAcknowledgeFailed                  0x0800361b   Thumb Code    46  stm32f1xx_hal_i2c.o(i.I2C_IsAcknowledgeFailed)
    i.I2C_MasterRequestWrite                 0x08003648   Section        0  stm32f1xx_hal_i2c.o(i.I2C_MasterRequestWrite)
    I2C_MasterRequestWrite                   0x08003649   Thumb Code   150  stm32f1xx_hal_i2c.o(i.I2C_MasterRequestWrite)
    i.I2C_RequestMemoryRead                  0x080036e4   Section        0  stm32f1xx_hal_i2c.o(i.I2C_RequestMemoryRead)
    I2C_RequestMemoryRead                    0x080036e5   Thumb Code   246  stm32f1xx_hal_i2c.o(i.I2C_RequestMemoryRead)
    i.I2C_RequestMemoryWrite                 0x080037e0   Section        0  stm32f1xx_hal_i2c.o(i.I2C_RequestMemoryWrite)
    I2C_RequestMemoryWrite                   0x080037e1   Thumb Code   162  stm32f1xx_hal_i2c.o(i.I2C_RequestMemoryWrite)
    i.I2C_WaitOnBTFFlagUntilTimeout          0x08003888   Section        0  stm32f1xx_hal_i2c.o(i.I2C_WaitOnBTFFlagUntilTimeout)
    I2C_WaitOnBTFFlagUntilTimeout            0x08003889   Thumb Code    76  stm32f1xx_hal_i2c.o(i.I2C_WaitOnBTFFlagUntilTimeout)
    i.I2C_WaitOnFlagUntilTimeout             0x080038d4   Section        0  stm32f1xx_hal_i2c.o(i.I2C_WaitOnFlagUntilTimeout)
    I2C_WaitOnFlagUntilTimeout               0x080038d5   Thumb Code   104  stm32f1xx_hal_i2c.o(i.I2C_WaitOnFlagUntilTimeout)
    i.I2C_WaitOnMasterAddressFlagUntilTimeout 0x0800393c   Section        0  stm32f1xx_hal_i2c.o(i.I2C_WaitOnMasterAddressFlagUntilTimeout)
    I2C_WaitOnMasterAddressFlagUntilTimeout  0x0800393d   Thumb Code   150  stm32f1xx_hal_i2c.o(i.I2C_WaitOnMasterAddressFlagUntilTimeout)
    i.I2C_WaitOnRXNEFlagUntilTimeout         0x080039d2   Section        0  stm32f1xx_hal_i2c.o(i.I2C_WaitOnRXNEFlagUntilTimeout)
    I2C_WaitOnRXNEFlagUntilTimeout           0x080039d3   Thumb Code   102  stm32f1xx_hal_i2c.o(i.I2C_WaitOnRXNEFlagUntilTimeout)
    i.I2C_WaitOnTXEFlagUntilTimeout          0x08003a38   Section        0  stm32f1xx_hal_i2c.o(i.I2C_WaitOnTXEFlagUntilTimeout)
    I2C_WaitOnTXEFlagUntilTimeout            0x08003a39   Thumb Code    76  stm32f1xx_hal_i2c.o(i.I2C_WaitOnTXEFlagUntilTimeout)
    i.MX_GPIO_Init                           0x08003a84   Section        0  main.o(i.MX_GPIO_Init)
    MX_GPIO_Init                             0x08003a85   Thumb Code   102  main.o(i.MX_GPIO_Init)
    i.Magnetic_Init                          0x08003af4   Section        0  main.o(i.Magnetic_Init)
    i.MemManage_Handler                      0x08003b30   Section        0  stm32f1xx_it.o(i.MemManage_Handler)
    i.NMI_Handler                            0x08003b32   Section        0  stm32f1xx_it.o(i.NMI_Handler)
    i.PendSV_Handler                         0x08003b34   Section        0  stm32f1xx_it.o(i.PendSV_Handler)
    i.SVC_Handler                            0x08003b36   Section        0  stm32f1xx_it.o(i.SVC_Handler)
    i.SendCommand                            0x08003b38   Section        0  hmc5883l.o(i.SendCommand)
    i.SysTick_Handler                        0x08003b5c   Section        0  stm32f1xx_it.o(i.SysTick_Handler)
    i.SystemClock_Config                     0x08003b60   Section        0  main.o(i.SystemClock_Config)
    i.SystemInit                             0x08003bb0   Section        0  system_stm32f1xx.o(i.SystemInit)
    i.TxDataTerminal                         0x08003bb4   Section        0  gps.o(i.TxDataTerminal)
    i.UART_DMAAbortOnError                   0x08003bc8   Section        0  stm32f1xx_hal_uart.o(i.UART_DMAAbortOnError)
    UART_DMAAbortOnError                     0x08003bc9   Thumb Code    16  stm32f1xx_hal_uart.o(i.UART_DMAAbortOnError)
    i.UART_DMAError                          0x08003bd8   Section        0  stm32f1xx_hal_uart.o(i.UART_DMAError)
    UART_DMAError                            0x08003bd9   Thumb Code    74  stm32f1xx_hal_uart.o(i.UART_DMAError)
    i.UART_DMAReceiveCplt                    0x08003c22   Section        0  stm32f1xx_hal_uart.o(i.UART_DMAReceiveCplt)
    UART_DMAReceiveCplt                      0x08003c23   Thumb Code    90  stm32f1xx_hal_uart.o(i.UART_DMAReceiveCplt)
    i.UART_DMARxHalfCplt                     0x08003c7c   Section        0  stm32f1xx_hal_uart.o(i.UART_DMARxHalfCplt)
    UART_DMARxHalfCplt                       0x08003c7d   Thumb Code    26  stm32f1xx_hal_uart.o(i.UART_DMARxHalfCplt)
    i.UART_EndRxTransfer                     0x08003c96   Section        0  stm32f1xx_hal_uart.o(i.UART_EndRxTransfer)
    UART_EndRxTransfer                       0x08003c97   Thumb Code    48  stm32f1xx_hal_uart.o(i.UART_EndRxTransfer)
    i.UART_EndTxTransfer                     0x08003cc6   Section        0  stm32f1xx_hal_uart.o(i.UART_EndTxTransfer)
    UART_EndTxTransfer                       0x08003cc7   Thumb Code    18  stm32f1xx_hal_uart.o(i.UART_EndTxTransfer)
    i.UART_Receive_IT                        0x08003cd8   Section        0  stm32f1xx_hal_uart.o(i.UART_Receive_IT)
    UART_Receive_IT                          0x08003cd9   Thumb Code   182  stm32f1xx_hal_uart.o(i.UART_Receive_IT)
    i.UART_SetConfig                         0x08003d90   Section        0  stm32f1xx_hal_uart.o(i.UART_SetConfig)
    UART_SetConfig                           0x08003d91   Thumb Code   178  stm32f1xx_hal_uart.o(i.UART_SetConfig)
    i.UART_Start_Receive_DMA                 0x08003e48   Section        0  stm32f1xx_hal_uart.o(i.UART_Start_Receive_DMA)
    i.USART1_IRQHandler                      0x08003eb8   Section        0  stm32f1xx_it.o(i.USART1_IRQHandler)
    i.USART2_IRQHandler                      0x08003ec4   Section        0  stm32f1xx_it.o(i.USART2_IRQHandler)
    i.UsageFault_Handler                     0x08003ed0   Section        0  stm32f1xx_it.o(i.UsageFault_Handler)
    i.__NVIC_SetPriority                     0x08003ed2   Section        0  stm32f1xx_hal_cortex.o(i.__NVIC_SetPriority)
    __NVIC_SetPriority                       0x08003ed3   Thumb Code    32  stm32f1xx_hal_cortex.o(i.__NVIC_SetPriority)
    i.__mathlib_dbl_invalid                  0x08003ef2   Section        0  dunder.o(i.__mathlib_dbl_invalid)
    i.__mathlib_dbl_overflow                 0x08003efe   Section        0  dunder.o(i.__mathlib_dbl_overflow)
    i.__mathlib_dbl_underflow                0x08003f0c   Section        0  dunder.o(i.__mathlib_dbl_underflow)
    i.__mathlib_narrow                       0x08003f1c   Section        0  narrow.o(i.__mathlib_narrow)
    i.__mathlib_tofloat                      0x08003f2c   Section        0  narrow.o(i.__mathlib_tofloat)
    i.__support_ldexp                        0x08003fe8   Section        0  ldexp.o(i.__support_ldexp)
    i._is_digit                              0x08003ffe   Section        0  __printf_wp.o(i._is_digit)
    i.convertDegMinToDecDeg                  0x0800400c   Section        0  gps.o(i.convertDegMinToDecDeg)
    i.fmod                                   0x08004060   Section        0  fmod.o(i.fmod)
    i.frexp                                  0x080040f4   Section        0  frexp.o(i.frexp)
    i.ldexp                                  0x0800414c   Section        0  ldexp.o(i.ldexp)
    i.main                                   0x080041c0   Section        0  main.o(i.main)
    i.sqrt                                   0x08004284   Section        0  sqrt.o(i.sqrt)
    locale$$code                             0x080042d0   Section       44  lc_numeric_c.o(locale$$code)
    locale$$code                             0x080042fc   Section       44  lc_ctype_c.o(locale$$code)
    x$fpl$d2f                                0x08004328   Section       98  d2f.o(x$fpl$d2f)
    x$fpl$dadd                               0x0800438c   Section      336  daddsub_clz.o(x$fpl$dadd)
    _dadd1                                   0x0800439d   Thumb Code     0  daddsub_clz.o(x$fpl$dadd)
    x$fpl$dcheck1                            0x080044dc   Section       16  dcheck1.o(x$fpl$dcheck1)
    x$fpl$dcmpinf                            0x080044ec   Section       24  dcmpi.o(x$fpl$dcmpinf)
    x$fpl$ddiv                               0x08004504   Section      688  ddiv.o(x$fpl$ddiv)
    ddiv_entry                               0x0800450b   Thumb Code     0  ddiv.o(x$fpl$ddiv)
    x$fpl$deqf                               0x080047b4   Section      120  deqf.o(x$fpl$deqf)
    x$fpl$dleqf                              0x0800482c   Section      120  dleqf.o(x$fpl$dleqf)
    x$fpl$dnaninf                            0x080048a4   Section      156  dnaninf.o(x$fpl$dnaninf)
    x$fpl$drem                               0x08004940   Section      336  drem_clz.o(x$fpl$drem)
    x$fpl$dretinf                            0x08004a90   Section       12  dretinf.o(x$fpl$dretinf)
    x$fpl$drleqf                             0x08004a9c   Section      108  drleqf.o(x$fpl$drleqf)
    x$fpl$drsb                               0x08004b08   Section       22  daddsub_clz.o(x$fpl$drsb)
    x$fpl$dsqrt                              0x08004b20   Section      460  dsqrt_noumaal.o(x$fpl$dsqrt)
    x$fpl$dsub                               0x08004cec   Section      468  daddsub_clz.o(x$fpl$dsub)
    _dsub1                                   0x08004cfd   Thumb Code     0  daddsub_clz.o(x$fpl$dsub)
    x$fpl$f2d                                0x08004ec0   Section       86  f2d.o(x$fpl$f2d)
    x$fpl$fadd                               0x08004f18   Section      196  faddsub_clz.o(x$fpl$fadd)
    _fadd1                                   0x08004f27   Thumb Code     0  faddsub_clz.o(x$fpl$fadd)
    x$fpl$fdiv                               0x08004fdc   Section      388  fdiv.o(x$fpl$fdiv)
    _fdiv1                                   0x08004fdd   Thumb Code     0  fdiv.o(x$fpl$fdiv)
    x$fpl$ffix                               0x08005160   Section       54  ffix.o(x$fpl$ffix)
    x$fpl$fflt                               0x08005198   Section       48  fflt_clz.o(x$fpl$fflt)
    x$fpl$fmul                               0x080051c8   Section      258  fmul.o(x$fpl$fmul)
    x$fpl$fnaninf                            0x080052ca   Section      140  fnaninf.o(x$fpl$fnaninf)
    x$fpl$fretinf                            0x08005356   Section       10  fretinf.o(x$fpl$fretinf)
    x$fpl$fsub                               0x08005360   Section      234  faddsub_clz.o(x$fpl$fsub)
    _fsub1                                   0x0800536f   Thumb Code     0  faddsub_clz.o(x$fpl$fsub)
    x$fpl$ieeestatus                         0x0800544a   Section        6  istatus.o(x$fpl$ieeestatus)
    x$fpl$retnan                             0x08005450   Section      100  retnan.o(x$fpl$retnan)
    x$fpl$scalbn                             0x080054b4   Section       92  scalbn.o(x$fpl$scalbn)
    x$fpl$scanf1                             0x08005510   Section        4  scanf1.o(x$fpl$scanf1)
    x$fpl$scanf2                             0x08005514   Section        8  scanf2.o(x$fpl$scanf2)
    x$fpl$trapveneer                         0x0800551c   Section       48  trapv.o(x$fpl$trapveneer)
    .constdata                               0x0800554c   Section       16  system_stm32f1xx.o(.constdata)
    x$fpl$usenofp                            0x0800554c   Section        0  usenofp.o(x$fpl$usenofp)
    .constdata                               0x0800555c   Section        8  system_stm32f1xx.o(.constdata)
    .constdata                               0x08005564   Section      148  bigflt0.o(.constdata)
    tenpwrs_x                                0x08005564   Data          60  bigflt0.o(.constdata)
    tenpwrs_i                                0x080055a0   Data          64  bigflt0.o(.constdata)
    .conststring                             0x080055f8   Section       73  gps.o(.conststring)
    c$$dinf                                  0x08005664   Section        8  fpconst.o(c$$dinf)
    c$$dmax                                  0x0800566c   Section        8  fpconst.o(c$$dmax)
    locale$$data                             0x08005674   Section       28  lc_numeric_c.o(locale$$data)
    __lcnum_c_name                           0x08005678   Data           2  lc_numeric_c.o(locale$$data)
    __lcnum_c_start                          0x08005680   Data           0  lc_numeric_c.o(locale$$data)
    __lcnum_c_point                          0x0800568c   Data           0  lc_numeric_c.o(locale$$data)
    __lcnum_c_thousands                      0x0800568e   Data           0  lc_numeric_c.o(locale$$data)
    __lcnum_c_grouping                       0x0800568f   Data           0  lc_numeric_c.o(locale$$data)
    locale$$data                             0x08005690   Section      272  lc_ctype_c.o(locale$$data)
    __lcnum_c_end                            0x08005690   Data           0  lc_numeric_c.o(locale$$data)
    __lcctype_c_name                         0x08005694   Data           2  lc_ctype_c.o(locale$$data)
    __lcctype_c_start                        0x0800569c   Data           0  lc_ctype_c.o(locale$$data)
    __lcctype_c_end                          0x080057a0   Data           0  lc_ctype_c.o(locale$$data)
    .data                                    0x20000000   Section       16  hmc5883l.o(.data)
    .data                                    0x20000010   Section        1  gps.o(.data)
    .data                                    0x20000014   Section       12  stm32f1xx_hal.o(.data)
    .data                                    0x20000020   Section        4  system_stm32f1xx.o(.data)
    .bss                                     0x20000024   Section       44  hmc5883l.o(.bss)
    .bss                                     0x20000050   Section      592  gps.o(.bss)
    .bss                                     0x200002a0   Section      348  main.o(.bss)
    .bss                                     0x200003fc   Section       68  main.o(.bss)
    .bss                                     0x20000440   Section       96  libspace.o(.bss)
    HEAP                                     0x200004a0   Section      512  startup_stm32f103xb.o(HEAP)
    Heap_Mem                                 0x200004a0   Data         512  startup_stm32f103xb.o(HEAP)
    STACK                                    0x200006a0   Section     1024  startup_stm32f103xb.o(STACK)
    Stack_Mem                                0x200006a0   Data        1024  startup_stm32f103xb.o(STACK)
    __initial_sp                             0x20000aa0   Data           0  startup_stm32f103xb.o(STACK)

    Global Symbols

    Symbol Name                              Value     Ov Type        Size  Object(Section)

    BuildAttributes$$THM_ISAv4$P$D$K$B$S$PE$A:L22UL41UL21$X:L11$S22US41US21$IEEE1$IW$USESV6$~STKCKD$USESV7$~SHL$OTIME$ROPI$IEEEX$EBA8$UX$STANDARDLIB$REQ8$PRES8$EABIv2 0x00000000   Number         0  anon$$obj.o ABSOLUTE
    __ARM_use_no_argv                        0x00000000   Number         0  main.o ABSOLUTE
    _printf_flags                            0x00000000   Number         0  printf_stubs.o ABSOLUTE
    _printf_return_value                     0x00000000   Number         0  printf_stubs.o ABSOLUTE
    _printf_sizespec                         0x00000000   Number         0  printf_stubs.o ABSOLUTE
    _printf_widthprec                        0x00000000   Number         0  printf_stubs.o ABSOLUTE
    __ARM_exceptions_init                     - Undefined Weak Reference
    __alloca_initialize                       - Undefined Weak Reference
    __arm_fini_                               - Undefined Weak Reference
    __arm_preinit_                            - Undefined Weak Reference
    __cpp_initialize__aeabi_                  - Undefined Weak Reference
    __cxa_finalize                            - Undefined Weak Reference
    __sigvec_lookup                           - Undefined Weak Reference
    _atexit_init                              - Undefined Weak Reference
    _call_atexit_fns                          - Undefined Weak Reference
    _clock_init                               - Undefined Weak Reference
    _fp_trap_init                             - Undefined Weak Reference
    _fp_trap_shutdown                         - Undefined Weak Reference
    _get_lc_collate                           - Undefined Weak Reference
    _get_lc_monetary                          - Undefined Weak Reference
    _get_lc_time                              - Undefined Weak Reference
    _getenv_init                              - Undefined Weak Reference
    _handle_redirection                       - Undefined Weak Reference
    _init_alloc                               - Undefined Weak Reference
    _init_user_alloc                          - Undefined Weak Reference
    _initio                                   - Undefined Weak Reference
    _printf_mbtowc                            - Undefined Weak Reference
    _rand_init                                - Undefined Weak Reference
    _scanf_longlong                           - Undefined Weak Reference
    _scanf_mbtowc                             - Undefined Weak Reference
    _scanf_wctomb                             - Undefined Weak Reference
    _scanf_wstring                            - Undefined Weak Reference
    _signal_finish                            - Undefined Weak Reference
    _signal_init                              - Undefined Weak Reference
    _terminate_alloc                          - Undefined Weak Reference
    _terminate_user_alloc                     - Undefined Weak Reference
    _terminateio                              - Undefined Weak Reference
    __Vectors_Size                           0x000000ec   Number         0  startup_stm32f103xb.o ABSOLUTE
    __Vectors                                0x08000000   Data           4  startup_stm32f103xb.o(RESET)
    __Vectors_End                            0x080000ec   Data           0  startup_stm32f103xb.o(RESET)
    __main                                   0x080000ed   Thumb Code     8  __main.o(!!!main)
    __scatterload                            0x080000f5   Thumb Code     0  __scatter.o(!!!scatter)
    __scatterload_rt2                        0x080000f5   Thumb Code    44  __scatter.o(!!!scatter)
    __scatterload_rt2_thumb_only             0x080000f5   Thumb Code     0  __scatter.o(!!!scatter)
    __scatterload_null                       0x08000103   Thumb Code     0  __scatter.o(!!!scatter)
    __scatterload_copy                       0x08000129   Thumb Code    26  __scatter_copy.o(!!handler_copy)
    __scatterload_zeroinit                   0x08000145   Thumb Code    28  __scatter_zi.o(!!handler_zi)
    __rt_lib_init                            0x08000161   Thumb Code     0  libinit.o(.ARM.Collect$$libinit$$00000000)
    __rt_lib_init_fp_1                       0x08000163   Thumb Code     0  libinit2.o(.ARM.Collect$$libinit$$00000002)
    __rt_lib_init_heap_1                     0x08000163   Thumb Code     0  libinit2.o(.ARM.Collect$$libinit$$0000000A)
    __rt_lib_init_lc_common                  0x08000163   Thumb Code     0  libinit2.o(.ARM.Collect$$libinit$$0000000F)
    __rt_lib_init_preinit_1                  0x08000163   Thumb Code     0  libinit2.o(.ARM.Collect$$libinit$$00000004)
    __rt_lib_init_rand_1                     0x08000163   Thumb Code     0  libinit2.o(.ARM.Collect$$libinit$$0000000E)
    __rt_lib_init_user_alloc_1               0x08000163   Thumb Code     0  libinit2.o(.ARM.Collect$$libinit$$0000000C)
    __rt_lib_init_lc_collate_1               0x08000169   Thumb Code     0  libinit2.o(.ARM.Collect$$libinit$$00000011)
    __rt_lib_init_lc_ctype_2                 0x08000169   Thumb Code     0  libinit2.o(.ARM.Collect$$libinit$$00000012)
    __rt_lib_init_lc_ctype_1                 0x08000175   Thumb Code     0  libinit2.o(.ARM.Collect$$libinit$$00000013)
    __rt_lib_init_lc_monetary_1              0x08000175   Thumb Code     0  libinit2.o(.ARM.Collect$$libinit$$00000015)
    __rt_lib_init_lc_numeric_2               0x08000175   Thumb Code     0  libinit2.o(.ARM.Collect$$libinit$$00000016)
    __rt_lib_init_alloca_1                   0x0800017f   Thumb Code     0  libinit2.o(.ARM.Collect$$libinit$$0000002E)
    __rt_lib_init_argv_1                     0x0800017f   Thumb Code     0  libinit2.o(.ARM.Collect$$libinit$$0000002C)
    __rt_lib_init_atexit_1                   0x0800017f   Thumb Code     0  libinit2.o(.ARM.Collect$$libinit$$0000001B)
    __rt_lib_init_clock_1                    0x0800017f   Thumb Code     0  libinit2.o(.ARM.Collect$$libinit$$00000021)
    __rt_lib_init_cpp_1                      0x0800017f   Thumb Code     0  libinit2.o(.ARM.Collect$$libinit$$00000032)
    __rt_lib_init_exceptions_1               0x0800017f   Thumb Code     0  libinit2.o(.ARM.Collect$$libinit$$00000030)
    __rt_lib_init_fp_trap_1                  0x0800017f   Thumb Code     0  libinit2.o(.ARM.Collect$$libinit$$0000001F)
    __rt_lib_init_getenv_1                   0x0800017f   Thumb Code     0  libinit2.o(.ARM.Collect$$libinit$$00000023)
    __rt_lib_init_lc_numeric_1               0x0800017f   Thumb Code     0  libinit2.o(.ARM.Collect$$libinit$$00000017)
    __rt_lib_init_lc_time_1                  0x0800017f   Thumb Code     0  libinit2.o(.ARM.Collect$$libinit$$00000019)
    __rt_lib_init_return                     0x0800017f   Thumb Code     0  libinit2.o(.ARM.Collect$$libinit$$00000033)
    __rt_lib_init_signal_1                   0x0800017f   Thumb Code     0  libinit2.o(.ARM.Collect$$libinit$$0000001D)
    __rt_lib_init_stdio_1                    0x0800017f   Thumb Code     0  libinit2.o(.ARM.Collect$$libinit$$00000025)
    __rt_lib_shutdown                        0x08000181   Thumb Code     0  libshutdown.o(.ARM.Collect$$libshutdown$$00000000)
    __rt_lib_shutdown_cpp_1                  0x08000183   Thumb Code     0  libshutdown2.o(.ARM.Collect$$libshutdown$$00000004)
    __rt_lib_shutdown_fini_1                 0x08000183   Thumb Code     0  libshutdown2.o(.ARM.Collect$$libshutdown$$00000002)
    __rt_lib_shutdown_fp_trap_1              0x08000183   Thumb Code     0  libshutdown2.o(.ARM.Collect$$libshutdown$$00000009)
    __rt_lib_shutdown_heap_1                 0x08000183   Thumb Code     0  libshutdown2.o(.ARM.Collect$$libshutdown$$00000011)
    __rt_lib_shutdown_return                 0x08000183   Thumb Code     0  libshutdown2.o(.ARM.Collect$$libshutdown$$00000012)
    __rt_lib_shutdown_signal_1               0x08000183   Thumb Code     0  libshutdown2.o(.ARM.Collect$$libshutdown$$0000000C)
    __rt_lib_shutdown_stdio_1                0x08000183   Thumb Code     0  libshutdown2.o(.ARM.Collect$$libshutdown$$00000006)
    __rt_lib_shutdown_user_alloc_1           0x08000183   Thumb Code     0  libshutdown2.o(.ARM.Collect$$libshutdown$$0000000E)
    __rt_entry                               0x08000185   Thumb Code     0  __rtentry.o(.ARM.Collect$$rtentry$$00000000)
    __rt_entry_presh_1                       0x08000185   Thumb Code     0  __rtentry2.o(.ARM.Collect$$rtentry$$00000002)
    __rt_entry_sh                            0x08000185   Thumb Code     0  __rtentry4.o(.ARM.Collect$$rtentry$$00000004)
    __rt_entry_li                            0x0800018b   Thumb Code     0  __rtentry2.o(.ARM.Collect$$rtentry$$0000000A)
    __rt_entry_postsh_1                      0x0800018b   Thumb Code     0  __rtentry2.o(.ARM.Collect$$rtentry$$00000009)
    __rt_entry_main                          0x0800018f   Thumb Code     0  __rtentry2.o(.ARM.Collect$$rtentry$$0000000D)
    __rt_entry_postli_1                      0x0800018f   Thumb Code     0  __rtentry2.o(.ARM.Collect$$rtentry$$0000000C)
    __rt_exit                                0x08000197   Thumb Code     0  rtexit.o(.ARM.Collect$$rtexit$$00000000)
    __rt_exit_ls                             0x08000199   Thumb Code     0  rtexit2.o(.ARM.Collect$$rtexit$$00000003)
    __rt_exit_prels_1                        0x08000199   Thumb Code     0  rtexit2.o(.ARM.Collect$$rtexit$$00000002)
    __rt_exit_exit                           0x0800019d   Thumb Code     0  rtexit2.o(.ARM.Collect$$rtexit$$00000004)
    Reset_Handler                            0x080001a5   Thumb Code     8  startup_stm32f103xb.o(.text)
    ADC1_2_IRQHandler                        0x080001bf   Thumb Code     0  startup_stm32f103xb.o(.text)
    CAN1_RX1_IRQHandler                      0x080001bf   Thumb Code     0  startup_stm32f103xb.o(.text)
    CAN1_SCE_IRQHandler                      0x080001bf   Thumb Code     0  startup_stm32f103xb.o(.text)
    DMA1_Channel1_IRQHandler                 0x080001bf   Thumb Code     0  startup_stm32f103xb.o(.text)
    DMA1_Channel2_IRQHandler                 0x080001bf   Thumb Code     0  startup_stm32f103xb.o(.text)
    DMA1_Channel3_IRQHandler                 0x080001bf   Thumb Code     0  startup_stm32f103xb.o(.text)
    DMA1_Channel4_IRQHandler                 0x080001bf   Thumb Code     0  startup_stm32f103xb.o(.text)
    DMA1_Channel5_IRQHandler                 0x080001bf   Thumb Code     0  startup_stm32f103xb.o(.text)
    DMA1_Channel7_IRQHandler                 0x080001bf   Thumb Code     0  startup_stm32f103xb.o(.text)
    EXTI0_IRQHandler                         0x080001bf   Thumb Code     0  startup_stm32f103xb.o(.text)
    EXTI15_10_IRQHandler                     0x080001bf   Thumb Code     0  startup_stm32f103xb.o(.text)
    EXTI1_IRQHandler                         0x080001bf   Thumb Code     0  startup_stm32f103xb.o(.text)
    EXTI2_IRQHandler                         0x080001bf   Thumb Code     0  startup_stm32f103xb.o(.text)
    EXTI3_IRQHandler                         0x080001bf   Thumb Code     0  startup_stm32f103xb.o(.text)
    EXTI4_IRQHandler                         0x080001bf   Thumb Code     0  startup_stm32f103xb.o(.text)
    EXTI9_5_IRQHandler                       0x080001bf   Thumb Code     0  startup_stm32f103xb.o(.text)
    FLASH_IRQHandler                         0x080001bf   Thumb Code     0  startup_stm32f103xb.o(.text)
    I2C1_ER_IRQHandler                       0x080001bf   Thumb Code     0  startup_stm32f103xb.o(.text)
    I2C1_EV_IRQHandler                       0x080001bf   Thumb Code     0  startup_stm32f103xb.o(.text)
    I2C2_ER_IRQHandler                       0x080001bf   Thumb Code     0  startup_stm32f103xb.o(.text)
    I2C2_EV_IRQHandler                       0x080001bf   Thumb Code     0  startup_stm32f103xb.o(.text)
    PVD_IRQHandler                           0x080001bf   Thumb Code     0  startup_stm32f103xb.o(.text)
    RCC_IRQHandler                           0x080001bf   Thumb Code     0  startup_stm32f103xb.o(.text)
    RTC_Alarm_IRQHandler                     0x080001bf   Thumb Code     0  startup_stm32f103xb.o(.text)
    RTC_IRQHandler                           0x080001bf   Thumb Code     0  startup_stm32f103xb.o(.text)
    SPI1_IRQHandler                          0x080001bf   Thumb Code     0  startup_stm32f103xb.o(.text)
    SPI2_IRQHandler                          0x080001bf   Thumb Code     0  startup_stm32f103xb.o(.text)
    TAMPER_IRQHandler                        0x080001bf   Thumb Code     0  startup_stm32f103xb.o(.text)
    TIM1_BRK_IRQHandler                      0x080001bf   Thumb Code     0  startup_stm32f103xb.o(.text)
    TIM1_CC_IRQHandler                       0x080001bf   Thumb Code     0  startup_stm32f103xb.o(.text)
    TIM1_TRG_COM_IRQHandler                  0x080001bf   Thumb Code     0  startup_stm32f103xb.o(.text)
    TIM1_UP_IRQHandler                       0x080001bf   Thumb Code     0  startup_stm32f103xb.o(.text)
    TIM2_IRQHandler                          0x080001bf   Thumb Code     0  startup_stm32f103xb.o(.text)
    TIM3_IRQHandler                          0x080001bf   Thumb Code     0  startup_stm32f103xb.o(.text)
    TIM4_IRQHandler                          0x080001bf   Thumb Code     0  startup_stm32f103xb.o(.text)
    USART3_IRQHandler                        0x080001bf   Thumb Code     0  startup_stm32f103xb.o(.text)
    USBWakeUp_IRQHandler                     0x080001bf   Thumb Code     0  startup_stm32f103xb.o(.text)
    USB_HP_CAN1_TX_IRQHandler                0x080001bf   Thumb Code     0  startup_stm32f103xb.o(.text)
    USB_LP_CAN1_RX0_IRQHandler               0x080001bf   Thumb Code     0  startup_stm32f103xb.o(.text)
    WWDG_IRQHandler                          0x080001bf   Thumb Code     0  startup_stm32f103xb.o(.text)
    __user_initial_stackheap                 0x080001c1   Thumb Code     0  startup_stm32f103xb.o(.text)
    __0sscanf                                0x080001e5   Thumb Code    52  __0sscanf.o(.text)
    _scanf_int                               0x08000221   Thumb Code   332  _scanf_int.o(.text)
    _scanf_string                            0x0800036d   Thumb Code   224  _scanf_str.o(.text)
    strstr                                   0x0800044d   Thumb Code    36  strstr.o(.text)
    __aeabi_memcpy4                          0x08000471   Thumb Code     0  rt_memcpy_w.o(.text)
    __aeabi_memcpy8                          0x08000471   Thumb Code     0  rt_memcpy_w.o(.text)
    __rt_memcpy_w                            0x08000471   Thumb Code   100  rt_memcpy_w.o(.text)
    _memcpy_lastbytes_aligned                0x080004b9   Thumb Code     0  rt_memcpy_w.o(.text)
    __aeabi_memclr4                          0x080004d5   Thumb Code     0  rt_memclr_w.o(.text)
    __aeabi_memclr8                          0x080004d5   Thumb Code     0  rt_memclr_w.o(.text)
    __rt_memclr_w                            0x080004d5   Thumb Code    78  rt_memclr_w.o(.text)
    _memset_w                                0x080004d9   Thumb Code     0  rt_memclr_w.o(.text)
    __use_two_region_memory                  0x08000523   Thumb Code     2  heapauxi.o(.text)
    __rt_heap_escrow$2region                 0x08000525   Thumb Code     2  heapauxi.o(.text)
    __rt_heap_expand$2region                 0x08000527   Thumb Code     2  heapauxi.o(.text)
    __read_errno                             0x08000529   Thumb Code    10  _rserrno.o(.text)
    __set_errno                              0x08000533   Thumb Code    12  _rserrno.o(.text)
    _chval                                   0x0800053f   Thumb Code    28  _chval.o(.text)
    _scanf_really_real                       0x080007a9   Thumb Code   684  scanf_fp.o(.text)
    __vfscanf_char                           0x08000a61   Thumb Code    24  scanf_char.o(.text)
    _sgetc                                   0x08000a81   Thumb Code    30  _sgetc.o(.text)
    _sbackspace                              0x08000a9f   Thumb Code    34  _sgetc.o(.text)
    __rt_locale                              0x08000ac1   Thumb Code     8  rt_locale_intlibspace.o(.text)
    __aeabi_errno_addr                       0x08000ac9   Thumb Code     8  rt_errno_addr_intlibspace.o(.text)
    __errno$intlibspace                      0x08000ac9   Thumb Code     0  rt_errno_addr_intlibspace.o(.text)
    __rt_errno_addr$intlibspace              0x08000ac9   Thumb Code     0  rt_errno_addr_intlibspace.o(.text)
    isspace                                  0x08000ad1   Thumb Code    18  isspace.o(.text)
    __vfscanf                                0x08000ae5   Thumb Code   880  _scanf.o(.text)
    _btod_etento                             0x08000e59   Thumb Code   224  bigflt0.o(.text)
    __user_libspace                          0x08000f3d   Thumb Code     8  libspace.o(.text)
    __user_perproc_libspace                  0x08000f3d   Thumb Code     0  libspace.o(.text)
    __user_perthread_libspace                0x08000f3d   Thumb Code     0  libspace.o(.text)
    __user_setup_stackheap                   0x08000f45   Thumb Code    74  sys_stackheap_outer.o(.text)
    __rt_ctype_table                         0x08000f91   Thumb Code    16  rt_ctype_table.o(.text)
    _scanf_really_hex_real                   0x08000fa1   Thumb Code   786  scanf_hexfp.o(.text)
    _scanf_really_infnan                     0x080012c1   Thumb Code   292  scanf_infnan.o(.text)
    exit                                     0x080013f5   Thumb Code    18  exit.o(.text)
    strcmp                                   0x08001409   Thumb Code   128  strcmpv7m.o(.text)
    __aeabi_llsl                             0x08001489   Thumb Code     0  llshl.o(.text)
    _ll_shift_l                              0x08001489   Thumb Code    38  llshl.o(.text)
    _sys_exit                                0x080014b1   Thumb Code     8  sys_exit.o(.text)
    __I$use$semihosting                      0x080014bd   Thumb Code     0  use_no_semi.o(.text)
    __use_no_semihosting_swi                 0x080014bd   Thumb Code     2  use_no_semi.o(.text)
    __btod_div_common                        0x080014bf   Thumb Code   696  btod.o(CL$$btod_div_common)
    __semihosting_library_function           0x080014bf   Thumb Code     0  indicate_semi.o(.text)
    _e2d                                     0x080017f9   Thumb Code   122  btod.o(CL$$btod_e2d)
    _e2e                                     0x0800187d   Thumb Code   220  btod.o(CL$$btod_e2e)
    _btod_ediv                               0x08001959   Thumb Code    42  btod.o(CL$$btod_ediv)
    _btod_edivd                              0x08001983   Thumb Code    42  btod.o(CL$$btod_edivd)
    _btod_emul                               0x080019ad   Thumb Code    42  btod.o(CL$$btod_emul)
    _btod_emuld                              0x080019d7   Thumb Code    42  btod.o(CL$$btod_emuld)
    __btod_mult_common                       0x08001a01   Thumb Code   580  btod.o(CL$$btod_mult_common)
    BusFault_Handler                         0x08001c45   Thumb Code     2  stm32f1xx_it.o(i.BusFault_Handler)
    DMA1_Channel6_IRQHandler                 0x08001c49   Thumb Code     6  stm32f1xx_it.o(i.DMA1_Channel6_IRQHandler)
    DebugMon_Handler                         0x08001c7f   Thumb Code     2  stm32f1xx_it.o(i.DebugMon_Handler)
    Error_Handler                            0x08001c81   Thumb Code     4  main.o(i.Error_Handler)
    GPS_CallBack                             0x08001c85   Thumb Code    64  gps.o(i.GPS_CallBack)
    GPS_Process                              0x08001cd1   Thumb Code   244  gps.o(i.GPS_Process)
    GetData                                  0x08001de1   Thumb Code    20  gps.o(i.GetData)
    HAL_DMA_Abort                            0x08001dfd   Thumb Code    70  stm32f1xx_hal_dma.o(i.HAL_DMA_Abort)
    HAL_DMA_Abort_IT                         0x08001e45   Thumb Code   148  stm32f1xx_hal_dma.o(i.HAL_DMA_Abort_IT)
    HAL_DMA_IRQHandler                       0x08001edd   Thumb Code   316  stm32f1xx_hal_dma.o(i.HAL_DMA_IRQHandler)
    HAL_DMA_Init                             0x08002031   Thumb Code    84  stm32f1xx_hal_dma.o(i.HAL_DMA_Init)
    HAL_DMA_Start_IT                         0x0800208d   Thumb Code   112  stm32f1xx_hal_dma.o(i.HAL_DMA_Start_IT)
    HAL_Delay                                0x080020fd   Thumb Code    32  stm32f1xx_hal.o(i.HAL_Delay)
    HAL_GPIO_Init                            0x08002121   Thumb Code   446  stm32f1xx_hal_gpio.o(i.HAL_GPIO_Init)
    HAL_GPIO_WritePin                        0x08002301   Thumb Code    10  stm32f1xx_hal_gpio.o(i.HAL_GPIO_WritePin)
    HAL_GetTick                              0x0800230d   Thumb Code     6  stm32f1xx_hal.o(i.HAL_GetTick)
    HAL_I2C_Init                             0x08002319   Thumb Code   376  stm32f1xx_hal_i2c.o(i.HAL_I2C_Init)
    HAL_I2C_Master_Transmit                  0x080024a1   Thumb Code   290  stm32f1xx_hal_i2c.o(i.HAL_I2C_Master_Transmit)
    HAL_I2C_Mem_Read                         0x080025cd   Thumb Code   574  stm32f1xx_hal_i2c.o(i.HAL_I2C_Mem_Read)
    HAL_I2C_Mem_Write                        0x0800281d   Thumb Code   294  stm32f1xx_hal_i2c.o(i.HAL_I2C_Mem_Write)
    HAL_I2C_MspInit                          0x0800294d   Thumb Code    82  stm32f1xx_hal_msp.o(i.HAL_I2C_MspInit)
    HAL_IncTick                              0x080029ad   Thumb Code    12  stm32f1xx_hal.o(i.HAL_IncTick)
    HAL_Init                                 0x080029bd   Thumb Code    32  stm32f1xx_hal.o(i.HAL_Init)
    HAL_InitTick                             0x080029e1   Thumb Code    54  stm32f1xx_hal.o(i.HAL_InitTick)
    HAL_MspInit                              0x08002a21   Thumb Code    52  stm32f1xx_hal_msp.o(i.HAL_MspInit)
    HAL_NVIC_EnableIRQ                       0x08002a5d   Thumb Code    26  stm32f1xx_hal_cortex.o(i.HAL_NVIC_EnableIRQ)
    HAL_NVIC_SetPriority                     0x08002a79   Thumb Code    60  stm32f1xx_hal_cortex.o(i.HAL_NVIC_SetPriority)
    HAL_NVIC_SetPriorityGrouping             0x08002ab9   Thumb Code    26  stm32f1xx_hal_cortex.o(i.HAL_NVIC_SetPriorityGrouping)
    HAL_RCC_ClockConfig                      0x08002add   Thumb Code   280  stm32f1xx_hal_rcc.o(i.HAL_RCC_ClockConfig)
    HAL_RCC_GetPCLK1Freq                     0x08002c09   Thumb Code    20  stm32f1xx_hal_rcc.o(i.HAL_RCC_GetPCLK1Freq)
    HAL_RCC_GetPCLK2Freq                     0x08002c29   Thumb Code    20  stm32f1xx_hal_rcc.o(i.HAL_RCC_GetPCLK2Freq)
    HAL_RCC_GetSysClockFreq                  0x08002c49   Thumb Code    74  stm32f1xx_hal_rcc.o(i.HAL_RCC_GetSysClockFreq)
    HAL_RCC_OscConfig                        0x08002cb5   Thumb Code   778  stm32f1xx_hal_rcc.o(i.HAL_RCC_OscConfig)
    HAL_SYSTICK_Config                       0x08002fd5   Thumb Code    40  stm32f1xx_hal_cortex.o(i.HAL_SYSTICK_Config)
    HAL_UARTEx_RxEventCallback               0x08002ffd   Thumb Code     2  stm32f1xx_hal_uart.o(i.HAL_UARTEx_RxEventCallback)
    HAL_UART_ErrorCallback                   0x08002fff   Thumb Code     2  stm32f1xx_hal_uart.o(i.HAL_UART_ErrorCallback)
    HAL_UART_IRQHandler                      0x08003001   Thumb Code   520  stm32f1xx_hal_uart.o(i.HAL_UART_IRQHandler)
    HAL_UART_Init                            0x0800320d   Thumb Code    98  stm32f1xx_hal_uart.o(i.HAL_UART_Init)
    HAL_UART_MspInit                         0x08003271   Thumb Code   238  stm32f1xx_hal_msp.o(i.HAL_UART_MspInit)
    HAL_UART_Receive_DMA                     0x08003379   Thumb Code    42  stm32f1xx_hal_uart.o(i.HAL_UART_Receive_DMA)
    HAL_UART_RxCpltCallback                  0x080033a5   Thumb Code    12  main.o(i.HAL_UART_RxCpltCallback)
    HAL_UART_RxHalfCpltCallback              0x080033b5   Thumb Code     2  stm32f1xx_hal_uart.o(i.HAL_UART_RxHalfCpltCallback)
    HAL_UART_Transmit_IT                     0x080033b7   Thumb Code    62  stm32f1xx_hal_uart.o(i.HAL_UART_Transmit_IT)
    HAL_UART_TxCpltCallback                  0x080033f5   Thumb Code     2  main.o(i.HAL_UART_TxCpltCallback)
    HMC5883L_Enabled                         0x080033f7   Thumb Code    22  hmc5883l.o(i.HMC5883L_Enabled)
    HMC5883L_readNormalize                   0x0800340d   Thumb Code   168  hmc5883l.o(i.HMC5883L_readNormalize)
    HMC5883L_readRegister16                  0x080034c5   Thumb Code    38  hmc5883l.o(i.HMC5883L_readRegister16)
    HMC5883L_readRegister8                   0x080034f1   Thumb Code    34  hmc5883l.o(i.HMC5883L_readRegister8)
    HMC5883L_setDataRate                     0x08003519   Thumb Code    30  hmc5883l.o(i.HMC5883L_setDataRate)
    HMC5883L_setMeasurementMode              0x08003537   Thumb Code    26  hmc5883l.o(i.HMC5883L_setMeasurementMode)
    HMC5883L_setOffset                       0x08003551   Thumb Code    22  hmc5883l.o(i.HMC5883L_setOffset)
    HMC5883L_setRange                        0x0800356d   Thumb Code    60  hmc5883l.o(i.HMC5883L_setRange)
    HMC5883L_setSamples                      0x080035cd   Thumb Code    30  hmc5883l.o(i.HMC5883L_setSamples)
    HMC5883L_writeRegister8                  0x080035ed   Thumb Code    38  hmc5883l.o(i.HMC5883L_writeRegister8)
    HardFault_Handler                        0x08003619   Thumb Code     2  stm32f1xx_it.o(i.HardFault_Handler)
    Magnetic_Init                            0x08003af5   Thumb Code    56  main.o(i.Magnetic_Init)
    MemManage_Handler                        0x08003b31   Thumb Code     2  stm32f1xx_it.o(i.MemManage_Handler)
    NMI_Handler                              0x08003b33   Thumb Code     2  stm32f1xx_it.o(i.NMI_Handler)
    PendSV_Handler                           0x08003b35   Thumb Code     2  stm32f1xx_it.o(i.PendSV_Handler)
    SVC_Handler                              0x08003b37   Thumb Code     2  stm32f1xx_it.o(i.SVC_Handler)
    SendCommand                              0x08003b39   Thumb Code    26  hmc5883l.o(i.SendCommand)
    SysTick_Handler                          0x08003b5d   Thumb Code     4  stm32f1xx_it.o(i.SysTick_Handler)
    SystemClock_Config                       0x08003b61   Thumb Code    80  main.o(i.SystemClock_Config)
    SystemInit                               0x08003bb1   Thumb Code     2  system_stm32f1xx.o(i.SystemInit)
    TxDataTerminal                           0x08003bb5   Thumb Code    12  gps.o(i.TxDataTerminal)
    UART_Start_Receive_DMA                   0x08003e49   Thumb Code    98  stm32f1xx_hal_uart.o(i.UART_Start_Receive_DMA)
    USART1_IRQHandler                        0x08003eb9   Thumb Code     6  stm32f1xx_it.o(i.USART1_IRQHandler)
    USART2_IRQHandler                        0x08003ec5   Thumb Code     6  stm32f1xx_it.o(i.USART2_IRQHandler)
    UsageFault_Handler                       0x08003ed1   Thumb Code     2  stm32f1xx_it.o(i.UsageFault_Handler)
    __mathlib_dbl_invalid                    0x08003ef3   Thumb Code    12  dunder.o(i.__mathlib_dbl_invalid)
    __mathlib_dbl_overflow                   0x08003eff   Thumb Code    14  dunder.o(i.__mathlib_dbl_overflow)
    __mathlib_dbl_underflow                  0x08003f0d   Thumb Code    10  dunder.o(i.__mathlib_dbl_underflow)
    __mathlib_narrow                         0x08003f1d   Thumb Code    16  narrow.o(i.__mathlib_narrow)
    __mathlib_tofloat                        0x08003f2d   Thumb Code   184  narrow.o(i.__mathlib_tofloat)
    __support_ldexp                          0x08003fe9   Thumb Code    22  ldexp.o(i.__support_ldexp)
    _is_digit                                0x08003fff   Thumb Code    14  __printf_wp.o(i._is_digit)
    convertDegMinToDecDeg                    0x0800400d   Thumb Code    72  gps.o(i.convertDegMinToDecDeg)
    fmod                                     0x08004061   Thumb Code   144  fmod.o(i.fmod)
    frexp                                    0x080040f5   Thumb Code    80  frexp.o(i.frexp)
    ldexp                                    0x0800414d   Thumb Code   116  ldexp.o(i.ldexp)
    main                                     0x080041c1   Thumb Code   170  main.o(i.main)
    sqrt                                     0x08004285   Thumb Code    76  sqrt.o(i.sqrt)
    _get_lc_numeric                          0x080042d1   Thumb Code    44  lc_numeric_c.o(locale$$code)
    _get_lc_ctype                            0x080042fd   Thumb Code    44  lc_ctype_c.o(locale$$code)
    __aeabi_d2f                              0x08004329   Thumb Code     0  d2f.o(x$fpl$d2f)
    _d2f                                     0x08004329   Thumb Code    98  d2f.o(x$fpl$d2f)
    __aeabi_dadd                             0x0800438d   Thumb Code     0  daddsub_clz.o(x$fpl$dadd)
    _dadd                                    0x0800438d   Thumb Code   332  daddsub_clz.o(x$fpl$dadd)
    __fpl_dcheck_NaN1                        0x080044dd   Thumb Code    10  dcheck1.o(x$fpl$dcheck1)
    __fpl_dcmp_Inf                           0x080044ed   Thumb Code    24  dcmpi.o(x$fpl$dcmpinf)
    __aeabi_ddiv                             0x08004505   Thumb Code     0  ddiv.o(x$fpl$ddiv)
    _ddiv                                    0x08004505   Thumb Code   552  ddiv.o(x$fpl$ddiv)
    __aeabi_cdcmpeq                          0x080047b5   Thumb Code     0  deqf.o(x$fpl$deqf)
    _dcmpeq                                  0x080047b5   Thumb Code   120  deqf.o(x$fpl$deqf)
    __aeabi_cdcmple                          0x0800482d   Thumb Code     0  dleqf.o(x$fpl$dleqf)
    _dcmple                                  0x0800482d   Thumb Code   120  dleqf.o(x$fpl$dleqf)
    __fpl_dcmple_InfNaN                      0x0800488f   Thumb Code     0  dleqf.o(x$fpl$dleqf)
    __fpl_dnaninf                            0x080048a5   Thumb Code   156  dnaninf.o(x$fpl$dnaninf)
    _drem                                    0x08004941   Thumb Code   328  drem_clz.o(x$fpl$drem)
    __fpl_dretinf                            0x08004a91   Thumb Code    12  dretinf.o(x$fpl$dretinf)
    __aeabi_cdrcmple                         0x08004a9d   Thumb Code     0  drleqf.o(x$fpl$drleqf)
    _drcmple                                 0x08004a9d   Thumb Code   108  drleqf.o(x$fpl$drleqf)
    __aeabi_drsub                            0x08004b09   Thumb Code     0  daddsub_clz.o(x$fpl$drsb)
    _drsb                                    0x08004b09   Thumb Code    22  daddsub_clz.o(x$fpl$drsb)
    _dsqrt                                   0x08004b21   Thumb Code   456  dsqrt_noumaal.o(x$fpl$dsqrt)
    __aeabi_dsub                             0x08004ced   Thumb Code     0  daddsub_clz.o(x$fpl$dsub)
    _dsub                                    0x08004ced   Thumb Code   464  daddsub_clz.o(x$fpl$dsub)
    __aeabi_f2d                              0x08004ec1   Thumb Code     0  f2d.o(x$fpl$f2d)
    _f2d                                     0x08004ec1   Thumb Code    86  f2d.o(x$fpl$f2d)
    __aeabi_fadd                             0x08004f19   Thumb Code     0  faddsub_clz.o(x$fpl$fadd)
    _fadd                                    0x08004f19   Thumb Code   196  faddsub_clz.o(x$fpl$fadd)
    __aeabi_fdiv                             0x08004fdd   Thumb Code     0  fdiv.o(x$fpl$fdiv)
    _fdiv                                    0x08004fdd   Thumb Code   384  fdiv.o(x$fpl$fdiv)
    __aeabi_f2iz                             0x08005161   Thumb Code     0  ffix.o(x$fpl$ffix)
    _ffix                                    0x08005161   Thumb Code    54  ffix.o(x$fpl$ffix)
    __aeabi_i2f                              0x08005199   Thumb Code     0  fflt_clz.o(x$fpl$fflt)
    _fflt                                    0x08005199   Thumb Code    48  fflt_clz.o(x$fpl$fflt)
    __aeabi_fmul                             0x080051c9   Thumb Code     0  fmul.o(x$fpl$fmul)
    _fmul                                    0x080051c9   Thumb Code   258  fmul.o(x$fpl$fmul)
    __fpl_fnaninf                            0x080052cb   Thumb Code   140  fnaninf.o(x$fpl$fnaninf)
    __fpl_fretinf                            0x08005357   Thumb Code    10  fretinf.o(x$fpl$fretinf)
    __aeabi_fsub                             0x08005361   Thumb Code     0  faddsub_clz.o(x$fpl$fsub)
    _fsub                                    0x08005361   Thumb Code   234  faddsub_clz.o(x$fpl$fsub)
    __ieee_status                            0x0800544b   Thumb Code     6  istatus.o(x$fpl$ieeestatus)
    __fpl_return_NaN                         0x08005451   Thumb Code   100  retnan.o(x$fpl$retnan)
    __ARM_scalbn                             0x080054b5   Thumb Code    92  scalbn.o(x$fpl$scalbn)
    _scanf_real                              0x08005511   Thumb Code     4  scanf1.o(x$fpl$scanf1)
    _scanf_hex_real                          0x08005515   Thumb Code     4  scanf2.o(x$fpl$scanf2)
    _scanf_infnan                            0x08005519   Thumb Code     4  scanf2.o(x$fpl$scanf2)
    __fpl_cmpreturn                          0x0800551d   Thumb Code    48  trapv.o(x$fpl$trapveneer)
    AHBPrescTable                            0x0800554c   Data          16  system_stm32f1xx.o(.constdata)
    __I$use$fp                               0x0800554c   Number         0  usenofp.o(x$fpl$usenofp)
    APBPrescTable                            0x0800555c   Data           8  system_stm32f1xx.o(.constdata)
    Region$$Table$$Base                      0x08005644   Number         0  anon$$obj.o(Region$$Table)
    Region$$Table$$Limit                     0x08005664   Number         0  anon$$obj.o(Region$$Table)
    __aeabi_HUGE_VAL                         0x08005664   Data           0  fpconst.o(c$$dinf)
    __aeabi_HUGE_VALL                        0x08005664   Data           0  fpconst.o(c$$dinf)
    __aeabi_INFINITY                         0x08005664   Data           0  fpconst.o(c$$dinf)
    __dInf                                   0x08005664   Data           0  fpconst.o(c$$dinf)
    __huge_val                               0x08005664   Data           0  fpconst.o(c$$dinf)
    __dbl_max                                0x0800566c   Data           0  fpconst.o(c$$dmax)
    __ctype                                  0x0800569d   Data           0  lc_ctype_c.o(locale$$data)
    i2c_tx                                   0x20000000   Data           2  hmc5883l.o(.data)
    mgPerDigit                               0x20000004   Data           4  hmc5883l.o(.data)
    xOffset                                  0x20000008   Data           4  hmc5883l.o(.data)
    yOffset                                  0x2000000c   Data           4  hmc5883l.o(.data)
    UTC_Hour_Fix                             0x20000010   Data           1  gps.o(.data)
    uwTickFreq                               0x20000014   Data           1  stm32f1xx_hal.o(.data)
    uwTickPrio                               0x20000018   Data           4  stm32f1xx_hal.o(.data)
    uwTick                                   0x2000001c   Data           4  stm32f1xx_hal.o(.data)
    SystemCoreClock                          0x20000020   Data           4  system_stm32f1xx.o(.data)
    v                                        0x20000024   Data          44  hmc5883l.o(.bss)
    GPS                                      0x20000050   Data         592  gps.o(.bss)
    buffer                                   0x200002a0   Data         128  main.o(.bss)
    hi2c2                                    0x20000320   Data          84  main.o(.bss)
    huart1                                   0x20000374   Data          68  main.o(.bss)
    huart2                                   0x200003b8   Data          68  main.o(.bss)
    hdma_usart2_rx                           0x200003fc   Data          68  main.o(.bss)
    __libspace_start                         0x20000440   Data          96  libspace.o(.bss)
    __temporary_stack_top$libspace           0x200004a0   Data           0  libspace.o(.bss)



==============================================================================

Memory Map of the image

  Image Entry point : 0x080000ed

  Load Region LR_IROM1 (Base: 0x08000000, Size: 0x000057c4, Max: 0x00010000, ABSOLUTE)

    Execution Region ER_IROM1 (Exec base: 0x08000000, Load base: 0x08000000, Size: 0x000057a0, Max: 0x00010000, ABSOLUTE)

    Exec Addr    Load Addr    Size         Type   Attr      Idx    E Section Name        Object

    0x08000000   0x08000000   0x000000ec   Data   RO            3    RESET               startup_stm32f103xb.o
    0x080000ec   0x080000ec   0x00000008   Code   RO         2469  * !!!main             c_w.l(__main.o)
    0x080000f4   0x080000f4   0x00000034   Code   RO         2848    !!!scatter          c_w.l(__scatter.o)
    0x08000128   0x08000128   0x0000001a   Code   RO         2850    !!handler_copy      c_w.l(__scatter_copy.o)
    0x08000142   0x08000142   0x00000002   PAD
    0x08000144   0x08000144   0x0000001c   Code   RO         2852    !!handler_zi        c_w.l(__scatter_zi.o)
    0x08000160   0x08000160   0x00000002   Code   RO         2687    .ARM.Collect$$libinit$$00000000  c_w.l(libinit.o)
    0x08000162   0x08000162   0x00000000   Code   RO         2689    .ARM.Collect$$libinit$$00000002  c_w.l(libinit2.o)
    0x08000162   0x08000162   0x00000000   Code   RO         2691    .ARM.Collect$$libinit$$00000004  c_w.l(libinit2.o)
    0x08000162   0x08000162   0x00000000   Code   RO         2694    .ARM.Collect$$libinit$$0000000A  c_w.l(libinit2.o)
    0x08000162   0x08000162   0x00000000   Code   RO         2696    .ARM.Collect$$libinit$$0000000C  c_w.l(libinit2.o)
    0x08000162   0x08000162   0x00000000   Code   RO         2698    .ARM.Collect$$libinit$$0000000E  c_w.l(libinit2.o)
    0x08000162   0x08000162   0x00000006   Code   RO         2699    .ARM.Collect$$libinit$$0000000F  c_w.l(libinit2.o)
    0x08000168   0x08000168   0x00000000   Code   RO         2701    .ARM.Collect$$libinit$$00000011  c_w.l(libinit2.o)
    0x08000168   0x08000168   0x0000000c   Code   RO         2702    .ARM.Collect$$libinit$$00000012  c_w.l(libinit2.o)
    0x08000174   0x08000174   0x00000000   Code   RO         2703    .ARM.Collect$$libinit$$00000013  c_w.l(libinit2.o)
    0x08000174   0x08000174   0x00000000   Code   RO         2705    .ARM.Collect$$libinit$$00000015  c_w.l(libinit2.o)
    0x08000174   0x08000174   0x0000000a   Code   RO         2706    .ARM.Collect$$libinit$$00000016  c_w.l(libinit2.o)
    0x0800017e   0x0800017e   0x00000000   Code   RO         2707    .ARM.Collect$$libinit$$00000017  c_w.l(libinit2.o)
    0x0800017e   0x0800017e   0x00000000   Code   RO         2709    .ARM.Collect$$libinit$$00000019  c_w.l(libinit2.o)
    0x0800017e   0x0800017e   0x00000000   Code   RO         2711    .ARM.Collect$$libinit$$0000001B  c_w.l(libinit2.o)
    0x0800017e   0x0800017e   0x00000000   Code   RO         2713    .ARM.Collect$$libinit$$0000001D  c_w.l(libinit2.o)
    0x0800017e   0x0800017e   0x00000000   Code   RO         2715    .ARM.Collect$$libinit$$0000001F  c_w.l(libinit2.o)
    0x0800017e   0x0800017e   0x00000000   Code   RO         2717    .ARM.Collect$$libinit$$00000021  c_w.l(libinit2.o)
    0x0800017e   0x0800017e   0x00000000   Code   RO         2719    .ARM.Collect$$libinit$$00000023  c_w.l(libinit2.o)
    0x0800017e   0x0800017e   0x00000000   Code   RO         2721    .ARM.Collect$$libinit$$00000025  c_w.l(libinit2.o)
    0x0800017e   0x0800017e   0x00000000   Code   RO         2725    .ARM.Collect$$libinit$$0000002C  c_w.l(libinit2.o)
    0x0800017e   0x0800017e   0x00000000   Code   RO         2727    .ARM.Collect$$libinit$$0000002E  c_w.l(libinit2.o)
    0x0800017e   0x0800017e   0x00000000   Code   RO         2729    .ARM.Collect$$libinit$$00000030  c_w.l(libinit2.o)
    0x0800017e   0x0800017e   0x00000000   Code   RO         2731    .ARM.Collect$$libinit$$00000032  c_w.l(libinit2.o)
    0x0800017e   0x0800017e   0x00000002   Code   RO         2732    .ARM.Collect$$libinit$$00000033  c_w.l(libinit2.o)
    0x08000180   0x08000180   0x00000002   Code   RO         2794    .ARM.Collect$$libshutdown$$00000000  c_w.l(libshutdown.o)
    0x08000182   0x08000182   0x00000000   Code   RO         2805    .ARM.Collect$$libshutdown$$00000002  c_w.l(libshutdown2.o)
    0x08000182   0x08000182   0x00000000   Code   RO         2807    .ARM.Collect$$libshutdown$$00000004  c_w.l(libshutdown2.o)
    0x08000182   0x08000182   0x00000000   Code   RO         2809    .ARM.Collect$$libshutdown$$00000006  c_w.l(libshutdown2.o)
    0x08000182   0x08000182   0x00000000   Code   RO         2812    .ARM.Collect$$libshutdown$$00000009  c_w.l(libshutdown2.o)
    0x08000182   0x08000182   0x00000000   Code   RO         2815    .ARM.Collect$$libshutdown$$0000000C  c_w.l(libshutdown2.o)
    0x08000182   0x08000182   0x00000000   Code   RO         2817    .ARM.Collect$$libshutdown$$0000000E  c_w.l(libshutdown2.o)
    0x08000182   0x08000182   0x00000000   Code   RO         2820    .ARM.Collect$$libshutdown$$00000011  c_w.l(libshutdown2.o)
    0x08000182   0x08000182   0x00000002   Code   RO         2821    .ARM.Collect$$libshutdown$$00000012  c_w.l(libshutdown2.o)
    0x08000184   0x08000184   0x00000000   Code   RO         2527    .ARM.Collect$$rtentry$$00000000  c_w.l(__rtentry.o)
    0x08000184   0x08000184   0x00000000   Code   RO         2579    .ARM.Collect$$rtentry$$00000002  c_w.l(__rtentry2.o)
    0x08000184   0x08000184   0x00000006   Code   RO         2591    .ARM.Collect$$rtentry$$00000004  c_w.l(__rtentry4.o)
    0x0800018a   0x0800018a   0x00000000   Code   RO         2581    .ARM.Collect$$rtentry$$00000009  c_w.l(__rtentry2.o)
    0x0800018a   0x0800018a   0x00000004   Code   RO         2582    .ARM.Collect$$rtentry$$0000000A  c_w.l(__rtentry2.o)
    0x0800018e   0x0800018e   0x00000000   Code   RO         2584    .ARM.Collect$$rtentry$$0000000C  c_w.l(__rtentry2.o)
    0x0800018e   0x0800018e   0x00000008   Code   RO         2585    .ARM.Collect$$rtentry$$0000000D  c_w.l(__rtentry2.o)
    0x08000196   0x08000196   0x00000002   Code   RO         2743    .ARM.Collect$$rtexit$$00000000  c_w.l(rtexit.o)
    0x08000198   0x08000198   0x00000000   Code   RO         2769    .ARM.Collect$$rtexit$$00000002  c_w.l(rtexit2.o)
    0x08000198   0x08000198   0x00000004   Code   RO         2770    .ARM.Collect$$rtexit$$00000003  c_w.l(rtexit2.o)
    0x0800019c   0x0800019c   0x00000006   Code   RO         2771    .ARM.Collect$$rtexit$$00000004  c_w.l(rtexit2.o)
    0x080001a2   0x080001a2   0x00000002   PAD
    0x080001a4   0x080001a4   0x00000040   Code   RO            4    .text               startup_stm32f103xb.o
    0x080001e4   0x080001e4   0x0000003c   Code   RO         2453    .text               c_w.l(__0sscanf.o)
    0x08000220   0x08000220   0x0000014c   Code   RO         2455    .text               c_w.l(_scanf_int.o)
    0x0800036c   0x0800036c   0x000000e0   Code   RO         2457    .text               c_w.l(_scanf_str.o)
    0x0800044c   0x0800044c   0x00000024   Code   RO         2459    .text               c_w.l(strstr.o)
    0x08000470   0x08000470   0x00000064   Code   RO         2463    .text               c_w.l(rt_memcpy_w.o)
    0x080004d4   0x080004d4   0x0000004e   Code   RO         2465    .text               c_w.l(rt_memclr_w.o)
    0x08000522   0x08000522   0x00000006   Code   RO         2467    .text               c_w.l(heapauxi.o)
    0x08000528   0x08000528   0x00000016   Code   RO         2528    .text               c_w.l(_rserrno.o)
    0x0800053e   0x0800053e   0x0000001c   Code   RO         2541    .text               c_w.l(_chval.o)
    0x0800055a   0x0800055a   0x00000002   PAD
    0x0800055c   0x0800055c   0x000004f8   Code   RO         2543    .text               c_w.l(scanf_fp.o)
    0x08000a54   0x08000a54   0x0000002c   Code   RO         2545    .text               c_w.l(scanf_char.o)
    0x08000a80   0x08000a80   0x00000040   Code   RO         2547    .text               c_w.l(_sgetc.o)
    0x08000ac0   0x08000ac0   0x00000008   Code   RO         2596    .text               c_w.l(rt_locale_intlibspace.o)
    0x08000ac8   0x08000ac8   0x00000008   Code   RO         2601    .text               c_w.l(rt_errno_addr_intlibspace.o)
    0x08000ad0   0x08000ad0   0x00000012   Code   RO         2605    .text               c_w.l(isspace.o)
    0x08000ae2   0x08000ae2   0x00000002   PAD
    0x08000ae4   0x08000ae4   0x00000374   Code   RO         2611    .text               c_w.l(_scanf.o)
    0x08000e58   0x08000e58   0x000000e4   Code   RO         2613    .text               c_w.l(bigflt0.o)
    0x08000f3c   0x08000f3c   0x00000008   Code   RO         2667    .text               c_w.l(libspace.o)
    0x08000f44   0x08000f44   0x0000004a   Code   RO         2670    .text               c_w.l(sys_stackheap_outer.o)
    0x08000f8e   0x08000f8e   0x00000002   PAD
    0x08000f90   0x08000f90   0x00000010   Code   RO         2672    .text               c_w.l(rt_ctype_table.o)
    0x08000fa0   0x08000fa0   0x00000320   Code   RO         2674    .text               c_w.l(scanf_hexfp.o)
    0x080012c0   0x080012c0   0x00000134   Code   RO         2676    .text               c_w.l(scanf_infnan.o)
    0x080013f4   0x080013f4   0x00000012   Code   RO         2678    .text               c_w.l(exit.o)
    0x08001406   0x08001406   0x00000002   PAD
    0x08001408   0x08001408   0x00000080   Code   RO         2680    .text               c_w.l(strcmpv7m.o)
    0x08001488   0x08001488   0x00000026   Code   RO         2745    .text               c_w.l(llshl.o)
    0x080014ae   0x080014ae   0x00000002   PAD
    0x080014b0   0x080014b0   0x0000000c   Code   RO         2784    .text               c_w.l(sys_exit.o)
    0x080014bc   0x080014bc   0x00000002   Code   RO         2795    .text               c_w.l(use_no_semi.o)
    0x080014be   0x080014be   0x00000000   Code   RO         2797    .text               c_w.l(indicate_semi.o)
    0x080014be   0x080014be   0x00000338   Code   RO         2626    CL$$btod_div_common  c_w.l(btod.o)
    0x080017f6   0x080017f6   0x00000002   PAD
    0x080017f8   0x080017f8   0x00000084   Code   RO         2624    CL$$btod_e2d        c_w.l(btod.o)
    0x0800187c   0x0800187c   0x000000dc   Code   RO         2623    CL$$btod_e2e        c_w.l(btod.o)
    0x08001958   0x08001958   0x0000002a   Code   RO         2620    CL$$btod_ediv       c_w.l(btod.o)
    0x08001982   0x08001982   0x0000002a   Code   RO         2622    CL$$btod_edivd      c_w.l(btod.o)
    0x080019ac   0x080019ac   0x0000002a   Code   RO         2619    CL$$btod_emul       c_w.l(btod.o)
    0x080019d6   0x080019d6   0x0000002a   Code   RO         2621    CL$$btod_emuld      c_w.l(btod.o)
    0x08001a00   0x08001a00   0x00000244   Code   RO         2625    CL$$btod_mult_common  c_w.l(btod.o)
    0x08001c44   0x08001c44   0x00000002   Code   RO          402    i.BusFault_Handler  stm32f1xx_it.o
    0x08001c46   0x08001c46   0x00000002   PAD
    0x08001c48   0x08001c48   0x0000000c   Code   RO          403    i.DMA1_Channel6_IRQHandler  stm32f1xx_it.o
    0x08001c54   0x08001c54   0x0000002a   Code   RO         1391    i.DMA_SetConfig     stm32f1xx_hal_dma.o
    0x08001c7e   0x08001c7e   0x00000002   Code   RO          404    i.DebugMon_Handler  stm32f1xx_it.o
    0x08001c80   0x08001c80   0x00000004   Code   RO          302    i.Error_Handler     main.o
    0x08001c84   0x08001c84   0x0000004c   Code   RO          226    i.GPS_CallBack      gps.o
    0x08001cd0   0x08001cd0   0x00000110   Code   RO          227    i.GPS_Process       gps.o
    0x08001de0   0x08001de0   0x0000001c   Code   RO          228    i.GetData           gps.o
    0x08001dfc   0x08001dfc   0x00000046   Code   RO         1392    i.HAL_DMA_Abort     stm32f1xx_hal_dma.o
    0x08001e42   0x08001e42   0x00000002   PAD
    0x08001e44   0x08001e44   0x00000098   Code   RO         1393    i.HAL_DMA_Abort_IT  stm32f1xx_hal_dma.o
    0x08001edc   0x08001edc   0x00000154   Code   RO         1397    i.HAL_DMA_IRQHandler  stm32f1xx_hal_dma.o
    0x08002030   0x08002030   0x0000005c   Code   RO         1398    i.HAL_DMA_Init      stm32f1xx_hal_dma.o
    0x0800208c   0x0800208c   0x00000070   Code   RO         1402    i.HAL_DMA_Start_IT  stm32f1xx_hal_dma.o
    0x080020fc   0x080020fc   0x00000024   Code   RO         1020    i.HAL_Delay         stm32f1xx_hal.o
    0x08002120   0x08002120   0x000001e0   Code   RO         1328    i.HAL_GPIO_Init     stm32f1xx_hal_gpio.o
    0x08002300   0x08002300   0x0000000a   Code   RO         1332    i.HAL_GPIO_WritePin  stm32f1xx_hal_gpio.o
    0x0800230a   0x0800230a   0x00000002   PAD
    0x0800230c   0x0800230c   0x0000000c   Code   RO         1024    i.HAL_GetTick       stm32f1xx_hal.o
    0x08002318   0x08002318   0x00000188   Code   RO          592    i.HAL_I2C_Init      stm32f1xx_hal_i2c.o
    0x080024a0   0x080024a0   0x0000012c   Code   RO          605    i.HAL_I2C_Master_Transmit  stm32f1xx_hal_i2c.o
    0x080025cc   0x080025cc   0x00000250   Code   RO          610    i.HAL_I2C_Mem_Read  stm32f1xx_hal_i2c.o
    0x0800281c   0x0800281c   0x00000130   Code   RO          613    i.HAL_I2C_Mem_Write  stm32f1xx_hal_i2c.o
    0x0800294c   0x0800294c   0x00000060   Code   RO          497    i.HAL_I2C_MspInit   stm32f1xx_hal_msp.o
    0x080029ac   0x080029ac   0x00000010   Code   RO         1030    i.HAL_IncTick       stm32f1xx_hal.o
    0x080029bc   0x080029bc   0x00000024   Code   RO         1031    i.HAL_Init          stm32f1xx_hal.o
    0x080029e0   0x080029e0   0x00000040   Code   RO         1032    i.HAL_InitTick      stm32f1xx_hal.o
    0x08002a20   0x08002a20   0x0000003c   Code   RO          498    i.HAL_MspInit       stm32f1xx_hal_msp.o
    0x08002a5c   0x08002a5c   0x0000001a   Code   RO         1488    i.HAL_NVIC_EnableIRQ  stm32f1xx_hal_cortex.o
    0x08002a76   0x08002a76   0x00000002   PAD
    0x08002a78   0x08002a78   0x00000040   Code   RO         1494    i.HAL_NVIC_SetPriority  stm32f1xx_hal_cortex.o
    0x08002ab8   0x08002ab8   0x00000024   Code   RO         1495    i.HAL_NVIC_SetPriorityGrouping  stm32f1xx_hal_cortex.o
    0x08002adc   0x08002adc   0x0000012c   Code   RO         1188    i.HAL_RCC_ClockConfig  stm32f1xx_hal_rcc.o
    0x08002c08   0x08002c08   0x00000020   Code   RO         1195    i.HAL_RCC_GetPCLK1Freq  stm32f1xx_hal_rcc.o
    0x08002c28   0x08002c28   0x00000020   Code   RO         1196    i.HAL_RCC_GetPCLK2Freq  stm32f1xx_hal_rcc.o
    0x08002c48   0x08002c48   0x0000006c   Code   RO         1197    i.HAL_RCC_GetSysClockFreq  stm32f1xx_hal_rcc.o
    0x08002cb4   0x08002cb4   0x00000320   Code   RO         1200    i.HAL_RCC_OscConfig  stm32f1xx_hal_rcc.o
    0x08002fd4   0x08002fd4   0x00000028   Code   RO         1499    i.HAL_SYSTICK_Config  stm32f1xx_hal_cortex.o
    0x08002ffc   0x08002ffc   0x00000002   Code   RO         2035    i.HAL_UARTEx_RxEventCallback  stm32f1xx_hal_uart.o
    0x08002ffe   0x08002ffe   0x00000002   Code   RO         2049    i.HAL_UART_ErrorCallback  stm32f1xx_hal_uart.o
    0x08003000   0x08003000   0x0000020c   Code   RO         2052    i.HAL_UART_IRQHandler  stm32f1xx_hal_uart.o
    0x0800320c   0x0800320c   0x00000062   Code   RO         2053    i.HAL_UART_Init     stm32f1xx_hal_uart.o
    0x0800326e   0x0800326e   0x00000002   PAD
    0x08003270   0x08003270   0x00000108   Code   RO          500    i.HAL_UART_MspInit  stm32f1xx_hal_msp.o
    0x08003378   0x08003378   0x0000002a   Code   RO         2057    i.HAL_UART_Receive_DMA  stm32f1xx_hal_uart.o
    0x080033a2   0x080033a2   0x00000002   PAD
    0x080033a4   0x080033a4   0x00000010   Code   RO          304    i.HAL_UART_RxCpltCallback  main.o
    0x080033b4   0x080033b4   0x00000002   Code   RO         2060    i.HAL_UART_RxHalfCpltCallback  stm32f1xx_hal_uart.o
    0x080033b6   0x080033b6   0x0000003e   Code   RO         2063    i.HAL_UART_Transmit_IT  stm32f1xx_hal_uart.o
    0x080033f4   0x080033f4   0x00000002   Code   RO          305    i.HAL_UART_TxCpltCallback  main.o
    0x080033f6   0x080033f6   0x00000016   Code   RO           13    i.HMC5883L_Enabled  hmc5883l.o
    0x0800340c   0x0800340c   0x000000b8   Code   RO           19    i.HMC5883L_readNormalize  hmc5883l.o
    0x080034c4   0x080034c4   0x0000002c   Code   RO           21    i.HMC5883L_readRegister16  hmc5883l.o
    0x080034f0   0x080034f0   0x00000028   Code   RO           22    i.HMC5883L_readRegister8  hmc5883l.o
    0x08003518   0x08003518   0x0000001e   Code   RO           23    i.HMC5883L_setDataRate  hmc5883l.o
    0x08003536   0x08003536   0x0000001a   Code   RO           24    i.HMC5883L_setMeasurementMode  hmc5883l.o
    0x08003550   0x08003550   0x0000001c   Code   RO           25    i.HMC5883L_setOffset  hmc5883l.o
    0x0800356c   0x0800356c   0x00000060   Code   RO           26    i.HMC5883L_setRange  hmc5883l.o
    0x080035cc   0x080035cc   0x0000001e   Code   RO           27    i.HMC5883L_setSamples  hmc5883l.o
    0x080035ea   0x080035ea   0x00000002   PAD
    0x080035ec   0x080035ec   0x0000002c   Code   RO           28    i.HMC5883L_writeRegister8  hmc5883l.o
    0x08003618   0x08003618   0x00000002   Code   RO          405    i.HardFault_Handler  stm32f1xx_it.o
    0x0800361a   0x0800361a   0x0000002e   Code   RO          634    i.I2C_IsAcknowledgeFailed  stm32f1xx_hal_i2c.o
    0x08003648   0x08003648   0x0000009c   Code   RO          638    i.I2C_MasterRequestWrite  stm32f1xx_hal_i2c.o
    0x080036e4   0x080036e4   0x000000fc   Code   RO          644    i.I2C_RequestMemoryRead  stm32f1xx_hal_i2c.o
    0x080037e0   0x080037e0   0x000000a8   Code   RO          645    i.I2C_RequestMemoryWrite  stm32f1xx_hal_i2c.o
    0x08003888   0x08003888   0x0000004c   Code   RO          649    i.I2C_WaitOnBTFFlagUntilTimeout  stm32f1xx_hal_i2c.o
    0x080038d4   0x080038d4   0x00000068   Code   RO          650    i.I2C_WaitOnFlagUntilTimeout  stm32f1xx_hal_i2c.o
    0x0800393c   0x0800393c   0x00000096   Code   RO          651    i.I2C_WaitOnMasterAddressFlagUntilTimeout  stm32f1xx_hal_i2c.o
    0x080039d2   0x080039d2   0x00000066   Code   RO          652    i.I2C_WaitOnRXNEFlagUntilTimeout  stm32f1xx_hal_i2c.o
    0x08003a38   0x08003a38   0x0000004c   Code   RO          653    i.I2C_WaitOnTXEFlagUntilTimeout  stm32f1xx_hal_i2c.o
    0x08003a84   0x08003a84   0x00000070   Code   RO          307    i.MX_GPIO_Init      main.o
    0x08003af4   0x08003af4   0x0000003c   Code   RO          308    i.Magnetic_Init     main.o
    0x08003b30   0x08003b30   0x00000002   Code   RO          406    i.MemManage_Handler  stm32f1xx_it.o
    0x08003b32   0x08003b32   0x00000002   Code   RO          407    i.NMI_Handler       stm32f1xx_it.o
    0x08003b34   0x08003b34   0x00000002   Code   RO          408    i.PendSV_Handler    stm32f1xx_it.o
    0x08003b36   0x08003b36   0x00000002   Code   RO          409    i.SVC_Handler       stm32f1xx_it.o
    0x08003b38   0x08003b38   0x00000024   Code   RO           29    i.SendCommand       hmc5883l.o
    0x08003b5c   0x08003b5c   0x00000004   Code   RO          410    i.SysTick_Handler   stm32f1xx_it.o
    0x08003b60   0x08003b60   0x00000050   Code   RO          310    i.SystemClock_Config  main.o
    0x08003bb0   0x08003bb0   0x00000002   Code   RO         2377    i.SystemInit        system_stm32f1xx.o
    0x08003bb2   0x08003bb2   0x00000002   PAD
    0x08003bb4   0x08003bb4   0x00000014   Code   RO          229    i.TxDataTerminal    gps.o
    0x08003bc8   0x08003bc8   0x00000010   Code   RO         2066    i.UART_DMAAbortOnError  stm32f1xx_hal_uart.o
    0x08003bd8   0x08003bd8   0x0000004a   Code   RO         2067    i.UART_DMAError     stm32f1xx_hal_uart.o
    0x08003c22   0x08003c22   0x0000005a   Code   RO         2068    i.UART_DMAReceiveCplt  stm32f1xx_hal_uart.o
    0x08003c7c   0x08003c7c   0x0000001a   Code   RO         2070    i.UART_DMARxHalfCplt  stm32f1xx_hal_uart.o
    0x08003c96   0x08003c96   0x00000030   Code   RO         2075    i.UART_EndRxTransfer  stm32f1xx_hal_uart.o
    0x08003cc6   0x08003cc6   0x00000012   Code   RO         2076    i.UART_EndTxTransfer  stm32f1xx_hal_uart.o
    0x08003cd8   0x08003cd8   0x000000b6   Code   RO         2077    i.UART_Receive_IT   stm32f1xx_hal_uart.o
    0x08003d8e   0x08003d8e   0x00000002   PAD
    0x08003d90   0x08003d90   0x000000b8   Code   RO         2078    i.UART_SetConfig    stm32f1xx_hal_uart.o
    0x08003e48   0x08003e48   0x00000070   Code   RO         2079    i.UART_Start_Receive_DMA  stm32f1xx_hal_uart.o
    0x08003eb8   0x08003eb8   0x0000000c   Code   RO          411    i.USART1_IRQHandler  stm32f1xx_it.o
    0x08003ec4   0x08003ec4   0x0000000c   Code   RO          412    i.USART2_IRQHandler  stm32f1xx_it.o
    0x08003ed0   0x08003ed0   0x00000002   Code   RO          413    i.UsageFault_Handler  stm32f1xx_it.o
    0x08003ed2   0x08003ed2   0x00000020   Code   RO         1501    i.__NVIC_SetPriority  stm32f1xx_hal_cortex.o
    0x08003ef2   0x08003ef2   0x0000000c   Code   RO         2567    i.__mathlib_dbl_invalid  m_ws.l(dunder.o)
    0x08003efe   0x08003efe   0x0000000e   Code   RO         2568    i.__mathlib_dbl_overflow  m_ws.l(dunder.o)
    0x08003f0c   0x08003f0c   0x00000010   Code   RO         2570    i.__mathlib_dbl_underflow  m_ws.l(dunder.o)
    0x08003f1c   0x08003f1c   0x00000010   Code   RO         2661    i.__mathlib_narrow  m_ws.l(narrow.o)
    0x08003f2c   0x08003f2c   0x000000bc   Code   RO         2662    i.__mathlib_tofloat  m_ws.l(narrow.o)
    0x08003fe8   0x08003fe8   0x00000016   Code   RO         2757    i.__support_ldexp   m_ws.l(ldexp.o)
    0x08003ffe   0x08003ffe   0x0000000e   Code   RO         2439    i._is_digit         c_w.l(__printf_wp.o)
    0x0800400c   0x0800400c   0x00000054   Code   RO          230    i.convertDegMinToDecDeg  gps.o
    0x08004060   0x08004060   0x00000094   Code   RO         2512    i.fmod              m_ws.l(fmod.o)
    0x080040f4   0x080040f4   0x00000058   Code   RO         2740    i.frexp             m_ws.l(frexp.o)
    0x0800414c   0x0800414c   0x00000074   Code   RO         2758    i.ldexp             m_ws.l(ldexp.o)
    0x080041c0   0x080041c0   0x000000c4   Code   RO          311    i.main              main.o
    0x08004284   0x08004284   0x0000004c   Code   RO         2520    i.sqrt              m_ws.l(sqrt.o)
    0x080042d0   0x080042d0   0x0000002c   Code   RO         2639    locale$$code        c_w.l(lc_numeric_c.o)
    0x080042fc   0x080042fc   0x0000002c   Code   RO         2748    locale$$code        c_w.l(lc_ctype_c.o)
    0x08004328   0x08004328   0x00000062   Code   RO         2471    x$fpl$d2f           fz_ws.l(d2f.o)
    0x0800438a   0x0800438a   0x00000002   PAD
    0x0800438c   0x0800438c   0x00000150   Code   RO         2473    x$fpl$dadd          fz_ws.l(daddsub_clz.o)
    0x080044dc   0x080044dc   0x00000010   Code   RO         2733    x$fpl$dcheck1       fz_ws.l(dcheck1.o)
    0x080044ec   0x080044ec   0x00000018   Code   RO         2641    x$fpl$dcmpinf       fz_ws.l(dcmpi.o)
    0x08004504   0x08004504   0x000002b0   Code   RO         2480    x$fpl$ddiv          fz_ws.l(ddiv.o)
    0x080047b4   0x080047b4   0x00000078   Code   RO         2735    x$fpl$deqf          fz_ws.l(deqf.o)
    0x0800482c   0x0800482c   0x00000078   Code   RO         2549    x$fpl$dleqf         fz_ws.l(dleqf.o)
    0x080048a4   0x080048a4   0x0000009c   Code   RO         2551    x$fpl$dnaninf       fz_ws.l(dnaninf.o)
    0x08004940   0x08004940   0x00000150   Code   RO         2553    x$fpl$drem          fz_ws.l(drem_clz.o)
    0x08004a90   0x08004a90   0x0000000c   Code   RO         2555    x$fpl$dretinf       fz_ws.l(dretinf.o)
    0x08004a9c   0x08004a9c   0x0000006c   Code   RO         2737    x$fpl$drleqf        fz_ws.l(drleqf.o)
    0x08004b08   0x08004b08   0x00000016   Code   RO         2474    x$fpl$drsb          fz_ws.l(daddsub_clz.o)
    0x08004b1e   0x08004b1e   0x00000002   PAD
    0x08004b20   0x08004b20   0x000001cc   Code   RO         2557    x$fpl$dsqrt         fz_ws.l(dsqrt_noumaal.o)
    0x08004cec   0x08004cec   0x000001d4   Code   RO         2475    x$fpl$dsub          fz_ws.l(daddsub_clz.o)
    0x08004ec0   0x08004ec0   0x00000056   Code   RO         2483    x$fpl$f2d           fz_ws.l(f2d.o)
    0x08004f16   0x08004f16   0x00000002   PAD
    0x08004f18   0x08004f18   0x000000c4   Code   RO         2485    x$fpl$fadd          fz_ws.l(faddsub_clz.o)
    0x08004fdc   0x08004fdc   0x00000184   Code   RO         2492    x$fpl$fdiv          fz_ws.l(fdiv.o)
    0x08005160   0x08005160   0x00000036   Code   RO         2495    x$fpl$ffix          fz_ws.l(ffix.o)
    0x08005196   0x08005196   0x00000002   PAD
    0x08005198   0x08005198   0x00000030   Code   RO         2500    x$fpl$fflt          fz_ws.l(fflt_clz.o)
    0x080051c8   0x080051c8   0x00000102   Code   RO         2505    x$fpl$fmul          fz_ws.l(fmul.o)
    0x080052ca   0x080052ca   0x0000008c   Code   RO         2559    x$fpl$fnaninf       fz_ws.l(fnaninf.o)
    0x08005356   0x08005356   0x0000000a   Code   RO         2561    x$fpl$fretinf       fz_ws.l(fretinf.o)
    0x08005360   0x08005360   0x000000ea   Code   RO         2487    x$fpl$fsub          fz_ws.l(faddsub_clz.o)
    0x0800544a   0x0800544a   0x00000006   Code   RO         2649    x$fpl$ieeestatus    fz_ws.l(istatus.o)
    0x08005450   0x08005450   0x00000064   Code   RO         2754    x$fpl$retnan        fz_ws.l(retnan.o)
    0x080054b4   0x080054b4   0x0000005c   Code   RO         2651    x$fpl$scalbn        fz_ws.l(scalbn.o)
    0x08005510   0x08005510   0x00000004   Code   RO         2509    x$fpl$scanf1        fz_ws.l(scanf1.o)
    0x08005514   0x08005514   0x00000008   Code   RO         2653    x$fpl$scanf2        fz_ws.l(scanf2.o)
    0x0800551c   0x0800551c   0x00000030   Code   RO         2779    x$fpl$trapveneer    fz_ws.l(trapv.o)
    0x0800554c   0x0800554c   0x00000000   Code   RO         2563    x$fpl$usenofp       fz_ws.l(usenofp.o)
    0x0800554c   0x0800554c   0x00000010   Data   RO         2378    .constdata          system_stm32f1xx.o
    0x0800555c   0x0800555c   0x00000008   Data   RO         2379    .constdata          system_stm32f1xx.o
    0x08005564   0x08005564   0x00000094   Data   RO         2614    .constdata          c_w.l(bigflt0.o)
    0x080055f8   0x080055f8   0x00000049   Data   RO          234    .conststring        gps.o
    0x08005641   0x08005641   0x00000003   PAD
    0x08005644   0x08005644   0x00000020   Data   RO         2846    Region$$Table       anon$$obj.o
    0x08005664   0x08005664   0x00000008   Data   RO         2645    c$$dinf             fz_ws.l(fpconst.o)
    0x0800566c   0x0800566c   0x00000008   Data   RO         2648    c$$dmax             fz_ws.l(fpconst.o)
    0x08005674   0x08005674   0x0000001c   Data   RO         2638    locale$$data        c_w.l(lc_numeric_c.o)
    0x08005690   0x08005690   0x00000110   Data   RO         2747    locale$$data        c_w.l(lc_ctype_c.o)


    Execution Region RW_IRAM1 (Exec base: 0x20000000, Load base: 0x080057a0, Size: 0x00000aa0, Max: 0x00005000, ABSOLUTE)

    Exec Addr    Load Addr    Size         Type   Attr      Idx    E Section Name        Object

    0x20000000   0x080057a0   0x00000010   Data   RW           31    .data               hmc5883l.o
    0x20000010   0x080057b0   0x00000001   Data   RW          235    .data               gps.o
    0x20000011   0x080057b1   0x00000003   PAD
    0x20000014   0x080057b4   0x0000000c   Data   RW         1038    .data               stm32f1xx_hal.o
    0x20000020   0x080057c0   0x00000004   Data   RW         2380    .data               system_stm32f1xx.o
    0x20000024        -       0x0000002c   Zero   RW           30    .bss                hmc5883l.o
    0x20000050        -       0x00000250   Zero   RW          233    .bss                gps.o
    0x200002a0        -       0x0000015c   Zero   RW          312    .bss                main.o
    0x200003fc        -       0x00000044   Zero   RW          313    .bss                main.o
    0x20000440        -       0x00000060   Zero   RW         2668    .bss                c_w.l(libspace.o)
    0x200004a0        -       0x00000200   Zero   RW            2    HEAP                startup_stm32f103xb.o
    0x200006a0        -       0x00000400   Zero   RW            1    STACK               startup_stm32f103xb.o


==============================================================================

Image component sizes


      Code (inc. data)   RO Data    RW Data    ZI Data      Debug   Object Name

       480         68         73          1        592       4368   gps.o
       580         94          0         16         44     409957   hmc5883l.o
       470         44          0          0        416       7194   main.o
        64         26        236          0       1536        824   startup_stm32f103xb.o
       164         28          0         12          0       6113   stm32f1xx_hal.o
       198         14          0          0          0      29091   stm32f1xx_hal_cortex.o
       808         36          0          0          0       5170   stm32f1xx_hal_dma.o
       490         34          0          0          0       2964   stm32f1xx_hal_gpio.o
      2718         72          0          0          0      15104   stm32f1xx_hal_i2c.o
       420         48          0          0          0       2588   stm32f1xx_hal_msp.o
      1272        100          0          0          0       5348   stm32f1xx_hal_rcc.o
      1482         24          0          0          0      12113   stm32f1xx_hal_uart.o
        56         18          0          0          0       5501   stm32f1xx_it.o
         2          0         24          4          0       1191   system_stm32f1xx.o

    ----------------------------------------------------------------------
      9222        606        368         36       2588     507526   Object Totals
         0          0         32          0          0          0   (incl. Generated)
        18          0          3          3          0          0   (incl. Padding)

    ----------------------------------------------------------------------

      Code (inc. data)   RO Data    RW Data    ZI Data      Debug   Library Member Name

        60          8          0          0          0         84   __0sscanf.o
         8          0          0          0          0         68   __main.o
        14          0          0          0          0         68   __printf_wp.o
         0          0          0          0          0          0   __rtentry.o
        12          0          0          0          0          0   __rtentry2.o
         6          0          0          0          0          0   __rtentry4.o
        52          8          0          0          0          0   __scatter.o
        26          0          0          0          0          0   __scatter_copy.o
        28          0          0          0          0          0   __scatter_zi.o
        28          0          0          0          0         68   _chval.o
        22          0          0          0          0        100   _rserrno.o
       884          4          0          0          0        100   _scanf.o
       332          0          0          0          0         96   _scanf_int.o
       224          0          0          0          0         96   _scanf_str.o
        64          0          0          0          0         84   _sgetc.o
       228          4        148          0          0         96   bigflt0.o
      1924        136          0          0          0        756   btod.o
        18          0          0          0          0         80   exit.o
         6          0          0          0          0        152   heapauxi.o
         0          0          0          0          0          0   indicate_semi.o
        18          0          0          0          0         76   isspace.o
        44         10        272          0          0         76   lc_ctype_c.o
        44         10         28          0          0         76   lc_numeric_c.o
         2          0          0          0          0          0   libinit.o
        30          0          0          0          0          0   libinit2.o
         2          0          0          0          0          0   libshutdown.o
         2          0          0          0          0          0   libshutdown2.o
         8          4          0          0         96         68   libspace.o
        38          0          0          0          0         68   llshl.o
        16          4          0          0          0         76   rt_ctype_table.o
         8          4          0          0          0         68   rt_errno_addr_intlibspace.o
         8          4          0          0          0         68   rt_locale_intlibspace.o
        78          0          0          0          0         80   rt_memclr_w.o
       100          0          0          0          0         80   rt_memcpy_w.o
         2          0          0          0          0          0   rtexit.o
        10          0          0          0          0          0   rtexit2.o
        44          8          0          0          0         84   scanf_char.o
      1272         16          0          0          0        168   scanf_fp.o
       800         14          0          0          0        100   scanf_hexfp.o
       308         16          0          0          0        100   scanf_infnan.o
       128          0          0          0          0         68   strcmpv7m.o
        36          0          0          0          0         80   strstr.o
        12          4          0          0          0         68   sys_exit.o
        74          0          0          0          0         80   sys_stackheap_outer.o
         2          0          0          0          0         68   use_no_semi.o
        98          4          0          0          0         92   d2f.o
       826         16          0          0          0        348   daddsub_clz.o
        16          4          0          0          0         68   dcheck1.o
        24          0          0          0          0         68   dcmpi.o
       688        140          0          0          0        208   ddiv.o
       120          4          0          0          0         92   deqf.o
       120          4          0          0          0         92   dleqf.o
       156          4          0          0          0         92   dnaninf.o
       336         12          0          0          0         88   drem_clz.o
        12          0          0          0          0         68   dretinf.o
       108          0          0          0          0         80   drleqf.o
       460         56          0          0          0        120   dsqrt_noumaal.o
        86          4          0          0          0         84   f2d.o
       430          8          0          0          0        168   faddsub_clz.o
       388         76          0          0          0         96   fdiv.o
        54          4          0          0          0         84   ffix.o
        48          0          0          0          0         68   fflt_clz.o
       258          4          0          0          0         84   fmul.o
       140          4          0          0          0         84   fnaninf.o
         0          0         16          0          0          0   fpconst.o
        10          0          0          0          0         68   fretinf.o
         6          0          0          0          0         68   istatus.o
       100          0          0          0          0         68   retnan.o
        92          0          0          0          0         68   scalbn.o
         4          0          0          0          0         68   scanf1.o
         8          0          0          0          0         84   scanf2.o
        48          0          0          0          0         68   trapv.o
         0          0          0          0          0          0   usenofp.o
        42          6          0          0          0        204   dunder.o
       148          4          0          0          0         88   fmod.o
        88          8          0          0          0         76   frexp.o
       138          0          0          0          0        160   ldexp.o
       204          4          0          0          0        168   narrow.o
        76          0          0          0          0         84   sqrt.o

    ----------------------------------------------------------------------
     12378        622        464          0         96       6756   Library Totals
        24          2          0          0          0          0   (incl. Padding)

    ----------------------------------------------------------------------

      Code (inc. data)   RO Data    RW Data    ZI Data      Debug   Library Name

      7022        254        448          0         96       3400   c_w.l
      4636        344         16          0          0       2576   fz_ws.l
       696         22          0          0          0        780   m_ws.l

    ----------------------------------------------------------------------
     12378        622        464          0         96       6756   Library Totals

    ----------------------------------------------------------------------

==============================================================================


      Code (inc. data)   RO Data    RW Data    ZI Data      Debug   

     21600       1228        832         36       2684     505958   Grand Totals
     21600       1228        832         36       2684     505958   ELF Image Totals
     21600       1228        832         36          0          0   ROM Totals

==============================================================================

    Total RO  Size (Code + RO Data)                22432 (  21.91kB)
    Total RW  Size (RW Data + ZI Data)              2720 (   2.66kB)
    Total ROM Size (Code + RO Data + RW Data)      22468 (  21.94kB)

==============================================================================

