Component: ARM Compiler 5.06 update 7 (build 960) Tool: armlink [4d3601]

==============================================================================

Section Cross References

    startup_stm32f411xe.o(STACK) refers (Special) to heapauxi.o(.text) for __use_two_region_memory
    startup_stm32f411xe.o(HEAP) refers (Special) to heapauxi.o(.text) for __use_two_region_memory
    startup_stm32f411xe.o(RESET) refers (Special) to heapauxi.o(.text) for __use_two_region_memory
    startup_stm32f411xe.o(RESET) refers to startup_stm32f411xe.o(STACK) for __initial_sp
    startup_stm32f411xe.o(RESET) refers to startup_stm32f411xe.o(.text) for Reset_Handler
    startup_stm32f411xe.o(RESET) refers to stm32f4xx_it.o(i.NMI_Handler) for NMI_Handler
    startup_stm32f411xe.o(RESET) refers to stm32f4xx_it.o(i.HardFault_Handler) for HardFault_Handler
    startup_stm32f411xe.o(RESET) refers to stm32f4xx_it.o(i.MemManage_Handler) for MemManage_Handler
    startup_stm32f411xe.o(RESET) refers to stm32f4xx_it.o(i.BusFault_Handler) for BusFault_Handler
    startup_stm32f411xe.o(RESET) refers to stm32f4xx_it.o(i.UsageFault_Handler) for UsageFault_Handler
    startup_stm32f411xe.o(RESET) refers to stm32f4xx_it.o(i.SVC_Handler) for SVC_Handler
    startup_stm32f411xe.o(RESET) refers to stm32f4xx_it.o(i.DebugMon_Handler) for DebugMon_Handler
    startup_stm32f411xe.o(RESET) refers to stm32f4xx_it.o(i.PendSV_Handler) for PendSV_Handler
    startup_stm32f411xe.o(RESET) refers to stm32f4xx_it.o(i.SysTick_Handler) for SysTick_Handler
    startup_stm32f411xe.o(RESET) refers to stm32f4xx_it.o(i.OTG_FS_IRQHandler) for OTG_FS_IRQHandler
    startup_stm32f411xe.o(.text) refers (Special) to heapauxi.o(.text) for __use_two_region_memory
    startup_stm32f411xe.o(.text) refers to system_stm32f4xx.o(i.SystemInit) for SystemInit
    startup_stm32f411xe.o(.text) refers to __main.o(!!!main) for __main
    startup_stm32f411xe.o(.text) refers to startup_stm32f411xe.o(HEAP) for Heap_Mem
    startup_stm32f411xe.o(.text) refers to startup_stm32f411xe.o(STACK) for Stack_Mem
    main.o(i.MX_GPIO_Init) refers to rt_memclr_w.o(.text) for __aeabi_memclr4
    main.o(i.MX_GPIO_Init) refers to stm32f4xx_hal_gpio.o(i.HAL_GPIO_WritePin) for HAL_GPIO_WritePin
    main.o(i.MX_GPIO_Init) refers to stm32f4xx_hal_gpio.o(i.HAL_GPIO_Init) for HAL_GPIO_Init
    main.o(i.SystemClock_Config) refers to rt_memclr_w.o(.text) for __aeabi_memclr4
    main.o(i.SystemClock_Config) refers to stm32f4xx_hal_rcc.o(i.HAL_RCC_OscConfig) for HAL_RCC_OscConfig
    main.o(i.SystemClock_Config) refers to stm32f4xx_hal_rcc.o(i.HAL_RCC_ClockConfig) for HAL_RCC_ClockConfig
    main.o(i.clear_buffer) refers to main.o(.bss) for .bss
    main.o(i.main) refers to _printf_percent.o(.ARM.Collect$$_printf_percent$$00000000) for _printf_percent
    main.o(i.main) refers to _printf_u.o(.ARM.Collect$$_printf_percent$$0000000A) for _printf_u
    main.o(i.main) refers to _printf_dec.o(.text) for _printf_int_dec
    main.o(i.main) refers to stm32f4xx_hal.o(i.HAL_Init) for HAL_Init
    main.o(i.main) refers to main.o(i.SystemClock_Config) for SystemClock_Config
    main.o(i.main) refers to main.o(i.MX_GPIO_Init) for MX_GPIO_Init
    main.o(i.main) refers to fatfs.o(i.MX_FATFS_Init) for MX_FATFS_Init
    main.o(i.main) refers to stm32f4xx_hal_uart.o(i.HAL_UART_Init) for HAL_UART_Init
    main.o(i.main) refers to usb_device.o(i.MX_USB_DEVICE_Init) for MX_USB_DEVICE_Init
    main.o(i.main) refers to ff.o(i.f_mount) for f_mount
    main.o(i.main) refers to main.o(i.send_uart) for send_uart
    main.o(i.main) refers to ff.o(i.f_getfree) for f_getfree
    main.o(i.main) refers to dflt_clz.o(x$fpl$dfltu) for __aeabi_ui2d
    main.o(i.main) refers to dmul.o(x$fpl$dmul) for __aeabi_dmul
    main.o(i.main) refers to dfixu.o(x$fpl$dfixu) for __aeabi_d2uiz
    main.o(i.main) refers to noretval__2sprintf.o(.text) for __2sprintf
    main.o(i.main) refers to main.o(i.clear_buffer) for clear_buffer
    main.o(i.main) refers to ff.o(i.f_open) for f_open
    main.o(i.main) refers to ff.o(i.f_read) for f_read
    main.o(i.main) refers to ff.o(i.f_close) for f_close
    main.o(i.main) refers to main.o(.bss) for .bss
    main.o(i.main) refers to main.o(.data) for .data
    main.o(i.send_uart) refers to strlen.o(.text) for strlen
    main.o(i.send_uart) refers to stm32f4xx_hal_uart.o(i.HAL_UART_Transmit) for HAL_UART_Transmit
    main.o(i.send_uart) refers to main.o(.bss) for .bss
    stm32f4xx_it.o(i.OTG_FS_IRQHandler) refers to stm32f4xx_hal_pcd.o(i.HAL_PCD_IRQHandler) for HAL_PCD_IRQHandler
    stm32f4xx_it.o(i.OTG_FS_IRQHandler) refers to usbd_conf.o(.bss) for hpcd_USB_OTG_FS
    stm32f4xx_it.o(i.SysTick_Handler) refers to stm32f4xx_hal.o(i.HAL_IncTick) for HAL_IncTick
    stm32f4xx_hal_msp.o(i.HAL_SD_MspDeInit) refers to stm32f4xx_hal_gpio.o(i.HAL_GPIO_DeInit) for HAL_GPIO_DeInit
    stm32f4xx_hal_msp.o(i.HAL_SD_MspInit) refers to rt_memclr_w.o(.text) for __aeabi_memclr4
[...]
    __rt_entry_li                            0x08000269   Thumb Code     0  __rtentry2.o(.ARM.Collect$$rtentry$$0000000A)
    __rt_entry_postsh_1                      0x08000269   Thumb Code     0  __rtentry2.o(.ARM.Collect$$rtentry$$00000009)
    __rt_entry_main                          0x0800026d   Thumb Code     0  __rtentry2.o(.ARM.Collect$$rtentry$$0000000D)
    __rt_entry_postli_1                      0x0800026d   Thumb Code     0  __rtentry2.o(.ARM.Collect$$rtentry$$0000000C)
    __rt_exit                                0x08000275   Thumb Code     0  rtexit.o(.ARM.Collect$$rtexit$$00000000)
    __rt_exit_ls                             0x08000277   Thumb Code     0  rtexit2.o(.ARM.Collect$$rtexit$$00000003)
    __rt_exit_prels_1                        0x08000277   Thumb Code     0  rtexit2.o(.ARM.Collect$$rtexit$$00000002)
    __rt_exit_exit                           0x0800027b   Thumb Code     0  rtexit2.o(.ARM.Collect$$rtexit$$00000004)
    Reset_Handler                            0x08000281   Thumb Code     8  startup_stm32f411xe.o(.text)
    ADC_IRQHandler                           0x0800029b   Thumb Code     0  startup_stm32f411xe.o(.text)
    DMA1_Stream0_IRQHandler                  0x0800029b   Thumb Code     0  startup_stm32f411xe.o(.text)
    DMA1_Stream1_IRQHandler                  0x0800029b   Thumb Code     0  startup_stm32f411xe.o(.text)
    DMA1_Stream2_IRQHandler                  0x0800029b   Thumb Code     0  startup_stm32f411xe.o(.text)
    DMA1_Stream3_IRQHandler                  0x0800029b   Thumb Code     0  startup_stm32f411xe.o(.text)
    DMA1_Stream4_IRQHandler                  0x0800029b   Thumb Code     0  startup_stm32f411xe.o(.text)
    DMA1_Stream5_IRQHandler                  0x0800029b   Thumb Code     0  startup_stm32f411xe.o(.text)
    DMA1_Stream6_IRQHandler                  0x0800029b   Thumb Code     0  startup_stm32f411xe.o(.text)
    DMA1_Stream7_IRQHandler                  0x0800029b   Thumb Code     0  startup_stm32f411xe.o(.text)
    DMA2_Stream0_IRQHandler                  0x0800029b   Thumb Code     0  startup_stm32f411xe.o(.text)
    DMA2_Stream1_IRQHandler                  0x0800029b   Thumb Code     0  startup_stm32f411xe.o(.text)
    DMA2_Stream2_IRQHandler                  0x0800029b   Thumb Code     0  startup_stm32f411xe.o(.text)
    DMA2_Stream3_IRQHandler                  0x0800029b   Thumb Code     0  startup_stm32f411xe.o(.text)
    DMA2_Stream4_IRQHandler                  0x0800029b   Thumb Code     0  startup_stm32f411xe.o(.text)
    DMA2_Stream5_IRQHandler                  0x0800029b   Thumb Code     0  startup_stm32f411xe.o(.text)
    DMA2_Stream6_IRQHandler                  0x0800029b   Thumb Code     0  startup_stm32f411xe.o(.text)
    DMA2_Stream7_IRQHandler                  0x0800029b   Thumb Code     0  startup_stm32f411xe.o(.text)
    EXTI0_IRQHandler                         0x0800029b   Thumb Code     0  startup_stm32f411xe.o(.text)
    EXTI15_10_IRQHandler                     0x0800029b   Thumb Code     0  startup_stm32f411xe.o(.text)
    EXTI1_IRQHandler                         0x0800029b   Thumb Code     0  startup_stm32f411xe.o(.text)
    EXTI2_IRQHandler                         0x0800029b   Thumb Code     0  startup_stm32f411xe.o(.text)
    EXTI3_IRQHandler                         0x0800029b   Thumb Code     0  startup_stm32f411xe.o(.text)
    EXTI4_IRQHandler                         0x0800029b   Thumb Code     0  startup_stm32f411xe.o(.text)
    EXTI9_5_IRQHandler                       0x0800029b   Thumb Code     0  startup_stm32f411xe.o(.text)
    FLASH_IRQHandler                         0x0800029b   Thumb Code     0  startup_stm32f411xe.o(.text)
    FPU_IRQHandler                           0x0800029b   Thumb Code     0  startup_stm32f411xe.o(.text)
    I2C1_ER_IRQHandler                       0x0800029b   Thumb Code     0  startup_stm32f411xe.o(.text)
    I2C1_EV_IRQHandler                       0x0800029b   Thumb Code     0  startup_stm32f411xe.o(.text)
    I2C2_ER_IRQHandler                       0x0800029b   Thumb Code     0  startup_stm32f411xe.o(.text)
    I2C2_EV_IRQHandler                       0x0800029b   Thumb Code     0  startup_stm32f411xe.o(.text)
    I2C3_ER_IRQHandler                       0x0800029b   Thumb Code     0  startup_stm32f411xe.o(.text)
    I2C3_EV_IRQHandler                       0x0800029b   Thumb Code     0  startup_stm32f411xe.o(.text)
    OTG_FS_WKUP_IRQHandler                   0x0800029b   Thumb Code     0  startup_stm32f411xe.o(.text)
    PVD_IRQHandler                           0x0800029b   Thumb Code     0  startup_stm32f411xe.o(.text)
    RCC_IRQHandler                           0x0800029b   Thumb Code     0  startup_stm32f411xe.o(.text)
    RTC_Alarm_IRQHandler                     0x0800029b   Thumb Code     0  startup_stm32f411xe.o(.text)
    RTC_WKUP_IRQHandler                      0x0800029b   Thumb Code     0  startup_stm32f411xe.o(.text)
    SDIO_IRQHandler                          0x0800029b   Thumb Code     0  startup_stm32f411xe.o(.text)
    SPI1_IRQHandler                          0x0800029b   Thumb Code     0  startup_stm32f411xe.o(.text)
    SPI2_IRQHandler                          0x0800029b   Thumb Code     0  startup_stm32f411xe.o(.text)
    SPI3_IRQHandler                          0x0800029b   Thumb Code     0  startup_stm32f411xe.o(.text)
    SPI4_IRQHandler                          0x0800029b   Thumb Code     0  startup_stm32f411xe.o(.text)
    SPI5_IRQHandler                          0x0800029b   Thumb Code     0  startup_stm32f411xe.o(.text)
    TAMP_STAMP_IRQHandler                    0x0800029b   Thumb Code     0  startup_stm32f411xe.o(.text)
    TIM1_BRK_TIM9_IRQHandler                 0x0800029b   Thumb Code     0  startup_stm32f411xe.o(.text)
    TIM1_CC_IRQHandler                       0x0800029b   Thumb Code     0  startup_stm32f411xe.o(.text)
    TIM1_TRG_COM_TIM11_IRQHandler            0x0800029b   Thumb Code     0  startup_stm32f411xe.o(.text)
    TIM1_UP_TIM10_IRQHandler                 0x0800029b   Thumb Code     0  startup_stm32f411xe.o(.text)
    TIM2_IRQHandler                          0x0800029b   Thumb Code     0  startup_stm32f411xe.o(.text)
    TIM3_IRQHandler                          0x0800029b   Thumb Code     0  startup_stm32f411xe.o(.text)
    TIM4_IRQHandler                          0x0800029b   Thumb Code     0  startup_stm32f411xe.o(.text)
    TIM5_IRQHandler                          0x0800029b   Thumb Code     0  startup_stm32f411xe.o(.text)
    USART1_IRQHandler                        0x0800029b   Thumb Code     0  startup_stm32f411xe.o(.text)
    USART2_IRQHandler                        0x0800029b   Thumb Code     0  startup_stm32f411xe.o(.text)
    USART6_IRQHandler                        0x0800029b   Thumb Code     0  startup_stm32f411xe.o(.text)
    WWDG_IRQHandler                          0x0800029b   Thumb Code     0  startup_stm32f411xe.o(.text)
    __user_initial_stackheap                 0x0800029d   Thumb Code     0  startup_stm32f411xe.o(.text)
    __aeabi_uldivmod                         0x080002c1   Thumb Code     0  lludivv7m.o(.text)
    _ll_udiv                                 0x080002c1   Thumb Code   238  lludivv7m.o(.text)
    __2sprintf                               0x080003b1   Thumb Code    34  noretval__2sprintf.o(.text)
    _printf_int_dec                          0x080003d9   Thumb Code   104  _printf_dec.o(.text)
    __printf                                 0x08000451   Thumb Code   184  __printf_ss.o(.text)
    strlen                                   0x08000509   Thumb Code    62  strlen.o(.text)
    __aeabi_memcpy4                          0x08000547   Thumb Code     0  rt_memcpy_w.o(.text)
    __aeabi_memcpy8                          0x08000547   Thumb Code     0  rt_memcpy_w.o(.text)
    __rt_memcpy_w                            0x08000547   Thumb Code   100  rt_memcpy_w.o(.text)
    _memcpy_lastbytes_aligned                0x0800058f   Thumb Code     0  rt_memcpy_w.o(.text)
    __aeabi_memclr4                          0x080005ab   Thumb Code     0  rt_memclr_w.o(.text)
    __aeabi_memclr8                          0x080005ab   Thumb Code     0  rt_memclr_w.o(.text)
    __rt_memclr_w                            0x080005ab   Thumb Code    78  rt_memclr_w.o(.text)
    _memset_w                                0x080005af   Thumb Code     0  rt_memclr_w.o(.text)
    __use_two_region_memory                  0x080005f9   Thumb Code     2  heapauxi.o(.text)
    __rt_heap_escrow$2region                 0x080005fb   Thumb Code     2  heapauxi.o(.text)
    __rt_heap_expand$2region                 0x080005fd   Thumb Code     2  heapauxi.o(.text)
    _printf_int_common                       0x080005ff   Thumb Code   178  _printf_intcommon.o(.text)
    _printf_char_common                      0x080006bb   Thumb Code    32  _printf_char_common.o(.text)
    _sputc                                   0x080006e1   Thumb Code    10  _sputc.o(.text)
    __user_setup_stackheap                   0x080006eb   Thumb Code    74  sys_stackheap_outer.o(.text)
    exit                                     0x08000735   Thumb Code    18  exit.o(.text)
    __user_libspace                          0x08000749   Thumb Code     8  libspace.o(.text)
    __user_perproc_libspace                  0x08000749   Thumb Code     0  libspace.o(.text)
    __user_perthread_libspace                0x08000749   Thumb Code     0  libspace.o(.text)
    _sys_exit                                0x08000751   Thumb Code     8  sys_exit.o(.text)
    __I$use$semihosting                      0x0800075d   Thumb Code     0  use_no_semi.o(.text)
    __use_no_semihosting_swi                 0x0800075d   Thumb Code     2  use_no_semi.o(.text)
    __semihosting_library_function           0x0800075f   Thumb Code     0  indicate_semi.o(.text)
    BSP_SD_GetCardInfo                       0x08000761   Thumb Code     8  bsp_driver_sd.o(i.BSP_SD_GetCardInfo)
    BSP_SD_GetCardState                      0x0800076d   Thumb Code    20  bsp_driver_sd.o(i.BSP_SD_GetCardState)
    BSP_SD_Init                              0x08000785   Thumb Code    24  bsp_driver_sd.o(i.BSP_SD_Init)
    BSP_SD_IsDetected                        0x080007a1   Thumb Code    14  bsp_driver_sd.o(i.BSP_SD_IsDetected)
    BSP_SD_ReadBlocks                        0x080007b1   Thumb Code    26  bsp_driver_sd.o(i.BSP_SD_ReadBlocks)
    BSP_SD_WriteBlocks                       0x080007d1   Thumb Code    26  bsp_driver_sd.o(i.BSP_SD_WriteBlocks)
    BusFault_Handler                         0x080007f1   Thumb Code     2  stm32f4xx_it.o(i.BusFault_Handler)
    DebugMon_Handler                         0x080007f3   Thumb Code     2  stm32f4xx_it.o(i.DebugMon_Handler)
    Error_Handler                            0x080007f5   Thumb Code     4  main.o(i.Error_Handler)
    FATFS_LinkDriver                         0x080007f9   Thumb Code     6  ff_gen_drv.o(i.FATFS_LinkDriver)
    FATFS_LinkDriverEx                       0x08000801   Thumb Code    58  ff_gen_drv.o(i.FATFS_LinkDriverEx)
    HAL_Delay                                0x08000841   Thumb Code    32  stm32f4xx_hal.o(i.HAL_Delay)
    HAL_GPIO_Init                            0x08000865   Thumb Code   446  stm32f4xx_hal_gpio.o(i.HAL_GPIO_Init)
    HAL_GPIO_WritePin                        0x08000a45   Thumb Code    10  stm32f4xx_hal_gpio.o(i.HAL_GPIO_WritePin)
    HAL_GetTick                              0x08000a51   Thumb Code     6  stm32f4xx_hal.o(i.HAL_GetTick)
    HAL_IncTick                              0x08000a5d   Thumb Code    12  stm32f4xx_hal.o(i.HAL_IncTick)
    HAL_Init                                 0x08000a6d   Thumb Code    48  stm32f4xx_hal.o(i.HAL_Init)
    HAL_InitTick                             0x08000aa1   Thumb Code    54  stm32f4xx_hal.o(i.HAL_InitTick)
    HAL_MspInit                              0x08000ae1   Thumb Code    42  stm32f4xx_hal_msp.o(i.HAL_MspInit)
    HAL_NVIC_EnableIRQ                       0x08000b11   Thumb Code    26  stm32f4xx_hal_cortex.o(i.HAL_NVIC_EnableIRQ)
    HAL_NVIC_SetPriority                     0x08000b2d   Thumb Code    60  stm32f4xx_hal_cortex.o(i.HAL_NVIC_SetPriority)
    HAL_NVIC_SetPriorityGrouping             0x08000b6d   Thumb Code    26  stm32f4xx_hal_cortex.o(i.HAL_NVIC_SetPriorityGrouping)
    HAL_PCDEx_LPM_Callback                   0x08000b91   Thumb Code     2  stm32f4xx_hal_pcd_ex.o(i.HAL_PCDEx_LPM_Callback)
    HAL_PCDEx_SetRxFiFo                      0x08000b93   Thumb Code     8  stm32f4xx_hal_pcd_ex.o(i.HAL_PCDEx_SetRxFiFo)
    HAL_PCDEx_SetTxFiFo                      0x08000b9b   Thumb Code    68  stm32f4xx_hal_pcd_ex.o(i.HAL_PCDEx_SetTxFiFo)
    HAL_PCD_ConnectCallback                  0x08000bdf   Thumb Code     8  usbd_conf.o(i.HAL_PCD_ConnectCallback)
    HAL_PCD_DataInStageCallback              0x08000be7   Thumb Code    18  usbd_conf.o(i.HAL_PCD_DataInStageCallback)
    HAL_PCD_DataOutStageCallback             0x08000bf9   Thumb Code    20  usbd_conf.o(i.HAL_PCD_DataOutStageCallback)
    HAL_PCD_DisconnectCallback               0x08000c0d   Thumb Code     8  usbd_conf.o(i.HAL_PCD_DisconnectCallback)
    HAL_PCD_EP_Abort                         0x08000c15   Thumb Code    30  stm32f4xx_hal_pcd.o(i.HAL_PCD_EP_Abort)
    HAL_PCD_EP_Close                         0x08000c33   Thumb Code    76  stm32f4xx_hal_pcd.o(i.HAL_PCD_EP_Close)
    HAL_PCD_EP_ClrStall                      0x08000c7f   Thumb Code    92  stm32f4xx_hal_pcd.o(i.HAL_PCD_EP_ClrStall)
    HAL_PCD_EP_Flush                         0x08000cdb   Thumb Code    52  stm32f4xx_hal_pcd.o(i.HAL_PCD_EP_Flush)
    HAL_PCD_EP_GetRxCount                    0x08000d0f   Thumb Code    18  stm32f4xx_hal_pcd.o(i.HAL_PCD_EP_GetRxCount)
    HAL_PCD_EP_Open                          0x08000d21   Thumb Code    96  stm32f4xx_hal_pcd.o(i.HAL_PCD_EP_Open)
    HAL_PCD_EP_Receive                       0x08000d81   Thumb Code    72  stm32f4xx_hal_pcd.o(i.HAL_PCD_EP_Receive)
    HAL_PCD_EP_SetStall                      0x08000dc9   Thumb Code   116  stm32f4xx_hal_pcd.o(i.HAL_PCD_EP_SetStall)
    HAL_PCD_EP_Transmit                      0x08000e3d   Thumb Code    64  stm32f4xx_hal_pcd.o(i.HAL_PCD_EP_Transmit)
    HAL_PCD_IRQHandler                       0x08000e7d   Thumb Code  1376  stm32f4xx_hal_pcd.o(i.HAL_PCD_IRQHandler)
    HAL_PCD_ISOINIncompleteCallback          0x080013dd   Thumb Code     8  usbd_conf.o(i.HAL_PCD_ISOINIncompleteCallback)
    HAL_PCD_ISOOUTIncompleteCallback         0x080013e5   Thumb Code     8  usbd_conf.o(i.HAL_PCD_ISOOUTIncompleteCallback)
    HAL_PCD_Init                             0x080013ed   Thumb Code   226  stm32f4xx_hal_pcd.o(i.HAL_PCD_Init)
    HAL_PCD_MspInit                          0x080014d1   Thumb Code   122  usbd_conf.o(i.HAL_PCD_MspInit)
    HAL_PCD_ResetCallback                    0x08001555   Thumb Code    38  usbd_conf.o(i.HAL_PCD_ResetCallback)
    HAL_PCD_ResumeCallback                   0x0800157b   Thumb Code     8  usbd_conf.o(i.HAL_PCD_ResumeCallback)
    HAL_PCD_SOFCallback                      0x08001583   Thumb Code     8  usbd_conf.o(i.HAL_PCD_SOFCallback)
    HAL_PCD_SetAddress                       0x0800158b   Thumb Code    40  stm32f4xx_hal_pcd.o(i.HAL_PCD_SetAddress)
    HAL_PCD_SetupStageCallback               0x080015b3   Thumb Code    14  usbd_conf.o(i.HAL_PCD_SetupStageCallback)
    HAL_PCD_Start                            0x080015c1   Thumb Code    66  stm32f4xx_hal_pcd.o(i.HAL_PCD_Start)
    HAL_PCD_SuspendCallback                  0x08001605   Thumb Code    44  usbd_conf.o(i.HAL_PCD_SuspendCallback)
    HAL_RCC_ClockConfig                      0x08001635   Thumb Code   288  stm32f4xx_hal_rcc.o(i.HAL_RCC_ClockConfig)
    HAL_RCC_GetHCLKFreq                      0x08001769   Thumb Code     6  stm32f4xx_hal_rcc.o(i.HAL_RCC_GetHCLKFreq)
    HAL_RCC_GetPCLK1Freq                     0x08001775   Thumb Code    20  stm32f4xx_hal_rcc.o(i.HAL_RCC_GetPCLK1Freq)
    HAL_RCC_GetPCLK2Freq                     0x08001795   Thumb Code    20  stm32f4xx_hal_rcc.o(i.HAL_RCC_GetPCLK2Freq)
    HAL_RCC_GetSysClockFreq                  0x080017b5   Thumb Code    88  stm32f4xx_hal_rcc.o(i.HAL_RCC_GetSysClockFreq)
    HAL_RCC_OscConfig                        0x08001815   Thumb Code   856  stm32f4xx_hal_rcc.o(i.HAL_RCC_OscConfig)
    HAL_SD_GetCardCSD                        0x08001b81   Thumb Code   402  stm32f4xx_hal_sd.o(i.HAL_SD_GetCardCSD)
    HAL_SD_GetCardInfo                       0x08001d19   Thumb Code    36  stm32f4xx_hal_sd.o(i.HAL_SD_GetCardInfo)
    HAL_SD_GetCardState                      0x08001d3d   Thumb Code    44  stm32f4xx_hal_sd.o(i.HAL_SD_GetCardState)
    HAL_SD_Init                              0x08001d69   Thumb Code    54  stm32f4xx_hal_sd.o(i.HAL_SD_Init)
    HAL_SD_InitCard                          0x08001da1   Thumb Code   116  stm32f4xx_hal_sd.o(i.HAL_SD_InitCard)
    HAL_SD_MspInit                           0x08001e1d   Thumb Code   166  stm32f4xx_hal_msp.o(i.HAL_SD_MspInit)
    HAL_SD_ReadBlocks                        0x08001ed9   Thumb Code   468  stm32f4xx_hal_sd.o(i.HAL_SD_ReadBlocks)
    HAL_SD_WriteBlocks                       0x080020b1   Thumb Code   422  stm32f4xx_hal_sd.o(i.HAL_SD_WriteBlocks)
    HAL_SYSTICK_Config                       0x0800225d   Thumb Code    40  stm32f4xx_hal_cortex.o(i.HAL_SYSTICK_Config)
    HAL_UART_Init                            0x08002285   Thumb Code    98  stm32f4xx_hal_uart.o(i.HAL_UART_Init)
    HAL_UART_MspInit                         0x080022e9   Thumb Code    92  stm32f4xx_hal_msp.o(i.HAL_UART_MspInit)
    HAL_UART_Transmit                        0x08002351   Thumb Code   178  stm32f4xx_hal_uart.o(i.HAL_UART_Transmit)
    HardFault_Handler                        0x08002403   Thumb Code     2  stm32f4xx_it.o(i.HardFault_Handler)
    MSC_BOT_CplClrFeature                    0x0800258d   Thumb Code    72  usbd_msc_bot.o(i.MSC_BOT_CplClrFeature)
    MSC_BOT_DataIn                           0x080025dd   Thumb Code    70  usbd_msc_bot.o(i.MSC_BOT_DataIn)
    MSC_BOT_DataOut                          0x08002623   Thumb Code    70  usbd_msc_bot.o(i.MSC_BOT_DataOut)
    MSC_BOT_DeInit                           0x08002669   Thumb Code    22  usbd_msc_bot.o(i.MSC_BOT_DeInit)
    MSC_BOT_Init                             0x08002681   Thumb Code    96  usbd_msc_bot.o(i.MSC_BOT_Init)
    MSC_BOT_Reset                            0x080026e9   Thumb Code    68  usbd_msc_bot.o(i.MSC_BOT_Reset)
    MSC_BOT_SendCSW                          0x08002735   Thumb Code    72  usbd_msc_bot.o(i.MSC_BOT_SendCSW)
    MX_FATFS_Init                            0x08002789   Thumb Code    18  fatfs.o(i.MX_FATFS_Init)
    MX_USB_DEVICE_Init                       0x08002835   Thumb Code    66  usb_device.o(i.MX_USB_DEVICE_Init)
    MemManage_Handler                        0x08002889   Thumb Code     2  stm32f4xx_it.o(i.MemManage_Handler)
    NMI_Handler                              0x0800288b   Thumb Code     2  stm32f4xx_it.o(i.NMI_Handler)
    OTG_FS_IRQHandler                        0x0800288d   Thumb Code     6  stm32f4xx_it.o(i.OTG_FS_IRQHandler)
    PendSV_Handler                           0x08002a07   Thumb Code     2  stm32f4xx_it.o(i.PendSV_Handler)
    SCSI_ProcessCmd                          0x08002ab5   Thumb Code   340  usbd_msc_scsi.o(i.SCSI_ProcessCmd)
    SCSI_SenseCode                           0x08003101   Thumb Code    76  usbd_msc_scsi.o(i.SCSI_SenseCode)
    SDIO_ConfigData                          0x080033a1   Thumb Code    36  stm32f4xx_ll_sdmmc.o(i.SDIO_ConfigData)
    SDIO_GetPowerState                       0x080033c5   Thumb Code     8  stm32f4xx_ll_sdmmc.o(i.SDIO_GetPowerState)
    SDIO_GetResponse                         0x080033cd   Thumb Code     6  stm32f4xx_ll_sdmmc.o(i.SDIO_GetResponse)
    SDIO_Init                                0x080033d3   Thumb Code    36  stm32f4xx_ll_sdmmc.o(i.SDIO_Init)
    SDIO_PowerState_ON                       0x080033f7   Thumb Code     8  stm32f4xx_ll_sdmmc.o(i.SDIO_PowerState_ON)
    SDIO_ReadFIFO                            0x080033ff   Thumb Code     6  stm32f4xx_ll_sdmmc.o(i.SDIO_ReadFIFO)
    SDIO_SendCommand                         0x08003405   Thumb Code    32  stm32f4xx_ll_sdmmc.o(i.SDIO_SendCommand)
    SDIO_WriteFIFO                           0x08003425   Thumb Code    10  stm32f4xx_ll_sdmmc.o(i.SDIO_WriteFIFO)
    SDMMC_CmdAppCommand                      0x0800342f   Thumb Code    50  stm32f4xx_ll_sdmmc.o(i.SDMMC_CmdAppCommand)
    SDMMC_CmdAppOperCommand                  0x08003461   Thumb Code    48  stm32f4xx_ll_sdmmc.o(i.SDMMC_CmdAppOperCommand)
    SDMMC_CmdBlockLength                     0x08003495   Thumb Code    50  stm32f4xx_ll_sdmmc.o(i.SDMMC_CmdBlockLength)
    SDMMC_CmdGoIdleState                     0x080034c9   Thumb Code    74  stm32f4xx_ll_sdmmc.o(i.SDMMC_CmdGoIdleState)
    SDMMC_CmdOperCond                        0x08003519   Thumb Code    48  stm32f4xx_ll_sdmmc.o(i.SDMMC_CmdOperCond)
    SDMMC_CmdReadMultiBlock                  0x08003549   Thumb Code    50  stm32f4xx_ll_sdmmc.o(i.SDMMC_CmdReadMultiBlock)
    SDMMC_CmdReadSingleBlock                 0x0800357b   Thumb Code    50  stm32f4xx_ll_sdmmc.o(i.SDMMC_CmdReadSingleBlock)
    SDMMC_CmdSelDesel                        0x080035ad   Thumb Code    50  stm32f4xx_ll_sdmmc.o(i.SDMMC_CmdSelDesel)
    SDMMC_CmdSendCID                         0x080035df   Thumb Code    44  stm32f4xx_ll_sdmmc.o(i.SDMMC_CmdSendCID)
    SDMMC_CmdSendCSD                         0x0800360b   Thumb Code    44  stm32f4xx_ll_sdmmc.o(i.SDMMC_CmdSendCSD)
    SDMMC_CmdSendStatus                      0x08003637   Thumb Code    50  stm32f4xx_ll_sdmmc.o(i.SDMMC_CmdSendStatus)
    SDMMC_CmdSetRelAdd                       0x08003669   Thumb Code    48  stm32f4xx_ll_sdmmc.o(i.SDMMC_CmdSetRelAdd)
    SDMMC_CmdStopTransfer                    0x08003699   Thumb Code    46  stm32f4xx_ll_sdmmc.o(i.SDMMC_CmdStopTransfer)
    SDMMC_CmdWriteMultiBlock                 0x080036cd   Thumb Code    50  stm32f4xx_ll_sdmmc.o(i.SDMMC_CmdWriteMultiBlock)
    SDMMC_CmdWriteSingleBlock                0x080036ff   Thumb Code    50  stm32f4xx_ll_sdmmc.o(i.SDMMC_CmdWriteSingleBlock)
    SDMMC_GetCmdResp1                        0x08003731   Thumb Code   278  stm32f4xx_ll_sdmmc.o(i.SDMMC_GetCmdResp1)
    SDMMC_GetCmdResp2                        0x08003851   Thumb Code    76  stm32f4xx_ll_sdmmc.o(i.SDMMC_GetCmdResp2)
    SDMMC_GetCmdResp3                        0x080038a1   Thumb Code    62  stm32f4xx_ll_sdmmc.o(i.SDMMC_GetCmdResp3)
    SDMMC_GetCmdResp6                        0x080038e5   Thumb Code   130  stm32f4xx_ll_sdmmc.o(i.SDMMC_GetCmdResp6)
    SDMMC_GetCmdResp7                        0x0800396d   Thumb Code    82  stm32f4xx_ll_sdmmc.o(i.SDMMC_GetCmdResp7)
    SD_initialize                            0x08003b89   Thumb Code    28  sd_diskio.o(i.SD_initialize)
    SD_ioctl                                 0x08003ba9   Thumb Code    76  sd_diskio.o(i.SD_ioctl)
    SD_read                                  0x08003bf9   Thumb Code    38  sd_diskio.o(i.SD_read)
    SD_status                                0x08003c1f   Thumb Code     4  sd_diskio.o(i.SD_status)
    SD_write                                 0x08003c25   Thumb Code    38  sd_diskio.o(i.SD_write)
    SVC_Handler                              0x08003cad   Thumb Code     2  stm32f4xx_it.o(i.SVC_Handler)
    SysTick_Handler                          0x08003cb9   Thumb Code     4  stm32f4xx_it.o(i.SysTick_Handler)
    SystemClock_Config                       0x08003cbd   Thumb Code   144  main.o(i.SystemClock_Config)
    SystemInit                               0x08003d55   Thumb Code    12  system_stm32f4xx.o(i.SystemInit)
    USBD_ClrClassConfig                      0x08003ee9   Thumb Code    20  usbd_core.o(i.USBD_ClrClassConfig)
    USBD_CoreFindEP                          0x08003efd   Thumb Code     4  usbd_core.o(i.USBD_CoreFindEP)
    USBD_CoreFindIF                          0x08003f01   Thumb Code     4  usbd_core.o(i.USBD_CoreFindIF)
    USBD_CtlContinueRx                       0x08003f05   Thumb Code    16  usbd_ioreq.o(i.USBD_CtlContinueRx)
    USBD_CtlContinueSendData                 0x08003f15   Thumb Code    16  usbd_ioreq.o(i.USBD_CtlContinueSendData)
    USBD_CtlError                            0x08003f25   Thumb Code    22  usbd_ctlreq.o(i.USBD_CtlError)
    USBD_CtlReceiveStatus                    0x08003f3b   Thumb Code    22  usbd_ioreq.o(i.USBD_CtlReceiveStatus)
    USBD_CtlSendData                         0x08003f51   Thumb Code    26  usbd_ioreq.o(i.USBD_CtlSendData)
    USBD_CtlSendStatus                       0x08003f6b   Thumb Code    22  usbd_ioreq.o(i.USBD_CtlSendStatus)
    USBD_FS_ConfigStrDescriptor              0x08003f81   Thumb Code    16  usbd_desc.o(i.USBD_FS_ConfigStrDescriptor)
    USBD_FS_DeviceDescriptor                 0x08003fa1   Thumb Code     8  usbd_desc.o(i.USBD_FS_DeviceDescriptor)
    USBD_FS_InterfaceStrDescriptor           0x08003fad   Thumb Code    16  usbd_desc.o(i.USBD_FS_InterfaceStrDescriptor)
    USBD_FS_LangIDStrDescriptor              0x08003fd1   Thumb Code     8  usbd_desc.o(i.USBD_FS_LangIDStrDescriptor)
    USBD_FS_ManufacturerStrDescriptor        0x08003fdd   Thumb Code    16  usbd_desc.o(i.USBD_FS_ManufacturerStrDescriptor)
    USBD_FS_ProductStrDescriptor             0x08004005   Thumb Code    16  usbd_desc.o(i.USBD_FS_ProductStrDescriptor)
    USBD_FS_SerialStrDescriptor              0x0800402d   Thumb Code    48  usbd_desc.o(i.USBD_FS_SerialStrDescriptor)
    USBD_GetEpDesc                           0x0800414b   Thumb Code    58  usbd_core.o(i.USBD_GetEpDesc)
    USBD_GetNextDesc                         0x08004185   Thumb Code    14  usbd_core.o(i.USBD_GetNextDesc)
    USBD_GetString                           0x08004193   Thumb Code    72  usbd_ctlreq.o(i.USBD_GetString)
    USBD_Get_USB_Status                      0x080041db   Thumb Code    24  usbd_conf.o(i.USBD_Get_USB_Status)
    USBD_Init                                0x080041f3   Thumb Code    38  usbd_core.o(i.USBD_Init)
    USBD_LL_ClearStallEP                     0x08004219   Thumb Code    18  usbd_conf.o(i.USBD_LL_ClearStallEP)
    USBD_LL_CloseEP                          0x0800422b   Thumb Code    18  usbd_conf.o(i.USBD_LL_CloseEP)
    USBD_LL_DataInStage                      0x0800423d   Thumb Code   182  usbd_core.o(i.USBD_LL_DataInStage)
    USBD_LL_DataOutStage                     0x080042f3   Thumb Code   142  usbd_core.o(i.USBD_LL_DataOutStage)
    USBD_LL_DevConnected                     0x08004381   Thumb Code     4  usbd_core.o(i.USBD_LL_DevConnected)
    USBD_LL_DevDisconnected                  0x08004385   Thumb Code    30  usbd_core.o(i.USBD_LL_DevDisconnected)
    USBD_LL_FlushEP                          0x080043a3   Thumb Code    18  usbd_conf.o(i.USBD_LL_FlushEP)
    USBD_LL_GetRxDataSize                    0x080043b5   Thumb Code     8  usbd_conf.o(i.USBD_LL_GetRxDataSize)
    USBD_LL_Init                             0x080043bd   Thumb Code    90  usbd_conf.o(i.USBD_LL_Init)
    USBD_LL_IsStallEP                        0x0800441d   Thumb Code    32  usbd_conf.o(i.USBD_LL_IsStallEP)
    USBD_LL_IsoINIncomplete                  0x0800443d   Thumb Code    40  usbd_core.o(i.USBD_LL_IsoINIncomplete)
    USBD_LL_IsoOUTIncomplete                 0x08004465   Thumb Code    40  usbd_core.o(i.USBD_LL_IsoOUTIncomplete)
    USBD_LL_OpenEP                           0x0800448d   Thumb Code    24  usbd_conf.o(i.USBD_LL_OpenEP)
    USBD_LL_PrepareReceive                   0x080044a5   Thumb Code    18  usbd_conf.o(i.USBD_LL_PrepareReceive)
    USBD_LL_Reset                            0x080044b7   Thumb Code    92  usbd_core.o(i.USBD_LL_Reset)
    USBD_LL_Resume                           0x08004513   Thumb Code    20  usbd_core.o(i.USBD_LL_Resume)
    USBD_LL_SOF                              0x08004527   Thumb Code    26  usbd_core.o(i.USBD_LL_SOF)
    USBD_LL_SetSpeed                         0x08004541   Thumb Code     6  usbd_core.o(i.USBD_LL_SetSpeed)
    USBD_LL_SetUSBAddress                    0x08004547   Thumb Code    18  usbd_conf.o(i.USBD_LL_SetUSBAddress)
    USBD_LL_SetupStage                       0x08004559   Thumb Code    96  usbd_core.o(i.USBD_LL_SetupStage)
    USBD_LL_StallEP                          0x080045b9   Thumb Code    18  usbd_conf.o(i.USBD_LL_StallEP)
    USBD_LL_Start                            0x080045cb   Thumb Code    18  usbd_conf.o(i.USBD_LL_Start)
    USBD_LL_Suspend                          0x080045dd   Thumb Code    18  usbd_core.o(i.USBD_LL_Suspend)
    USBD_LL_Transmit                         0x080045ef   Thumb Code    18  usbd_conf.o(i.USBD_LL_Transmit)
    USBD_MSC_DataIn                          0x08004601   Thumb Code    10  usbd_msc.o(i.USBD_MSC_DataIn)
    USBD_MSC_DataOut                         0x0800460b   Thumb Code    10  usbd_msc.o(i.USBD_MSC_DataOut)
    USBD_MSC_DeInit                          0x08004615   Thumb Code   112  usbd_msc.o(i.USBD_MSC_DeInit)
    USBD_MSC_GetDeviceQualifierDescriptor    0x08004689   Thumb Code     8  usbd_msc.o(i.USBD_MSC_GetDeviceQualifierDescriptor)
    USBD_MSC_GetFSCfgDesc                    0x08004695   Thumb Code    40  usbd_msc.o(i.USBD_MSC_GetFSCfgDesc)
    USBD_MSC_GetHSCfgDesc                    0x080046c1   Thumb Code    42  usbd_msc.o(i.USBD_MSC_GetHSCfgDesc)
    USBD_MSC_GetOtherSpeedCfgDesc            0x080046f1   Thumb Code    40  usbd_msc.o(i.USBD_MSC_GetOtherSpeedCfgDesc)
    USBD_MSC_Init                            0x0800471d   Thumb Code   168  usbd_msc.o(i.USBD_MSC_Init)
    USBD_MSC_RegisterStorage                 0x080047c9   Thumb Code    22  usbd_msc.o(i.USBD_MSC_RegisterStorage)
    USBD_MSC_Setup                           0x080047df   Thumb Code   220  usbd_msc.o(i.USBD_MSC_Setup)
    USBD_ParseSetupRequest                   0x080048bb   Thumb Code    44  usbd_ctlreq.o(i.USBD_ParseSetupRequest)
    USBD_RegisterClass                       0x080048e7   Thumb Code    58  usbd_core.o(i.USBD_RegisterClass)
    USBD_SetClassConfig                      0x08004921   Thumb Code    20  usbd_core.o(i.USBD_SetClassConfig)
    USBD_Start                               0x080049ed   Thumb Code     4  usbd_core.o(i.USBD_Start)
    USBD_StdDevReq                           0x080049f1   Thumb Code   300  usbd_ctlreq.o(i.USBD_StdDevReq)
    USBD_StdEPReq                            0x08004b1d   Thumb Code   352  usbd_ctlreq.o(i.USBD_StdEPReq)
    USBD_StdItfReq                           0x08004c7d   Thumb Code   114  usbd_ctlreq.o(i.USBD_StdItfReq)
    USBD_static_free                         0x08004cef   Thumb Code     2  usbd_conf.o(i.USBD_static_free)
    USBD_static_malloc                       0x08004cf1   Thumb Code     4  usbd_conf.o(i.USBD_static_malloc)
    USB_ActivateEndpoint                     0x08004cf9   Thumb Code   122  stm32f4xx_ll_usb.o(i.USB_ActivateEndpoint)
    USB_ActivateSetup                        0x08004d79   Thumb Code    28  stm32f4xx_ll_usb.o(i.USB_ActivateSetup)
    USB_CoreInit                             0x08004d95   Thumb Code   112  stm32f4xx_ll_usb.o(i.USB_CoreInit)
    USB_DeactivateEndpoint                   0x08004e49   Thumb Code   194  stm32f4xx_ll_usb.o(i.USB_DeactivateEndpoint)
    USB_DevConnect                           0x08004f15   Thumb Code    28  stm32f4xx_ll_usb.o(i.USB_DevConnect)
    USB_DevDisconnect                        0x08004f31   Thumb Code    28  stm32f4xx_ll_usb.o(i.USB_DevDisconnect)
    USB_DevInit                              0x08004f4d   Thumb Code   362  stm32f4xx_ll_usb.o(i.USB_DevInit)
    USB_DisableGlobalInt                     0x080050c1   Thumb Code    12  stm32f4xx_ll_usb.o(i.USB_DisableGlobalInt)
    USB_EP0StartXfer                         0x080050cd   Thumb Code   280  stm32f4xx_ll_usb.o(i.USB_EP0StartXfer)
    USB_EP0_OutStart                         0x080051e9   Thumb Code    84  stm32f4xx_ll_usb.o(i.USB_EP0_OutStart)
    USB_EPClearStall                         0x08005241   Thumb Code    88  stm32f4xx_ll_usb.o(i.USB_EPClearStall)
    USB_EPSetStall                           0x08005299   Thumb Code    88  stm32f4xx_ll_usb.o(i.USB_EPSetStall)
    USB_EPStartXfer                          0x080052f1   Thumb Code   480  stm32f4xx_ll_usb.o(i.USB_EPStartXfer)
    USB_EPStopXfer                           0x080054d5   Thumb Code   158  stm32f4xx_ll_usb.o(i.USB_EPStopXfer)
    USB_EnableGlobalInt                      0x08005573   Thumb Code    12  stm32f4xx_ll_usb.o(i.USB_EnableGlobalInt)
    USB_FlushRxFifo                          0x08005581   Thumb Code    54  stm32f4xx_ll_usb.o(i.USB_FlushRxFifo)
    USB_FlushTxFifo                          0x080055bd   Thumb Code    58  stm32f4xx_ll_usb.o(i.USB_FlushTxFifo)
    USB_GetDevSpeed                          0x080055fd   Thumb Code    26  stm32f4xx_ll_usb.o(i.USB_GetDevSpeed)
    USB_GetMode                              0x08005617   Thumb Code     8  stm32f4xx_ll_usb.o(i.USB_GetMode)
    USB_ReadDevAllInEpInterrupt              0x0800561f   Thumb Code    14  stm32f4xx_ll_usb.o(i.USB_ReadDevAllInEpInterrupt)
    USB_ReadDevAllOutEpInterrupt             0x0800562d   Thumb Code    14  stm32f4xx_ll_usb.o(i.USB_ReadDevAllOutEpInterrupt)
    USB_ReadDevInEPInterrupt                 0x0800563b   Thumb Code    36  stm32f4xx_ll_usb.o(i.USB_ReadDevInEPInterrupt)
    USB_ReadDevOutEPInterrupt                0x0800565f   Thumb Code    16  stm32f4xx_ll_usb.o(i.USB_ReadDevOutEPInterrupt)
    USB_ReadInterrupts                       0x0800566f   Thumb Code     8  stm32f4xx_ll_usb.o(i.USB_ReadInterrupts)
    USB_ReadPacket                           0x08005677   Thumb Code    62  stm32f4xx_ll_usb.o(i.USB_ReadPacket)
    USB_SetCurrentMode                       0x080056b5   Thumb Code    92  stm32f4xx_ll_usb.o(i.USB_SetCurrentMode)
    USB_SetDevAddress                        0x08005711   Thumb Code    34  stm32f4xx_ll_usb.o(i.USB_SetDevAddress)
    USB_SetTurnaroundTime                    0x08005735   Thumb Code   158  stm32f4xx_ll_usb.o(i.USB_SetTurnaroundTime)
    USB_WritePacket                          0x0800581d   Thumb Code    40  stm32f4xx_ll_usb.o(i.USB_WritePacket)
    UsageFault_Handler                       0x08005845   Thumb Code     2  stm32f4xx_it.o(i.UsageFault_Handler)
    clear_buffer                             0x08005935   Thumb Code    16  main.o(i.clear_buffer)
    disk_initialize                          0x08005d99   Thumb Code    36  diskio.o(i.disk_initialize)
    disk_ioctl                               0x08005dc1   Thumb Code    24  diskio.o(i.disk_ioctl)
    disk_read                                0x08005ddd   Thumb Code    24  diskio.o(i.disk_read)
    disk_status                              0x08005df9   Thumb Code    18  diskio.o(i.disk_status)
    disk_write                               0x08005e11   Thumb Code    24  diskio.o(i.disk_write)
    f_close                                  0x08005e2d   Thumb Code    40  ff.o(i.f_close)
    f_getfree                                0x08005e55   Thumb Code   212  ff.o(i.f_getfree)
    f_mount                                  0x08005f29   Thumb Code    84  ff.o(i.f_mount)
    f_open                                   0x08005f81   Thumb Code   534  ff.o(i.f_open)
    f_read                                   0x0800619d   Thumb Code   374  ff.o(i.f_read)
    f_sync                                   0x08006313   Thumb Code   142  ff.o(i.f_sync)
    get_fattime                              0x0800678b   Thumb Code     4  fatfs.o(i.get_fattime)
    main                                     0x08006895   Thumb Code   284  main.o(i.main)
    send_uart                                0x08006c95   Thumb Code    26  main.o(i.send_uart)
    __aeabi_d2uiz                            0x08006e05   Thumb Code     0  dfixu.o(x$fpl$dfixu)
    _dfixu                                   0x08006e05   Thumb Code    90  dfixu.o(x$fpl$dfixu)
    __aeabi_ui2d                             0x08006e5f   Thumb Code     0  dflt_clz.o(x$fpl$dfltu)
    _dfltu                                   0x08006e5f   Thumb Code    38  dflt_clz.o(x$fpl$dfltu)
    __aeabi_dmul                             0x08006e85   Thumb Code     0  dmul.o(x$fpl$dmul)
    _dmul                                    0x08006e85   Thumb Code   332  dmul.o(x$fpl$dmul)
    __fpl_dnaninf                            0x08006fd9   Thumb Code   156  dnaninf.o(x$fpl$dnaninf)
    __fpl_dretinf                            0x08007075   Thumb Code    12  dretinf.o(x$fpl$dretinf)
    _fp_init                                 0x08007081   Thumb Code    10  fpinit.o(x$fpl$fpinit)
    __fplib_config_fpu_vfp                   0x08007089   Thumb Code     0  fpinit.o(x$fpl$fpinit)
    __fplib_config_pureend_doubles           0x08007089   Thumb Code     0  fpinit.o(x$fpl$fpinit)
    AHBPrescTable                            0x0800708a   Data          16  system_stm32f4xx.o(.constdata)
    __I$use$fp                               0x0800708a   Number         0  usenofp.o(x$fpl$usenofp)
    APBPrescTable                            0x0800709a   Data           8  system_stm32f4xx.o(.constdata)
    SD_Driver                                0x080070a4   Data          20  sd_diskio.o(.constdata)
    STORAGE_Inquirydata_FS                   0x08007154   Data          36  usbd_storage_if.o(.constdata)
    Region$$Table$$Base                      0x08007178   Number         0  anon$$obj.o(Region$$Table)
    Region$$Table$$Limit                     0x08007198   Number         0  anon$$obj.o(Region$$Table)
    fresult                                  0x20000000   Data           1  main.o(.data)
    br                                       0x20000004   Data           4  main.o(.data)
    pfs                                      0x20000008   Data           4  main.o(.data)
    fre_clust                                0x2000000c   Data           4  main.o(.data)
    total                                    0x20000010   Data           4  main.o(.data)
    free_space                               0x20000014   Data           4  main.o(.data)
    uwTickFreq                               0x20000018   Data           1  stm32f4xx_hal.o(.data)
    uwTickPrio                               0x2000001c   Data           4  stm32f4xx_hal.o(.data)
    uwTick                                   0x20000020   Data           4  stm32f4xx_hal.o(.data)
    SystemCoreClock                          0x20000024   Data           4  system_stm32f4xx.o(.data)
    retSD                                    0x20000029   Data           1  fatfs.o(.data)
    SDPath                                   0x2000002a   Data           4  fatfs.o(.data)
    FS_Desc                                  0x20000038   Data          28  usbd_desc.o(.data)
    USBD_LangIDDesc                          0x20000054   Data           4  usbd_desc.o(.data)
    USBD_FS_DeviceDesc                       0x20000058   Data          18  usbd_desc.o(.data)
    USBD_StringSerial                        0x2000006c   Data          26  usbd_desc.o(.data)
    USBD_Storage_Interface_fops_FS           0x20000088   Data          32  usbd_storage_if.o(.data)
    USBD_MSC                                 0x200000ac   Data          56  usbd_msc.o(.data)
    MSCInEpAdd                               0x200000e4   Data           1  usbd_msc.o(.data)
    MSCOutEpAdd                              0x200000e5   Data           1  usbd_msc.o(.data)
    MSC_Page00_Inquiry_Data                  0x20000112   Data           6  usbd_msc_data.o(.data)
    MSC_Page80_Inquiry_Data                  0x20000118   Data           8  usbd_msc_data.o(.data)
    MSC_Mode_Sense6_data                     0x20000120   Data          23  usbd_msc_data.o(.data)
    MSC_Mode_Sense10_data                    0x20000137   Data          27  usbd_msc_data.o(.data)
    hsd                                      0x20000154   Data         132  main.o(.bss)
    huart2                                   0x200001d8   Data          68  main.o(.bss)
    fs                                       0x2000021c   Data        4148  main.o(.bss)
    fil                                      0x20001250   Data        4144  main.o(.bss)
    buffer                                   0x20002280   Data         128  main.o(.bss)
    disk                                     0x20002320   Data          12  ff_gen_drv.o(.bss)
    hUsbDeviceFS                             0x2000232c   Data         732  usb_device.o(.bss)
    USBD_StrDesc                             0x20002608   Data         512  usbd_desc.o(.bss)
    cardInfo                                 0x20002808   Data          32  usbd_storage_if.o(.bss)
    hpcd_USB_OTG_FS                          0x20002aa0   Data        1292  usbd_conf.o(.bss)
    __libspace_start                         0x20002fac   Data          96  libspace.o(.bss)
    __temporary_stack_top$libspace           0x2000300c   Data           0  libspace.o(.bss)



==============================================================================

Memory Map of the image

  Image Entry point : 0x08000199

  Load Region LR_IROM1 (Base: 0x08000000, Size: 0x000072ec, Max: 0x00080000, ABSOLUTE, COMPRESSED[0x0000724c])

    Execution Region ER_IROM1 (Exec base: 0x08000000, Load base: 0x08000000, Size: 0x00007198, Max: 0x00080000, ABSOLUTE)

    Exec Addr    Load Addr    Size         Type   Attr      Idx    E Section Name        Object

    0x08000000   0x08000000   0x00000198   Data   RO            3    RESET               startup_stm32f411xe.o
    0x08000198   0x08000198   0x00000008   Code   RO         4803  * !!!main             c_w.l(__main.o)
    0x080001a0   0x080001a0   0x00000034   Code   RO         5000    !!!scatter          c_w.l(__scatter.o)
    0x080001d4   0x080001d4   0x0000005a   Code   RO         4998    !!dczerorl2         c_w.l(__dczerorl2.o)
    0x0800022e   0x0800022e   0x00000002   PAD
    0x08000230   0x08000230   0x0000001c   Code   RO         5002    !!handler_zi        c_w.l(__scatter_zi.o)
    0x0800024c   0x0800024c   0x00000000   Code   RO         4794    .ARM.Collect$$_printf_percent$$00000000  c_w.l(_printf_percent.o)
    0x0800024c   0x0800024c   0x00000006   Code   RO         4793    .ARM.Collect$$_printf_percent$$0000000A  c_w.l(_printf_u.o)
    0x08000252   0x08000252   0x00000004   Code   RO         4828    .ARM.Collect$$_printf_percent$$00000017  c_w.l(_printf_percent_end.o)
    0x08000256   0x08000256   0x00000002   Code   RO         4866    .ARM.Collect$$libinit$$00000000  c_w.l(libinit.o)
    0x08000258   0x08000258   0x00000004   Code   RO         4878    .ARM.Collect$$libinit$$00000001  c_w.l(libinit2.o)
    0x0800025c   0x0800025c   0x00000000   Code   RO         4881    .ARM.Collect$$libinit$$00000004  c_w.l(libinit2.o)
    0x0800025c   0x0800025c   0x00000000   Code   RO         4884    .ARM.Collect$$libinit$$0000000A  c_w.l(libinit2.o)
    0x0800025c   0x0800025c   0x00000000   Code   RO         4886    .ARM.Collect$$libinit$$0000000C  c_w.l(libinit2.o)
    0x0800025c   0x0800025c   0x00000000   Code   RO         4888    .ARM.Collect$$libinit$$0000000E  c_w.l(libinit2.o)
    0x0800025c   0x0800025c   0x00000000   Code   RO         4891    .ARM.Collect$$libinit$$00000011  c_w.l(libinit2.o)
    0x0800025c   0x0800025c   0x00000000   Code   RO         4893    .ARM.Collect$$libinit$$00000013  c_w.l(libinit2.o)
    0x0800025c   0x0800025c   0x00000000   Code   RO         4895    .ARM.Collect$$libinit$$00000015  c_w.l(libinit2.o)
    0x0800025c   0x0800025c   0x00000000   Code   RO         4897    .ARM.Collect$$libinit$$00000017  c_w.l(libinit2.o)
    0x0800025c   0x0800025c   0x00000000   Code   RO         4899    .ARM.Collect$$libinit$$00000019  c_w.l(libinit2.o)
    0x0800025c   0x0800025c   0x00000000   Code   RO         4901    .ARM.Collect$$libinit$$0000001B  c_w.l(libinit2.o)
    0x0800025c   0x0800025c   0x00000000   Code   RO         4903    .ARM.Collect$$libinit$$0000001D  c_w.l(libinit2.o)
    0x0800025c   0x0800025c   0x00000000   Code   RO         4905    .ARM.Collect$$libinit$$0000001F  c_w.l(libinit2.o)
    0x0800025c   0x0800025c   0x00000000   Code   RO         4907    .ARM.Collect$$libinit$$00000021  c_w.l(libinit2.o)
    0x0800025c   0x0800025c   0x00000000   Code   RO         4909    .ARM.Collect$$libinit$$00000023  c_w.l(libinit2.o)
    0x0800025c   0x0800025c   0x00000000   Code   RO         4911    .ARM.Collect$$libinit$$00000025  c_w.l(libinit2.o)
    0x0800025c   0x0800025c   0x00000000   Code   RO         4915    .ARM.Collect$$libinit$$0000002C  c_w.l(libinit2.o)
    0x0800025c   0x0800025c   0x00000000   Code   RO         4917    .ARM.Collect$$libinit$$0000002E  c_w.l(libinit2.o)
    0x0800025c   0x0800025c   0x00000000   Code   RO         4919    .ARM.Collect$$libinit$$00000030  c_w.l(libinit2.o)
    0x0800025c   0x0800025c   0x00000000   Code   RO         4921    .ARM.Collect$$libinit$$00000032  c_w.l(libinit2.o)
    0x0800025c   0x0800025c   0x00000002   Code   RO         4922    .ARM.Collect$$libinit$$00000033  c_w.l(libinit2.o)
    0x0800025e   0x0800025e   0x00000002   Code   RO         4953    .ARM.Collect$$libshutdown$$00000000  c_w.l(libshutdown.o)
    0x08000260   0x08000260   0x00000000   Code   RO         4979    .ARM.Collect$$libshutdown$$00000002  c_w.l(libshutdown2.o)
    0x08000260   0x08000260   0x00000000   Code   RO         4981    .ARM.Collect$$libshutdown$$00000004  c_w.l(libshutdown2.o)
    0x08000260   0x08000260   0x00000000   Code   RO         4983    .ARM.Collect$$libshutdown$$00000006  c_w.l(libshutdown2.o)
    0x08000260   0x08000260   0x00000000   Code   RO         4986    .ARM.Collect$$libshutdown$$00000009  c_w.l(libshutdown2.o)
    0x08000260   0x08000260   0x00000000   Code   RO         4989    .ARM.Collect$$libshutdown$$0000000C  c_w.l(libshutdown2.o)
    0x08000260   0x08000260   0x00000000   Code   RO         4991    .ARM.Collect$$libshutdown$$0000000E  c_w.l(libshutdown2.o)
    0x08000260   0x08000260   0x00000000   Code   RO         4994    .ARM.Collect$$libshutdown$$00000011  c_w.l(libshutdown2.o)
    0x08000260   0x08000260   0x00000002   Code   RO         4995    .ARM.Collect$$libshutdown$$00000012  c_w.l(libshutdown2.o)
    0x08000262   0x08000262   0x00000000   Code   RO         4817    .ARM.Collect$$rtentry$$00000000  c_w.l(__rtentry.o)
    0x08000262   0x08000262   0x00000000   Code   RO         4835    .ARM.Collect$$rtentry$$00000002  c_w.l(__rtentry2.o)
    0x08000262   0x08000262   0x00000006   Code   RO         4847    .ARM.Collect$$rtentry$$00000004  c_w.l(__rtentry4.o)
    0x08000268   0x08000268   0x00000000   Code   RO         4837    .ARM.Collect$$rtentry$$00000009  c_w.l(__rtentry2.o)
    0x08000268   0x08000268   0x00000004   Code   RO         4838    .ARM.Collect$$rtentry$$0000000A  c_w.l(__rtentry2.o)
    0x0800026c   0x0800026c   0x00000000   Code   RO         4840    .ARM.Collect$$rtentry$$0000000C  c_w.l(__rtentry2.o)
    0x0800026c   0x0800026c   0x00000008   Code   RO         4841    .ARM.Collect$$rtentry$$0000000D  c_w.l(__rtentry2.o)
    0x08000274   0x08000274   0x00000002   Code   RO         4870    .ARM.Collect$$rtexit$$00000000  c_w.l(rtexit.o)
    0x08000276   0x08000276   0x00000000   Code   RO         4926    .ARM.Collect$$rtexit$$00000002  c_w.l(rtexit2.o)
    0x08000276   0x08000276   0x00000004   Code   RO         4927    .ARM.Collect$$rtexit$$00000003  c_w.l(rtexit2.o)
    0x0800027a   0x0800027a   0x00000006   Code   RO         4928    .ARM.Collect$$rtexit$$00000004  c_w.l(rtexit2.o)
    0x08000280   0x08000280   0x00000040   Code   RO            4    .text               startup_stm32f411xe.o
    0x080002c0   0x080002c0   0x000000ee   Code   RO         4763    .text               c_w.l(lludivv7m.o)
    0x080003ae   0x080003ae   0x00000002   PAD
    0x080003b0   0x080003b0   0x00000028   Code   RO         4767    .text               c_w.l(noretval__2sprintf.o)
    0x080003d8   0x080003d8   0x00000078   Code   RO         4771    .text               c_w.l(_printf_dec.o)
    0x08000450   0x08000450   0x000000b8   Code   RO         4776    .text               c_w.l(__printf_ss.o)
    0x08000508   0x08000508   0x0000003e   Code   RO         4795    .text               c_w.l(strlen.o)
    0x08000546   0x08000546   0x00000064   Code   RO         4797    .text               c_w.l(rt_memcpy_w.o)
    0x080005aa   0x080005aa   0x0000004e   Code   RO         4799    .text               c_w.l(rt_memclr_w.o)
    0x080005f8   0x080005f8   0x00000006   Code   RO         4801    .text               c_w.l(heapauxi.o)
    0x080005fe   0x080005fe   0x000000b2   Code   RO         4822    .text               c_w.l(_printf_intcommon.o)
    0x080006b0   0x080006b0   0x00000030   Code   RO         4824    .text               c_w.l(_printf_char_common.o)
    0x080006e0   0x080006e0   0x0000000a   Code   RO         4826    .text               c_w.l(_sputc.o)
    0x080006ea   0x080006ea   0x0000004a   Code   RO         4853    .text               c_w.l(sys_stackheap_outer.o)
    0x08000734   0x08000734   0x00000012   Code   RO         4855    .text               c_w.l(exit.o)
    0x08000746   0x08000746   0x00000002   PAD
    0x08000748   0x08000748   0x00000008   Code   RO         4867    .text               c_w.l(libspace.o)
    0x08000750   0x08000750   0x0000000c   Code   RO         4923    .text               c_w.l(sys_exit.o)
    0x0800075c   0x0800075c   0x00000002   Code   RO         4942    .text               c_w.l(use_no_semi.o)
    0x0800075e   0x0800075e   0x00000000   Code   RO         4944    .text               c_w.l(indicate_semi.o)
    0x0800075e   0x0800075e   0x00000002   PAD
    0x08000760   0x08000760   0x0000000c   Code   RO         3098    i.BSP_SD_GetCardInfo  bsp_driver_sd.o
    0x0800076c   0x0800076c   0x00000018   Code   RO         3099    i.BSP_SD_GetCardState  bsp_driver_sd.o
    0x08000784   0x08000784   0x0000001c   Code   RO         3101    i.BSP_SD_Init       bsp_driver_sd.o
    0x080007a0   0x080007a0   0x0000000e   Code   RO         3102    i.BSP_SD_IsDetected  bsp_driver_sd.o
    0x080007ae   0x080007ae   0x00000002   PAD
    0x080007b0   0x080007b0   0x00000020   Code   RO         3103    i.BSP_SD_ReadBlocks  bsp_driver_sd.o
    0x080007d0   0x080007d0   0x00000020   Code   RO         3106    i.BSP_SD_WriteBlocks  bsp_driver_sd.o
    0x080007f0   0x080007f0   0x00000002   Code   RO          228    i.BusFault_Handler  stm32f4xx_it.o
    0x080007f2   0x080007f2   0x00000002   Code   RO          229    i.DebugMon_Handler  stm32f4xx_it.o
    0x080007f4   0x080007f4   0x00000004   Code   RO           13    i.Error_Handler     main.o
    0x080007f8   0x080007f8   0x00000006   Code   RO         3701    i.FATFS_LinkDriver  ff_gen_drv.o
    0x080007fe   0x080007fe   0x00000002   PAD
    0x08000800   0x08000800   0x00000040   Code   RO         3702    i.FATFS_LinkDriverEx  ff_gen_drv.o
    0x08000840   0x08000840   0x00000024   Code   RO         1902    i.HAL_Delay         stm32f4xx_hal.o
    0x08000864   0x08000864   0x000001e0   Code   RO         1352    i.HAL_GPIO_Init     stm32f4xx_hal_gpio.o
    0x08000a44   0x08000a44   0x0000000a   Code   RO         1356    i.HAL_GPIO_WritePin  stm32f4xx_hal_gpio.o
    0x08000a4e   0x08000a4e   0x00000002   PAD
    0x08000a50   0x08000a50   0x0000000c   Code   RO         1908    i.HAL_GetTick       stm32f4xx_hal.o
    0x08000a5c   0x08000a5c   0x00000010   Code   RO         1914    i.HAL_IncTick       stm32f4xx_hal.o
    0x08000a6c   0x08000a6c   0x00000034   Code   RO         1915    i.HAL_Init          stm32f4xx_hal.o
    0x08000aa0   0x08000aa0   0x00000040   Code   RO         1916    i.HAL_InitTick      stm32f4xx_hal.o
    0x08000ae0   0x08000ae0   0x00000030   Code   RO          310    i.HAL_MspInit       stm32f4xx_hal_msp.o
    0x08000b10   0x08000b10   0x0000001a   Code   RO         1765    i.HAL_NVIC_EnableIRQ  stm32f4xx_hal_cortex.o
    0x08000b2a   0x08000b2a   0x00000002   PAD
    0x08000b2c   0x08000b2c   0x00000040   Code   RO         1771    i.HAL_NVIC_SetPriority  stm32f4xx_hal_cortex.o
    0x08000b6c   0x08000b6c   0x00000024   Code   RO         1772    i.HAL_NVIC_SetPriorityGrouping  stm32f4xx_hal_cortex.o
    0x08000b90   0x08000b90   0x00000002   Code   RO          597    i.HAL_PCDEx_LPM_Callback  stm32f4xx_hal_pcd_ex.o
    0x08000b92   0x08000b92   0x00000008   Code   RO          598    i.HAL_PCDEx_SetRxFiFo  stm32f4xx_hal_pcd_ex.o
    0x08000b9a   0x08000b9a   0x00000044   Code   RO          599    i.HAL_PCDEx_SetTxFiFo  stm32f4xx_hal_pcd_ex.o
    0x08000bde   0x08000bde   0x00000008   Code   RO         3977    i.HAL_PCD_ConnectCallback  usbd_conf.o
    0x08000be6   0x08000be6   0x00000012   Code   RO         3978    i.HAL_PCD_DataInStageCallback  usbd_conf.o
    0x08000bf8   0x08000bf8   0x00000014   Code   RO         3979    i.HAL_PCD_DataOutStageCallback  usbd_conf.o
    0x08000c0c   0x08000c0c   0x00000008   Code   RO         3980    i.HAL_PCD_DisconnectCallback  usbd_conf.o
    0x08000c14   0x08000c14   0x0000001e   Code   RO          367    i.HAL_PCD_EP_Abort  stm32f4xx_hal_pcd.o
    0x08000c32   0x08000c32   0x0000004c   Code   RO          368    i.HAL_PCD_EP_Close  stm32f4xx_hal_pcd.o
    0x08000c7e   0x08000c7e   0x0000005c   Code   RO          369    i.HAL_PCD_EP_ClrStall  stm32f4xx_hal_pcd.o
    0x08000cda   0x08000cda   0x00000034   Code   RO          370    i.HAL_PCD_EP_Flush  stm32f4xx_hal_pcd.o
    0x08000d0e   0x08000d0e   0x00000012   Code   RO          371    i.HAL_PCD_EP_GetRxCount  stm32f4xx_hal_pcd.o
    0x08000d20   0x08000d20   0x00000060   Code   RO          372    i.HAL_PCD_EP_Open   stm32f4xx_hal_pcd.o
    0x08000d80   0x08000d80   0x00000048   Code   RO          373    i.HAL_PCD_EP_Receive  stm32f4xx_hal_pcd.o
    0x08000dc8   0x08000dc8   0x00000074   Code   RO          374    i.HAL_PCD_EP_SetStall  stm32f4xx_hal_pcd.o
    0x08000e3c   0x08000e3c   0x00000040   Code   RO          375    i.HAL_PCD_EP_Transmit  stm32f4xx_hal_pcd.o
    0x08000e7c   0x08000e7c   0x00000560   Code   RO          377    i.HAL_PCD_IRQHandler  stm32f4xx_hal_pcd.o
    0x080013dc   0x080013dc   0x00000008   Code   RO         3981    i.HAL_PCD_ISOINIncompleteCallback  usbd_conf.o
    0x080013e4   0x080013e4   0x00000008   Code   RO         3982    i.HAL_PCD_ISOOUTIncompleteCallback  usbd_conf.o
    0x080013ec   0x080013ec   0x000000e2   Code   RO          380    i.HAL_PCD_Init      stm32f4xx_hal_pcd.o
    0x080014ce   0x080014ce   0x00000002   PAD
    0x080014d0   0x080014d0   0x00000084   Code   RO         3984    i.HAL_PCD_MspInit   usbd_conf.o
    0x08001554   0x08001554   0x00000026   Code   RO         3985    i.HAL_PCD_ResetCallback  usbd_conf.o
    0x0800157a   0x0800157a   0x00000008   Code   RO         3986    i.HAL_PCD_ResumeCallback  usbd_conf.o
    0x08001582   0x08001582   0x00000008   Code   RO         3987    i.HAL_PCD_SOFCallback  usbd_conf.o
    0x0800158a   0x0800158a   0x00000028   Code   RO          386    i.HAL_PCD_SetAddress  stm32f4xx_hal_pcd.o
    0x080015b2   0x080015b2   0x0000000e   Code   RO         3988    i.HAL_PCD_SetupStageCallback  usbd_conf.o
    0x080015c0   0x080015c0   0x00000042   Code   RO          389    i.HAL_PCD_Start     stm32f4xx_hal_pcd.o
    0x08001602   0x08001602   0x00000002   PAD
    0x08001604   0x08001604   0x00000030   Code   RO         3989    i.HAL_PCD_SuspendCallback  usbd_conf.o
    0x08001634   0x08001634   0x00000134   Code   RO          944    i.HAL_RCC_ClockConfig  stm32f4xx_hal_rcc.o
    0x08001768   0x08001768   0x0000000c   Code   RO          949    i.HAL_RCC_GetHCLKFreq  stm32f4xx_hal_rcc.o
    0x08001774   0x08001774   0x00000020   Code   RO          951    i.HAL_RCC_GetPCLK1Freq  stm32f4xx_hal_rcc.o
    0x08001794   0x08001794   0x00000020   Code   RO          952    i.HAL_RCC_GetPCLK2Freq  stm32f4xx_hal_rcc.o
    0x080017b4   0x080017b4   0x00000060   Code   RO          953    i.HAL_RCC_GetSysClockFreq  stm32f4xx_hal_rcc.o
    0x08001814   0x08001814   0x0000036c   Code   RO          956    i.HAL_RCC_OscConfig  stm32f4xx_hal_rcc.o
    0x08001b80   0x08001b80   0x00000198   Code   RO         2447    i.HAL_SD_GetCardCSD  stm32f4xx_hal_sd.o
    0x08001d18   0x08001d18   0x00000024   Code   RO         2448    i.HAL_SD_GetCardInfo  stm32f4xx_hal_sd.o
    0x08001d3c   0x08001d3c   0x0000002c   Code   RO         2449    i.HAL_SD_GetCardState  stm32f4xx_hal_sd.o
    0x08001d68   0x08001d68   0x00000036   Code   RO         2454    i.HAL_SD_Init       stm32f4xx_hal_sd.o
    0x08001d9e   0x08001d9e   0x00000002   PAD
    0x08001da0   0x08001da0   0x0000007c   Code   RO         2455    i.HAL_SD_InitCard   stm32f4xx_hal_sd.o
    0x08001e1c   0x08001e1c   0x000000bc   Code   RO          312    i.HAL_SD_MspInit    stm32f4xx_hal_msp.o
    0x08001ed8   0x08001ed8   0x000001d8   Code   RO         2458    i.HAL_SD_ReadBlocks  stm32f4xx_hal_sd.o
    0x080020b0   0x080020b0   0x000001ac   Code   RO         2463    i.HAL_SD_WriteBlocks  stm32f4xx_hal_sd.o
    0x0800225c   0x0800225c   0x00000028   Code   RO         1776    i.HAL_SYSTICK_Config  stm32f4xx_hal_cortex.o
    0x08002284   0x08002284   0x00000062   Code   RO         2729    i.HAL_UART_Init     stm32f4xx_hal_uart.o
    0x080022e6   0x080022e6   0x00000002   PAD
    0x080022e8   0x080022e8   0x00000068   Code   RO          314    i.HAL_UART_MspInit  stm32f4xx_hal_msp.o
    0x08002350   0x08002350   0x000000b2   Code   RO         2737    i.HAL_UART_Transmit  stm32f4xx_hal_uart.o
    0x08002402   0x08002402   0x00000002   Code   RO          230    i.HardFault_Handler  stm32f4xx_it.o
    0x08002404   0x08002404   0x00000038   Code   RO         3829    i.IntToUnicode      usbd_desc.o
    0x0800243c   0x0800243c   0x00000060   Code   RO         4561    i.MSC_BOT_Abort     usbd_msc_bot.o
    0x0800249c   0x0800249c   0x000000f0   Code   RO         4562    i.MSC_BOT_CBW_Decode  usbd_msc_bot.o
    0x0800258c   0x0800258c   0x00000050   Code   RO         4563    i.MSC_BOT_CplClrFeature  usbd_msc_bot.o
    0x080025dc   0x080025dc   0x00000046   Code   RO         4564    i.MSC_BOT_DataIn    usbd_msc_bot.o
    0x08002622   0x08002622   0x00000046   Code   RO         4565    i.MSC_BOT_DataOut   usbd_msc_bot.o
    0x08002668   0x08002668   0x00000016   Code   RO         4566    i.MSC_BOT_DeInit    usbd_msc_bot.o
    0x0800267e   0x0800267e   0x00000002   PAD
    0x08002680   0x08002680   0x00000068   Code   RO         4567    i.MSC_BOT_Init      usbd_msc_bot.o
    0x080026e8   0x080026e8   0x0000004c   Code   RO         4568    i.MSC_BOT_Reset     usbd_msc_bot.o
    0x08002734   0x08002734   0x00000054   Code   RO         4569    i.MSC_BOT_SendCSW   usbd_msc_bot.o
    0x08002788   0x08002788   0x0000001c   Code   RO         3276    i.MX_FATFS_Init     fatfs.o
    0x080027a4   0x080027a4   0x00000090   Code   RO           14    i.MX_GPIO_Init      main.o
    0x08002834   0x08002834   0x00000054   Code   RO         3775    i.MX_USB_DEVICE_Init  usb_device.o
    0x08002888   0x08002888   0x00000002   Code   RO          231    i.MemManage_Handler  stm32f4xx_it.o
    0x0800288a   0x0800288a   0x00000002   Code   RO          232    i.NMI_Handler       stm32f4xx_it.o
    0x0800288c   0x0800288c   0x0000000c   Code   RO          233    i.OTG_FS_IRQHandler  stm32f4xx_it.o
    0x08002898   0x08002898   0x000000cc   Code   RO          393    i.PCD_EP_OutXfrComplete_int  stm32f4xx_hal_pcd.o
    0x08002964   0x08002964   0x000000a2   Code   RO          394    i.PCD_WriteEmptyTxFifo  stm32f4xx_hal_pcd.o
    0x08002a06   0x08002a06   0x00000002   Code   RO          234    i.PendSV_Handler    stm32f4xx_it.o
    0x08002a08   0x08002a08   0x0000002e   Code   RO         4659    i.SCSI_CheckAddressRange  usbd_msc_scsi.o
    0x08002a36   0x08002a36   0x00000002   PAD
    0x08002a38   0x08002a38   0x0000007c   Code   RO         4660    i.SCSI_Inquiry      usbd_msc_scsi.o
    0x08002ab4   0x08002ab4   0x0000015c   Code   RO         4661    i.SCSI_ProcessCmd   usbd_msc_scsi.o
    0x08002c10   0x08002c10   0x000000a8   Code   RO         4662    i.SCSI_ProcessRead  usbd_msc_scsi.o
    0x08002cb8   0x08002cb8   0x000000b4   Code   RO         4663    i.SCSI_ProcessWrite  usbd_msc_scsi.o
    0x08002d6c   0x08002d6c   0x000000ae   Code   RO         4664    i.SCSI_Read10       usbd_msc_scsi.o
    0x08002e1a   0x08002e1a   0x000000b8   Code   RO         4665    i.SCSI_Read12       usbd_msc_scsi.o
    0x08002ed2   0x08002ed2   0x00000076   Code   RO         4666    i.SCSI_ReadCapacity10  usbd_msc_scsi.o
    0x08002f48   0x08002f48   0x000000aa   Code   RO         4667    i.SCSI_ReadCapacity16  usbd_msc_scsi.o
    0x08002ff2   0x08002ff2   0x00000086   Code   RO         4668    i.SCSI_ReadFormatCapacity  usbd_msc_scsi.o
    0x08003078   0x08003078   0x00000088   Code   RO         4669    i.SCSI_RequestSense  usbd_msc_scsi.o
    0x08003100   0x08003100   0x0000004c   Code   RO         4670    i.SCSI_SenseCode    usbd_msc_scsi.o
    0x0800314c   0x0800314c   0x00000060   Code   RO         4671    i.SCSI_TestUnitReady  usbd_msc_scsi.o
    0x080031ac   0x080031ac   0x00000020   Code   RO         4672    i.SCSI_UpdateBotData  usbd_msc_scsi.o
    0x080031cc   0x080031cc   0x000000e4   Code   RO         4673    i.SCSI_Write10      usbd_msc_scsi.o
    0x080032b0   0x080032b0   0x000000f0   Code   RO         4674    i.SCSI_Write12      usbd_msc_scsi.o
    0x080033a0   0x080033a0   0x00000024   Code   RO         2153    i.SDIO_ConfigData   stm32f4xx_ll_sdmmc.o
    0x080033c4   0x080033c4   0x00000008   Code   RO         2157    i.SDIO_GetPowerState  stm32f4xx_ll_sdmmc.o
    0x080033cc   0x080033cc   0x00000006   Code   RO         2158    i.SDIO_GetResponse  stm32f4xx_ll_sdmmc.o
    0x080033d2   0x080033d2   0x00000024   Code   RO         2159    i.SDIO_Init         stm32f4xx_ll_sdmmc.o
    0x080033f6   0x080033f6   0x00000008   Code   RO         2161    i.SDIO_PowerState_ON  stm32f4xx_ll_sdmmc.o
    0x080033fe   0x080033fe   0x00000006   Code   RO         2162    i.SDIO_ReadFIFO     stm32f4xx_ll_sdmmc.o
    0x08003404   0x08003404   0x00000020   Code   RO         2163    i.SDIO_SendCommand  stm32f4xx_ll_sdmmc.o
    0x08003424   0x08003424   0x0000000a   Code   RO         2165    i.SDIO_WriteFIFO    stm32f4xx_ll_sdmmc.o
    0x0800342e   0x0800342e   0x00000032   Code   RO         2166    i.SDMMC_CmdAppCommand  stm32f4xx_ll_sdmmc.o
    0x08003460   0x08003460   0x00000034   Code   RO         2167    i.SDMMC_CmdAppOperCommand  stm32f4xx_ll_sdmmc.o
    0x08003494   0x08003494   0x00000032   Code   RO         2168    i.SDMMC_CmdBlockLength  stm32f4xx_ll_sdmmc.o
    0x080034c6   0x080034c6   0x00000002   PAD
    0x080034c8   0x080034c8   0x00000050   Code   RO         2173    i.SDMMC_CmdGoIdleState  stm32f4xx_ll_sdmmc.o
    0x08003518   0x08003518   0x00000030   Code   RO         2175    i.SDMMC_CmdOperCond  stm32f4xx_ll_sdmmc.o
    0x08003548   0x08003548   0x00000032   Code   RO         2176    i.SDMMC_CmdReadMultiBlock  stm32f4xx_ll_sdmmc.o
    0x0800357a   0x0800357a   0x00000032   Code   RO         2177    i.SDMMC_CmdReadSingleBlock  stm32f4xx_ll_sdmmc.o
    0x080035ac   0x080035ac   0x00000032   Code   RO         2180    i.SDMMC_CmdSelDesel  stm32f4xx_ll_sdmmc.o
    0x080035de   0x080035de   0x0000002c   Code   RO         2181    i.SDMMC_CmdSendCID  stm32f4xx_ll_sdmmc.o
    0x0800360a   0x0800360a   0x0000002c   Code   RO         2182    i.SDMMC_CmdSendCSD  stm32f4xx_ll_sdmmc.o
    0x08003636   0x08003636   0x00000032   Code   RO         2185    i.SDMMC_CmdSendStatus  stm32f4xx_ll_sdmmc.o
    0x08003668   0x08003668   0x00000030   Code   RO         2186    i.SDMMC_CmdSetRelAdd  stm32f4xx_ll_sdmmc.o
    0x08003698   0x08003698   0x00000034   Code   RO         2189    i.SDMMC_CmdStopTransfer  stm32f4xx_ll_sdmmc.o
    0x080036cc   0x080036cc   0x00000032   Code   RO         2191    i.SDMMC_CmdWriteMultiBlock  stm32f4xx_ll_sdmmc.o
    0x080036fe   0x080036fe   0x00000032   Code   RO         2192    i.SDMMC_CmdWriteSingleBlock  stm32f4xx_ll_sdmmc.o
    0x08003730   0x08003730   0x00000120   Code   RO         2193    i.SDMMC_GetCmdResp1  stm32f4xx_ll_sdmmc.o
    0x08003850   0x08003850   0x00000050   Code   RO         2194    i.SDMMC_GetCmdResp2  stm32f4xx_ll_sdmmc.o
    0x080038a0   0x080038a0   0x00000044   Code   RO         2195    i.SDMMC_GetCmdResp3  stm32f4xx_ll_sdmmc.o
    0x080038e4   0x080038e4   0x00000088   Code   RO         2196    i.SDMMC_GetCmdResp6  stm32f4xx_ll_sdmmc.o
    0x0800396c   0x0800396c   0x00000058   Code   RO         2197    i.SDMMC_GetCmdResp7  stm32f4xx_ll_sdmmc.o
    0x080039c4   0x080039c4   0x00000020   Code   RO         3216    i.SD_CheckStatus    sd_diskio.o
    0x080039e4   0x080039e4   0x000000ee   Code   RO         2472    i.SD_InitCard       stm32f4xx_hal_sd.o
    0x08003ad2   0x08003ad2   0x00000002   PAD
    0x08003ad4   0x08003ad4   0x000000b4   Code   RO         2473    i.SD_PowerON        stm32f4xx_hal_sd.o
    0x08003b88   0x08003b88   0x00000020   Code   RO         3217    i.SD_initialize     sd_diskio.o
    0x08003ba8   0x08003ba8   0x00000050   Code   RO         3218    i.SD_ioctl          sd_diskio.o
    0x08003bf8   0x08003bf8   0x00000026   Code   RO         3219    i.SD_read           sd_diskio.o
    0x08003c1e   0x08003c1e   0x00000004   Code   RO         3220    i.SD_status         sd_diskio.o
    0x08003c22   0x08003c22   0x00000002   PAD
    0x08003c24   0x08003c24   0x00000026   Code   RO         3221    i.SD_write          sd_diskio.o
    0x08003c4a   0x08003c4a   0x00000002   PAD
    0x08003c4c   0x08003c4c   0x00000014   Code   RO         3915    i.STORAGE_GetCapacity_FS  usbd_storage_if.o
    0x08003c60   0x08003c60   0x00000004   Code   RO         3916    i.STORAGE_GetMaxLun_FS  usbd_storage_if.o
    0x08003c64   0x08003c64   0x00000018   Code   RO         3917    i.STORAGE_Init_FS   usbd_storage_if.o
    0x08003c7c   0x08003c7c   0x00000004   Code   RO         3918    i.STORAGE_IsReady_FS  usbd_storage_if.o
    0x08003c80   0x08003c80   0x00000004   Code   RO         3919    i.STORAGE_IsWriteProtected_FS  usbd_storage_if.o
    0x08003c84   0x08003c84   0x00000014   Code   RO         3920    i.STORAGE_Read_FS   usbd_storage_if.o
    0x08003c98   0x08003c98   0x00000014   Code   RO         3921    i.STORAGE_Write_FS  usbd_storage_if.o
    0x08003cac   0x08003cac   0x00000002   Code   RO          235    i.SVC_Handler       stm32f4xx_it.o
    0x08003cae   0x08003cae   0x0000000a   Code   RO         4343    i.SWAPBYTE          usbd_ctlreq.o
    0x08003cb8   0x08003cb8   0x00000004   Code   RO          236    i.SysTick_Handler   stm32f4xx_it.o
    0x08003cbc   0x08003cbc   0x00000098   Code   RO           15    i.SystemClock_Config  main.o
    0x08003d54   0x08003d54   0x00000010   Code   RO         3058    i.SystemInit        system_stm32f4xx.o
    0x08003d64   0x08003d64   0x0000010c   Code   RO         2755    i.UART_SetConfig    stm32f4xx_hal_uart.o
    0x08003e70   0x08003e70   0x00000078   Code   RO         2758    i.UART_WaitOnFlagUntilTimeout  stm32f4xx_hal_uart.o
    0x08003ee8   0x08003ee8   0x00000014   Code   RO         4184    i.USBD_ClrClassConfig  usbd_core.o
    0x08003efc   0x08003efc   0x00000004   Code   RO         4185    i.USBD_CoreFindEP   usbd_core.o
    0x08003f00   0x08003f00   0x00000004   Code   RO         4186    i.USBD_CoreFindIF   usbd_core.o
    0x08003f04   0x08003f04   0x00000010   Code   RO         4416    i.USBD_CtlContinueRx  usbd_ioreq.o
    0x08003f14   0x08003f14   0x00000010   Code   RO         4417    i.USBD_CtlContinueSendData  usbd_ioreq.o
    0x08003f24   0x08003f24   0x00000016   Code   RO         4344    i.USBD_CtlError     usbd_ctlreq.o
    0x08003f3a   0x08003f3a   0x00000016   Code   RO         4419    i.USBD_CtlReceiveStatus  usbd_ioreq.o
    0x08003f50   0x08003f50   0x0000001a   Code   RO         4420    i.USBD_CtlSendData  usbd_ioreq.o
    0x08003f6a   0x08003f6a   0x00000016   Code   RO         4421    i.USBD_CtlSendStatus  usbd_ioreq.o
    0x08003f80   0x08003f80   0x00000020   Code   RO         3830    i.USBD_FS_ConfigStrDescriptor  usbd_desc.o
    0x08003fa0   0x08003fa0   0x0000000c   Code   RO         3831    i.USBD_FS_DeviceDescriptor  usbd_desc.o
    0x08003fac   0x08003fac   0x00000024   Code   RO         3832    i.USBD_FS_InterfaceStrDescriptor  usbd_desc.o
    0x08003fd0   0x08003fd0   0x0000000c   Code   RO         3833    i.USBD_FS_LangIDStrDescriptor  usbd_desc.o
    0x08003fdc   0x08003fdc   0x00000028   Code   RO         3834    i.USBD_FS_ManufacturerStrDescriptor  usbd_desc.o
    0x08004004   0x08004004   0x00000028   Code   RO         3835    i.USBD_FS_ProductStrDescriptor  usbd_desc.o
    0x0800402c   0x0800402c   0x00000038   Code   RO         3836    i.USBD_FS_SerialStrDescriptor  usbd_desc.o
    0x08004064   0x08004064   0x000000e6   Code   RO         4345    i.USBD_GetDescriptor  usbd_ctlreq.o
    0x0800414a   0x0800414a   0x0000003a   Code   RO         4188    i.USBD_GetEpDesc    usbd_core.o
    0x08004184   0x08004184   0x0000000e   Code   RO         4189    i.USBD_GetNextDesc  usbd_core.o
    0x08004192   0x08004192   0x00000048   Code   RO         4346    i.USBD_GetString    usbd_ctlreq.o
    0x080041da   0x080041da   0x00000018   Code   RO         3990    i.USBD_Get_USB_Status  usbd_conf.o
    0x080041f2   0x080041f2   0x00000026   Code   RO         4190    i.USBD_Init         usbd_core.o
    0x08004218   0x08004218   0x00000012   Code   RO         3991    i.USBD_LL_ClearStallEP  usbd_conf.o
    0x0800422a   0x0800422a   0x00000012   Code   RO         3992    i.USBD_LL_CloseEP   usbd_conf.o
    0x0800423c   0x0800423c   0x000000b6   Code   RO         4191    i.USBD_LL_DataInStage  usbd_core.o
    0x080042f2   0x080042f2   0x0000008e   Code   RO         4192    i.USBD_LL_DataOutStage  usbd_core.o
    0x08004380   0x08004380   0x00000004   Code   RO         4193    i.USBD_LL_DevConnected  usbd_core.o
    0x08004384   0x08004384   0x0000001e   Code   RO         4194    i.USBD_LL_DevDisconnected  usbd_core.o
    0x080043a2   0x080043a2   0x00000012   Code   RO         3995    i.USBD_LL_FlushEP   usbd_conf.o
    0x080043b4   0x080043b4   0x00000008   Code   RO         3996    i.USBD_LL_GetRxDataSize  usbd_conf.o
    0x080043bc   0x080043bc   0x00000060   Code   RO         3997    i.USBD_LL_Init      usbd_conf.o
    0x0800441c   0x0800441c   0x00000020   Code   RO         3998    i.USBD_LL_IsStallEP  usbd_conf.o
    0x0800443c   0x0800443c   0x00000028   Code   RO         4195    i.USBD_LL_IsoINIncomplete  usbd_core.o
    0x08004464   0x08004464   0x00000028   Code   RO         4196    i.USBD_LL_IsoOUTIncomplete  usbd_core.o
    0x0800448c   0x0800448c   0x00000018   Code   RO         3999    i.USBD_LL_OpenEP    usbd_conf.o
    0x080044a4   0x080044a4   0x00000012   Code   RO         4000    i.USBD_LL_PrepareReceive  usbd_conf.o
    0x080044b6   0x080044b6   0x0000005c   Code   RO         4197    i.USBD_LL_Reset     usbd_core.o
    0x08004512   0x08004512   0x00000014   Code   RO         4198    i.USBD_LL_Resume    usbd_core.o
    0x08004526   0x08004526   0x0000001a   Code   RO         4199    i.USBD_LL_SOF       usbd_core.o
    0x08004540   0x08004540   0x00000006   Code   RO         4200    i.USBD_LL_SetSpeed  usbd_core.o
    0x08004546   0x08004546   0x00000012   Code   RO         4001    i.USBD_LL_SetUSBAddress  usbd_conf.o
    0x08004558   0x08004558   0x00000060   Code   RO         4201    i.USBD_LL_SetupStage  usbd_core.o
    0x080045b8   0x080045b8   0x00000012   Code   RO         4002    i.USBD_LL_StallEP   usbd_conf.o
    0x080045ca   0x080045ca   0x00000012   Code   RO         4003    i.USBD_LL_Start     usbd_conf.o
    0x080045dc   0x080045dc   0x00000012   Code   RO         4202    i.USBD_LL_Suspend   usbd_core.o
    0x080045ee   0x080045ee   0x00000012   Code   RO         4005    i.USBD_LL_Transmit  usbd_conf.o
    0x08004600   0x08004600   0x0000000a   Code   RO         4476    i.USBD_MSC_DataIn   usbd_msc.o
    0x0800460a   0x0800460a   0x0000000a   Code   RO         4477    i.USBD_MSC_DataOut  usbd_msc.o
    0x08004614   0x08004614   0x00000074   Code   RO         4478    i.USBD_MSC_DeInit   usbd_msc.o
    0x08004688   0x08004688   0x0000000c   Code   RO         4479    i.USBD_MSC_GetDeviceQualifierDescriptor  usbd_msc.o
    0x08004694   0x08004694   0x0000002c   Code   RO         4480    i.USBD_MSC_GetFSCfgDesc  usbd_msc.o
    0x080046c0   0x080046c0   0x00000030   Code   RO         4481    i.USBD_MSC_GetHSCfgDesc  usbd_msc.o
    0x080046f0   0x080046f0   0x0000002c   Code   RO         4482    i.USBD_MSC_GetOtherSpeedCfgDesc  usbd_msc.o
    0x0800471c   0x0800471c   0x000000ac   Code   RO         4483    i.USBD_MSC_Init     usbd_msc.o
    0x080047c8   0x080047c8   0x00000016   Code   RO         4484    i.USBD_MSC_RegisterStorage  usbd_msc.o
    0x080047de   0x080047de   0x000000dc   Code   RO         4485    i.USBD_MSC_Setup    usbd_msc.o
    0x080048ba   0x080048ba   0x0000002c   Code   RO         4347    i.USBD_ParseSetupRequest  usbd_ctlreq.o
    0x080048e6   0x080048e6   0x0000003a   Code   RO         4203    i.USBD_RegisterClass  usbd_core.o
    0x08004920   0x08004920   0x00000014   Code   RO         4205    i.USBD_SetClassConfig  usbd_core.o
    0x08004934   0x08004934   0x000000b8   Code   RO         4348    i.USBD_SetConfig    usbd_ctlreq.o
    0x080049ec   0x080049ec   0x00000004   Code   RO         4206    i.USBD_Start        usbd_core.o
    0x080049f0   0x080049f0   0x0000012c   Code   RO         4349    i.USBD_StdDevReq    usbd_ctlreq.o
    0x08004b1c   0x08004b1c   0x00000160   Code   RO         4350    i.USBD_StdEPReq     usbd_ctlreq.o
    0x08004c7c   0x08004c7c   0x00000072   Code   RO         4351    i.USBD_StdItfReq    usbd_ctlreq.o
    0x08004cee   0x08004cee   0x00000002   Code   RO         4006    i.USBD_static_free  usbd_conf.o
    0x08004cf0   0x08004cf0   0x00000008   Code   RO         4007    i.USBD_static_malloc  usbd_conf.o
    0x08004cf8   0x08004cf8   0x00000080   Code   RO          639    i.USB_ActivateEndpoint  stm32f4xx_ll_usb.o
    0x08004d78   0x08004d78   0x0000001c   Code   RO          641    i.USB_ActivateSetup  stm32f4xx_ll_usb.o
    0x08004d94   0x08004d94   0x00000074   Code   RO          643    i.USB_CoreInit      stm32f4xx_ll_usb.o
    0x08004e08   0x08004e08   0x00000040   Code   RO          644    i.USB_CoreReset     stm32f4xx_ll_usb.o
    0x08004e48   0x08004e48   0x000000cc   Code   RO          647    i.USB_DeactivateEndpoint  stm32f4xx_ll_usb.o
    0x08004f14   0x08004f14   0x0000001c   Code   RO          648    i.USB_DevConnect    stm32f4xx_ll_usb.o
    0x08004f30   0x08004f30   0x0000001c   Code   RO          649    i.USB_DevDisconnect  stm32f4xx_ll_usb.o
    0x08004f4c   0x08004f4c   0x00000174   Code   RO          650    i.USB_DevInit       stm32f4xx_ll_usb.o
    0x080050c0   0x080050c0   0x0000000c   Code   RO          651    i.USB_DisableGlobalInt  stm32f4xx_ll_usb.o
    0x080050cc   0x080050cc   0x0000011c   Code   RO          654    i.USB_EP0StartXfer  stm32f4xx_ll_usb.o
    0x080051e8   0x080051e8   0x00000058   Code   RO          655    i.USB_EP0_OutStart  stm32f4xx_ll_usb.o
    0x08005240   0x08005240   0x00000058   Code   RO          656    i.USB_EPClearStall  stm32f4xx_ll_usb.o
    0x08005298   0x08005298   0x00000058   Code   RO          657    i.USB_EPSetStall    stm32f4xx_ll_usb.o
    0x080052f0   0x080052f0   0x000001e4   Code   RO          658    i.USB_EPStartXfer   stm32f4xx_ll_usb.o
    0x080054d4   0x080054d4   0x0000009e   Code   RO          659    i.USB_EPStopXfer    stm32f4xx_ll_usb.o
    0x08005572   0x08005572   0x0000000c   Code   RO          660    i.USB_EnableGlobalInt  stm32f4xx_ll_usb.o
    0x0800557e   0x0800557e   0x00000002   PAD
    0x08005580   0x08005580   0x0000003c   Code   RO          661    i.USB_FlushRxFifo   stm32f4xx_ll_usb.o
    0x080055bc   0x080055bc   0x00000040   Code   RO          662    i.USB_FlushTxFifo   stm32f4xx_ll_usb.o
    0x080055fc   0x080055fc   0x0000001a   Code   RO          664    i.USB_GetDevSpeed   stm32f4xx_ll_usb.o
    0x08005616   0x08005616   0x00000008   Code   RO          666    i.USB_GetMode       stm32f4xx_ll_usb.o
    0x0800561e   0x0800561e   0x0000000e   Code   RO          673    i.USB_ReadDevAllInEpInterrupt  stm32f4xx_ll_usb.o
    0x0800562c   0x0800562c   0x0000000e   Code   RO          674    i.USB_ReadDevAllOutEpInterrupt  stm32f4xx_ll_usb.o
    0x0800563a   0x0800563a   0x00000024   Code   RO          675    i.USB_ReadDevInEPInterrupt  stm32f4xx_ll_usb.o
    0x0800565e   0x0800565e   0x00000010   Code   RO          676    i.USB_ReadDevOutEPInterrupt  stm32f4xx_ll_usb.o
    0x0800566e   0x0800566e   0x00000008   Code   RO          677    i.USB_ReadInterrupts  stm32f4xx_ll_usb.o
    0x08005676   0x08005676   0x0000003e   Code   RO          678    i.USB_ReadPacket    stm32f4xx_ll_usb.o
    0x080056b4   0x080056b4   0x0000005c   Code   RO          680    i.USB_SetCurrentMode  stm32f4xx_ll_usb.o
    0x08005710   0x08005710   0x00000022   Code   RO          681    i.USB_SetDevAddress  stm32f4xx_ll_usb.o
    0x08005732   0x08005732   0x00000002   PAD
    0x08005734   0x08005734   0x000000e8   Code   RO          683    i.USB_SetTurnaroundTime  stm32f4xx_ll_usb.o
    0x0800581c   0x0800581c   0x00000028   Code   RO          686    i.USB_WritePacket   stm32f4xx_ll_usb.o
    0x08005844   0x08005844   0x00000002   Code   RO          237    i.UsageFault_Handler  stm32f4xx_it.o
    0x08005846   0x08005846   0x00000020   Code   RO         1778    i.__NVIC_SetPriority  stm32f4xx_hal_cortex.o
    0x08005866   0x08005866   0x00000002   PAD
    0x08005868   0x08005868   0x00000070   Code   RO         3369    i.check_fs          ff.o
    0x080058d8   0x080058d8   0x0000005c   Code   RO         3370    i.chk_lock          ff.o
    0x08005934   0x08005934   0x00000014   Code   RO           17    i.clear_buffer      main.o
    0x08005948   0x08005948   0x00000020   Code   RO         3371    i.clear_lock        ff.o
    0x08005968   0x08005968   0x00000026   Code   RO         3372    i.clmt_clust        ff.o
    0x0800598e   0x0800598e   0x00000018   Code   RO         3373    i.clust2sect        ff.o
    0x080059a6   0x080059a6   0x000000a4   Code   RO         3374    i.create_chain      ff.o
    0x08005a4a   0x08005a4a   0x00000002   PAD
    0x08005a4c   0x08005a4c   0x000000bc   Code   RO         3375    i.create_name       ff.o
    0x08005b08   0x08005b08   0x00000034   Code   RO         3376    i.dec_lock          ff.o
    0x08005b3c   0x08005b3c   0x00000064   Code   RO         3377    i.dir_find          ff.o
    0x08005ba0   0x08005ba0   0x00000102   Code   RO         3378    i.dir_next          ff.o
    0x08005ca2   0x08005ca2   0x00000066   Code   RO         3380    i.dir_register      ff.o
    0x08005d08   0x08005d08   0x0000008e   Code   RO         3382    i.dir_sdi           ff.o
    0x08005d96   0x08005d96   0x00000002   PAD
    0x08005d98   0x08005d98   0x00000028   Code   RO         3314    i.disk_initialize   diskio.o
    0x08005dc0   0x08005dc0   0x0000001c   Code   RO         3315    i.disk_ioctl        diskio.o
    0x08005ddc   0x08005ddc   0x0000001c   Code   RO         3316    i.disk_read         diskio.o
    0x08005df8   0x08005df8   0x00000018   Code   RO         3317    i.disk_status       diskio.o
    0x08005e10   0x08005e10   0x0000001c   Code   RO         3318    i.disk_write        diskio.o
    0x08005e2c   0x08005e2c   0x00000028   Code   RO         3383    i.f_close           ff.o
    0x08005e54   0x08005e54   0x000000d4   Code   RO         3385    i.f_getfree         ff.o
    0x08005f28   0x08005f28   0x00000058   Code   RO         3390    i.f_mount           ff.o
    0x08005f80   0x08005f80   0x0000021c   Code   RO         3391    i.f_open            ff.o
    0x0800619c   0x0800619c   0x00000176   Code   RO         3396    i.f_read            ff.o
    0x08006312   0x08006312   0x0000008e   Code   RO         3400    i.f_sync            ff.o
    0x080063a0   0x080063a0   0x00000288   Code   RO         3404    i.find_volume       ff.o
    0x08006628   0x08006628   0x0000007a   Code   RO         3405    i.follow_path       ff.o
    0x080066a2   0x080066a2   0x000000e8   Code   RO         3406    i.get_fat           ff.o
    0x0800678a   0x0800678a   0x00000004   Code   RO         3277    i.get_fattime       fatfs.o
    0x0800678e   0x0800678e   0x0000003c   Code   RO         3408    i.get_ldnumber      ff.o
    0x080067ca   0x080067ca   0x00000002   PAD
    0x080067cc   0x080067cc   0x00000080   Code   RO         3409    i.inc_lock          ff.o
    0x0800684c   0x0800684c   0x00000026   Code   RO         3410    i.ld_clust          ff.o
    0x08006872   0x08006872   0x00000016   Code   RO         3411    i.ld_dword          ff.o
    0x08006888   0x08006888   0x0000000a   Code   RO         3412    i.ld_word           ff.o
    0x08006892   0x08006892   0x00000002   PAD
    0x08006894   0x08006894   0x00000214   Code   RO           18    i.main              main.o
    0x08006aa8   0x08006aa8   0x00000012   Code   RO         3413    i.mem_cpy           ff.o
    0x08006aba   0x08006aba   0x00000002   PAD
    0x08006abc   0x08006abc   0x0000000e   Code   RO         3414    i.mem_set           ff.o
    0x08006aca   0x08006aca   0x00000032   Code   RO         3415    i.move_window       ff.o
    0x08006afc   0x08006afc   0x00000124   Code   RO         3416    i.put_fat           ff.o
    0x08006c20   0x08006c20   0x00000074   Code   RO         3419    i.remove_chain      ff.o
    0x08006c94   0x08006c94   0x00000020   Code   RO           19    i.send_uart         main.o
    0x08006cb4   0x08006cb4   0x00000028   Code   RO         3420    i.st_clust          ff.o
    0x08006cdc   0x08006cdc   0x00000010   Code   RO         3421    i.st_dword          ff.o
    0x08006cec   0x08006cec   0x00000008   Code   RO         3422    i.st_word           ff.o
    0x08006cf4   0x08006cf4   0x00000088   Code   RO         3423    i.sync_fs           ff.o
    0x08006d7c   0x08006d7c   0x00000052   Code   RO         3424    i.sync_window       ff.o
    0x08006dce   0x08006dce   0x00000034   Code   RO         3425    i.validate          ff.o
    0x08006e02   0x08006e02   0x00000002   PAD
    0x08006e04   0x08006e04   0x0000005a   Code   RO         4805    x$fpl$dfixu         fz_wm.l(dfixu.o)
    0x08006e5e   0x08006e5e   0x00000026   Code   RO         4809    x$fpl$dfltu         fz_wm.l(dflt_clz.o)
    0x08006e84   0x08006e84   0x00000154   Code   RO         4815    x$fpl$dmul          fz_wm.l(dmul.o)
    0x08006fd8   0x08006fd8   0x0000009c   Code   RO         4829    x$fpl$dnaninf       fz_wm.l(dnaninf.o)
    0x08007074   0x08007074   0x0000000c   Code   RO         4831    x$fpl$dretinf       fz_wm.l(dretinf.o)
    0x08007080   0x08007080   0x0000000a   Code   RO         4938    x$fpl$fpinit        fz_wm.l(fpinit.o)
    0x0800708a   0x0800708a   0x00000000   Code   RO         4833    x$fpl$usenofp       fz_wm.l(usenofp.o)
    0x0800708a   0x0800708a   0x00000010   Data   RO         3059    .constdata          system_stm32f4xx.o
    0x0800709a   0x0800709a   0x00000008   Data   RO         3060    .constdata          system_stm32f4xx.o
    0x080070a2   0x080070a2   0x00000002   PAD
    0x080070a4   0x080070a4   0x00000014   Data   RO         3222    .constdata          sd_diskio.o
    0x080070b8   0x080070b8   0x0000009c   Data   RO         3427    .constdata          ff.o
    0x08007154   0x08007154   0x00000024   Data   RO         3923    .constdata          usbd_storage_if.o
    0x08007178   0x08007178   0x00000020   Data   RO         4996    Region$$Table       anon$$obj.o


    Execution Region RW_IRAM1 (Exec base: 0x20000000, Load base: 0x08007198, Size: 0x00005010, Max: 0x00020000, ABSOLUTE, COMPRESSED[0x000000b4])

    Exec Addr    Load Addr    Size         Type   Attr      Idx    E Section Name        Object

    0x20000000   COMPRESSED   0x00000018   Data   RW           23    .data               main.o
    0x20000018   COMPRESSED   0x0000000c   Data   RW         1922    .data               stm32f4xx_hal.o
    0x20000024   COMPRESSED   0x00000004   Data   RW         3061    .data               system_stm32f4xx.o
    0x20000028   COMPRESSED   0x00000001   Data   RW         3223    .data               sd_diskio.o
    0x20000029   COMPRESSED   0x00000005   Data   RW         3280    .data               fatfs.o
    0x2000002e   COMPRESSED   0x00000002   PAD
    0x20000030   COMPRESSED   0x00000008   Data   RW         3428    .data               ff.o
    0x20000038   COMPRESSED   0x0000001c   Data   RW         3838    .data               usbd_desc.o
    0x20000054   COMPRESSED   0x00000032   Data   RW         3839    .data               usbd_desc.o
    0x20000086   COMPRESSED   0x00000002   PAD
    0x20000088   COMPRESSED   0x00000020   Data   RW         3924    .data               usbd_storage_if.o
    0x200000a8   COMPRESSED   0x00000001   Data   RW         4352    .data               usbd_ctlreq.o
    0x200000a9   COMPRESSED   0x00000003   PAD
    0x200000ac   COMPRESSED   0x00000038   Data   RW         4486    .data               usbd_msc.o
    0x200000e4   COMPRESSED   0x0000002e   Data   RW         4487    .data               usbd_msc.o
    0x20000112   COMPRESSED   0x00000006   Data   RW         4632    .data               usbd_msc_data.o
    0x20000118   COMPRESSED   0x00000008   Data   RW         4633    .data               usbd_msc_data.o
    0x20000120   COMPRESSED   0x00000017   Data   RW         4634    .data               usbd_msc_data.o
    0x20000137   COMPRESSED   0x0000001b   Data   RW         4635    .data               usbd_msc_data.o
    0x20000152   COMPRESSED   0x00000002   PAD
    0x20000154        -       0x000021ac   Zero   RW           20    .bss                main.o
    0x20002300        -       0x00000020   Zero   RW         3426    .bss                ff.o
    0x20002320        -       0x0000000c   Zero   RW         3705    .bss                ff_gen_drv.o
    0x2000232c        -       0x000002dc   Zero   RW         3776    .bss                usb_device.o
    0x20002608        -       0x00000200   Zero   RW         3837    .bss                usbd_desc.o
    0x20002808        -       0x00000020   Zero   RW         3922    .bss                usbd_storage_if.o
    0x20002828        -       0x00000784   Zero   RW         4008    .bss                usbd_conf.o
    0x20002fac        -       0x00000060   Zero   RW         4868    .bss                c_w.l(libspace.o)
    0x2000300c   COMPRESSED   0x00000004   PAD
    0x20003010        -       0x00001000   Zero   RW            2    HEAP                startup_stm32f411xe.o
    0x20004010        -       0x00001000   Zero   RW            1    STACK               startup_stm32f411xe.o


==============================================================================

Image component sizes


      Code (inc. data)   RO Data    RW Data    ZI Data      Debug   Object Name

       142         24          0          0          0       3980   bsp_driver_sd.o
       148         22          0          0          0       3693   diskio.o
        32         10          0          5          0       1492   fatfs.o
      4784         80        156          8         32      38856   ff.o
        70          6          0          0         12       1615   ff_gen_drv.o
       884        276          0         24       8620     431733   main.o
       224         14         20          1          0       4480   sd_diskio.o
        64         26        408          0       8192        836   startup_stm32f411xe.o
       180         28          0         12          0       9217   stm32f4xx_hal.o
       198         14          0          0          0      33911   stm32f4xx_hal_cortex.o
       490         34          0          0          0       2152   stm32f4xx_hal_gpio.o
       340         40          0          0          0       2382   stm32f4xx_hal_msp.o
      2690         12          0          0          0      14355   stm32f4xx_hal_pcd.o
        78          0          0          0          0       2377   stm32f4xx_hal_pcd_ex.o
      1356         78          0          0          0       5680   stm32f4xx_hal_rcc.o
      1984         30          0          0          0      10104   stm32f4xx_hal_sd.o
       664         10          0          0          0       4172   stm32f4xx_hal_uart.o
        32          6          0          0          0       4578   stm32f4xx_it.o
      1570         48          0          0          0      21968   stm32f4xx_ll_sdmmc.o
      2888        134          0          0          0      23803   stm32f4xx_ll_usb.o
        16          4         24          4          0       1111   system_stm32f4xx.o
        84         18          0          0        732       5507   usb_device.o
       656         24          0          0       1924      17250   usbd_conf.o
       916          0          0          0          0      15319   usbd_core.o
      1328         28          0          1          0      14828   usbd_ctlreq.o
       284        100          0         78        512       6117   usbd_desc.o
       102          0          0          0          0       3780   usbd_ioreq.o
       698         26          0        102          0       9837   usbd_msc.o
       842         58          0          0          0       7670   usbd_msc_bot.o
         0          0          0         64          0        921   usbd_msc_data.o
      2454         32          0          0          0      17192   usbd_msc_scsi.o
        96         24         36         32         32       4624   usbd_storage_if.o

    ----------------------------------------------------------------------
     26340       1206        678        340      20056     725540   Object Totals
         0          0         32          0          0          0   (incl. Generated)
        46          0          2          9          0          0   (incl. Padding)

    ----------------------------------------------------------------------

      Code (inc. data)   RO Data    RW Data    ZI Data      Debug   Library Member Name

        90          0          0          0          0          0   __dczerorl2.o
         8          0          0          0          0         68   __main.o
       184          0          0          0          0         84   __printf_ss.o
         0          0          0          0          0          0   __rtentry.o
        12          0          0          0          0          0   __rtentry2.o
         6          0          0          0          0          0   __rtentry4.o
        52          8          0          0          0          0   __scatter.o
        28          0          0          0          0          0   __scatter_zi.o
        48          6          0          0          0         96   _printf_char_common.o
       120         16          0          0          0         92   _printf_dec.o
       178          0          0          0          0         88   _printf_intcommon.o
         0          0          0          0          0          0   _printf_percent.o
         4          0          0          0          0          0   _printf_percent_end.o
         6          0          0          0          0          0   _printf_u.o
        10          0          0          0          0         68   _sputc.o
        18          0          0          0          0         80   exit.o
         6          0          0          0          0        152   heapauxi.o
         0          0          0          0          0          0   indicate_semi.o
         2          0          0          0          0          0   libinit.o
         6          0          0          0          0          0   libinit2.o
         2          0          0          0          0          0   libshutdown.o
         2          0          0          0          0          0   libshutdown2.o
         8          4          0          0         96         68   libspace.o
       238          0          0          0          0        100   lludivv7m.o
        40          6          0          0          0         84   noretval__2sprintf.o
        78          0          0          0          0         80   rt_memclr_w.o
       100          0          0          0          0         80   rt_memcpy_w.o
         2          0          0          0          0          0   rtexit.o
        10          0          0          0          0          0   rtexit2.o
        62          0          0          0          0         76   strlen.o
        12          4          0          0          0         68   sys_exit.o
        74          0          0          0          0         80   sys_stackheap_outer.o
         2          0          0          0          0         68   use_no_semi.o
        90          4          0          0          0        140   dfixu.o
        38          0          0          0          0        116   dflt_clz.o
       340         12          0          0          0        152   dmul.o
       156          4          0          0          0        140   dnaninf.o
        12          0          0          0          0        116   dretinf.o
        10          0          0          0          0        116   fpinit.o
         0          0          0          0          0          0   usenofp.o

    ----------------------------------------------------------------------
      2062         64          0          0        100       2212   Library Totals
         8          0          0          0          4          0   (incl. Padding)

    ----------------------------------------------------------------------

      Code (inc. data)   RO Data    RW Data    ZI Data      Debug   Library Name

      1408         44          0          0         96       1432   c_w.l
       646         20          0          0          0        780   fz_wm.l

    ----------------------------------------------------------------------
      2062         64          0          0        100       2212   Library Totals

    ----------------------------------------------------------------------

==============================================================================


      Code (inc. data)   RO Data    RW Data    ZI Data      Debug   

     28402       1270        678        340      20156     697576   Grand Totals
     28402       1270        678        180      20156     697576   ELF Image Totals (compressed)
     28402       1270        678        180          0          0   ROM Totals

==============================================================================

    Total RO  Size (Code + RO Data)                29080 (  28.40kB)
    Total RW  Size (RW Data + ZI Data)             20496 (  20.02kB)
    Total ROM Size (Code + RO Data + RW Data)      29260 (  28.57kB)

==============================================================================

