Archive member included to satisfy reference by file (symbol)

c:/st/stm32cubeide_1.8.0/stm32cubeide/plugins/com.st.stm32cube.ide.mcu.externaltools.gnu-tools-for-stm32.9-2020-q2-update.win32_2.0.0.202105311346/tools/bin/../lib/gcc/arm-none-eabi/9.3.1/../../../../arm-none-eabi/lib/thumb/v7e-m+fp/hard\libc_nano.a(lib_a-errno.o)
                              ./Core/Src/syscalls.o (__errno)
c:/st/stm32cubeide_1.8.0/stm32cubeide/plugins/com.st.stm32cube.ide.mcu.externaltools.gnu-tools-for-stm32.9-2020-q2-update.win32_2.0.0.202105311346/tools/bin/../lib/gcc/arm-none-eabi/9.3.1/../../../../arm-none-eabi/lib/thumb/v7e-m+fp/hard\libc_nano.a(lib_a-exit.o)
                              c:/st/stm32cubeide_1.8.0/stm32cubeide/plugins/com.st.stm32cube.ide.mcu.externaltools.gnu-tools-for-stm32.9-2020-q2-update.win32_2.0.0.202105311346/tools/bin/../lib/gcc/arm-none-eabi/9.3.1/../../../../arm-none-eabi/lib/thumb/v7e-m+fp/hard/crt0.o (exit)
c:/st/stm32cubeide_1.8.0/stm32cubeide/plugins/com.st.stm32cube.ide.mcu.externaltools.gnu-tools-for-stm32.9-2020-q2-update.win32_2.0.0.202105311346/tools/bin/../lib/gcc/arm-none-eabi/9.3.1/../../../../arm-none-eabi/lib/thumb/v7e-m+fp/hard\libc_nano.a(lib_a-impure.o)
                              c:/st/stm32cubeide_1.8.0/stm32cubeide/plugins/com.st.stm32cube.ide.mcu.externaltools.gnu-tools-for-stm32.9-2020-q2-update.win32_2.0.0.202105311346/tools/bin/../lib/gcc/arm-none-eabi/9.3.1/../../../../arm-none-eabi/lib/thumb/v7e-m+fp/hard\libc_nano.a(lib_a-exit.o) (_global_impure_ptr)
c:/st/stm32cubeide_1.8.0/stm32cubeide/plugins/com.st.stm32cube.ide.mcu.externaltools.gnu-tools-for-stm32.9-2020-q2-update.win32_2.0.0.202105311346/tools/bin/../lib/gcc/arm-none-eabi/9.3.1/../../../../arm-none-eabi/lib/thumb/v7e-m+fp/hard\libc_nano.a(lib_a-init.o)
                              c:/st/stm32cubeide_1.8.0/stm32cubeide/plugins/com.st.stm32cube.ide.mcu.externaltools.gnu-tools-for-stm32.9-2020-q2-update.win32_2.0.0.202105311346/tools/bin/../lib/gcc/arm-none-eabi/9.3.1/../../../../arm-none-eabi/lib/thumb/v7e-m+fp/hard/crt0.o (__libc_init_array)
c:/st/stm32cubeide_1.8.0/stm32cubeide/plugins/com.st.stm32cube.ide.mcu.externaltools.gnu-tools-for-stm32.9-2020-q2-update.win32_2.0.0.202105311346/tools/bin/../lib/gcc/arm-none-eabi/9.3.1/../../../../arm-none-eabi/lib/thumb/v7e-m+fp/hard\libc_nano.a(lib_a-memset.o)
                              c:/st/stm32cubeide_1.8.0/stm32cubeide/plugins/com.st.stm32cube.ide.mcu.externaltools.gnu-tools-for-stm32.9-2020-q2-update.win32_2.0.0.202105311346/tools/bin/../lib/gcc/arm-none-eabi/9.3.1/../../../../arm-none-eabi/lib/thumb/v7e-m+fp/hard/crt0.o (memset)
c:/st/stm32cubeide_1.8.0/stm32cubeide/plugins/com.st.stm32cube.ide.mcu.externaltools.gnu-tools-for-stm32.9-2020-q2-update.win32_2.0.0.202105311346/tools/bin/../lib/gcc/arm-none-eabi/9.3.1/thumb/v7e-m+fp/hard\libgcc.a(_arm_muldf3.o)
                              ./Core/Src/main.o (__aeabi_dmul)
c:/st/stm32cubeide_1.8.0/stm32cubeide/plugins/com.st.stm32cube.ide.mcu.externaltools.gnu-tools-for-stm32.9-2020-q2-update.win32_2.0.0.202105311346/tools/bin/../lib/gcc/arm-none-eabi/9.3.1/thumb/v7e-m+fp/hard\libgcc.a(_arm_addsubdf3.o)
                              ./Core/Src/main.o (__aeabi_ui2d)
c:/st/stm32cubeide_1.8.0/stm32cubeide/plugins/com.st.stm32cube.ide.mcu.externaltools.gnu-tools-for-stm32.9-2020-q2-update.win32_2.0.0.202105311346/tools/bin/../lib/gcc/arm-none-eabi/9.3.1/thumb/v7e-m+fp/hard\libgcc.a(_arm_fixunsdfsi.o)
                              ./Core/Src/main.o (__aeabi_d2uiz)
c:/st/stm32cubeide_1.8.0/stm32cubeide/plugins/com.st.stm32cube.ide.mcu.externaltools.gnu-tools-for-stm32.9-2020-q2-update.win32_2.0.0.202105311346/tools/bin/../lib/gcc/arm-none-eabi/9.3.1/thumb/v7e-m+fp/hard\libgcc.a(_aeabi_uldivmod.o)
                              ./Drivers/STM32F4xx_HAL_Driver/Src/stm32f4xx_hal_rcc.o (__aeabi_uldivmod)
c:/st/stm32cubeide_1.8.0/stm32cubeide/plugins/com.st.stm32cube.ide.mcu.externaltools.gnu-tools-for-stm32.9-2020-q2-update.win32_2.0.0.202105311346/tools/bin/../lib/gcc/arm-none-eabi/9.3.1/thumb/v7e-m+fp/hard\libgcc.a(_udivmoddi4.o)
                              c:/st/stm32cubeide_1.8.0/stm32cubeide/plugins/com.st.stm32cube.ide.mcu.externaltools.gnu-tools-for-stm32.9-2020-q2-update.win32_2.0.0.202105311346/tools/bin/../lib/gcc/arm-none-eabi/9.3.1/thumb/v7e-m+fp/hard\libgcc.a(_aeabi_uldivmod.o) (__udivmoddi4)
c:/st/stm32cubeide_1.8.0/stm32cubeide/plugins/com.st.stm32cube.ide.mcu.externaltools.gnu-tools-for-stm32.9-2020-q2-update.win32_2.0.0.202105311346/tools/bin/../lib/gcc/arm-none-eabi/9.3.1/thumb/v7e-m+fp/hard\libgcc.a(_dvmd_tls.o)
                              c:/st/stm32cubeide_1.8.0/stm32cubeide/plugins/com.st.stm32cube.ide.mcu.externaltools.gnu-tools-for-stm32.9-2020-q2-update.win32_2.0.0.202105311346/tools/bin/../lib/gcc/arm-none-eabi/9.3.1/thumb/v7e-m+fp/hard\libgcc.a(_aeabi_uldivmod.o) (__aeabi_ldiv0)

Allocating common symbols
Common symbol       size              file

[...]
Memory Configuration

Name             Origin             Length             Attributes
RAM              0x0000000020000000 0x0000000000020000 xrw
FLASH            0x0000000008000000 0x0000000000080000 xr
*default*        0x0000000000000000 0xffffffffffffffff

Linker script and memory map

LOAD c:/st/stm32cubeide_1.8.0/stm32cubeide/plugins/com.st.stm32cube.ide.mcu.externaltools.gnu-tools-for-stm32.9-2020-q2-update.win32_2.0.0.202105311346/tools/bin/../lib/gcc/arm-none-eabi/9.3.1/thumb/v7e-m+fp/hard/crti.o
LOAD c:/st/stm32cubeide_1.8.0/stm32cubeide/plugins/com.st.stm32cube.ide.mcu.externaltools.gnu-tools-for-stm32.9-2020-q2-update.win32_2.0.0.202105311346/tools/bin/../lib/gcc/arm-none-eabi/9.3.1/thumb/v7e-m+fp/hard/crtbegin.o
LOAD c:/st/stm32cubeide_1.8.0/stm32cubeide/plugins/com.st.stm32cube.ide.mcu.externaltools.gnu-tools-for-stm32.9-2020-q2-update.win32_2.0.0.202105311346/tools/bin/../lib/gcc/arm-none-eabi/9.3.1/../../../../arm-none-eabi/lib/thumb/v7e-m+fp/hard/crt0.o
LOAD ./Core/Src/main.o
LOAD ./Core/Src/stm32f4xx_hal_msp.o
LOAD ./Core/Src/stm32f4xx_it.o
LOAD ./Core/Src/syscalls.o
LOAD ./Core/Src/sysmem.o
LOAD ./Core/Src/system_stm32f4xx.o
LOAD ./Core/Startup/startup_stm32f411vetx.o
LOAD ./Drivers/STM32F4xx_HAL_Driver/Src/stm32f4xx_hal.o
LOAD ./Drivers/STM32F4xx_HAL_Driver/Src/stm32f4xx_hal_cortex.o
LOAD ./Drivers/STM32F4xx_HAL_Driver/Src/stm32f4xx_hal_dma.o
LOAD ./Drivers/STM32F4xx_HAL_Driver/Src/stm32f4xx_hal_dma_ex.o
LOAD ./Drivers/STM32F4xx_HAL_Driver/Src/stm32f4xx_hal_exti.o
LOAD ./Drivers/STM32F4xx_HAL_Driver/Src/stm32f4xx_hal_flash.o
LOAD ./Drivers/STM32F4xx_HAL_Driver/Src/stm32f4xx_hal_flash_ex.o
LOAD ./Drivers/STM32F4xx_HAL_Driver/Src/stm32f4xx_hal_flash_ramfunc.o
LOAD ./Drivers/STM32F4xx_HAL_Driver/Src/stm32f4xx_hal_gpio.o
LOAD ./Drivers/STM32F4xx_HAL_Driver/Src/stm32f4xx_hal_pwr.o
LOAD ./Drivers/STM32F4xx_HAL_Driver/Src/stm32f4xx_hal_pwr_ex.o
LOAD ./Drivers/STM32F4xx_HAL_Driver/Src/stm32f4xx_hal_rcc.o
LOAD ./Drivers/STM32F4xx_HAL_Driver/Src/stm32f4xx_hal_rcc_ex.o
LOAD ./Drivers/STM32F4xx_HAL_Driver/Src/stm32f4xx_hal_sd.o
LOAD ./Drivers/STM32F4xx_HAL_Driver/Src/stm32f4xx_hal_tim.o
LOAD ./Drivers/STM32F4xx_HAL_Driver/Src/stm32f4xx_hal_tim_ex.o
LOAD ./Drivers/STM32F4xx_HAL_Driver/Src/stm32f4xx_ll_sdmmc.o
LOAD ./FATFS/App/fatfs.o
LOAD ./FATFS/Target/bsp_driver_sd.o
LOAD ./FATFS/Target/sd_diskio.o
LOAD ./Middlewares/Third_Party/FatFs/src/diskio.o
LOAD ./Middlewares/Third_Party/FatFs/src/ff.o
LOAD ./Middlewares/Third_Party/FatFs/src/ff_gen_drv.o
LOAD ./Middlewares/Third_Party/FatFs/src/option/syscall.o
START GROUP
LOAD c:/st/stm32cubeide_1.8.0/stm32cubeide/plugins/com.st.stm32cube.ide.mcu.externaltools.gnu-tools-for-stm32.9-2020-q2-update.win32_2.0.0.202105311346/tools/bin/../lib/gcc/arm-none-eabi/9.3.1/../../../../arm-none-eabi/lib/thumb/v7e-m+fp/hard\libstdc++_nano.a
LOAD c:/st/stm32cubeide_1.8.0/stm32cubeide/plugins/com.st.stm32cube.ide.mcu.externaltools.gnu-tools-for-stm32.9-2020-q2-update.win32_2.0.0.202105311346/tools/bin/../lib/gcc/arm-none-eabi/9.3.1/../../../../arm-none-eabi/lib/thumb/v7e-m+fp/hard\libsupc++_nano.a
END GROUP
LOAD c:/st/stm32cubeide_1.8.0/stm32cubeide/plugins/com.st.stm32cube.ide.mcu.externaltools.gnu-tools-for-stm32.9-2020-q2-update.win32_2.0.0.202105311346/tools/bin/../lib/gcc/arm-none-eabi/9.3.1/../../../../arm-none-eabi/lib/thumb/v7e-m+fp/hard\libstdc++_nano.a
LOAD c:/st/stm32cubeide_1.8.0/stm32cubeide/plugins/com.st.stm32cube.ide.mcu.externaltools.gnu-tools-for-stm32.9-2020-q2-update.win32_2.0.0.202105311346/tools/bin/../lib/gcc/arm-none-eabi/9.3.1/../../../../arm-none-eabi/lib/thumb/v7e-m+fp/hard\libm.a
LOAD c:/st/stm32cubeide_1.8.0/stm32cubeide/plugins/com.st.stm32cube.ide.mcu.externaltools.gnu-tools-for-stm32.9-2020-q2-update.win32_2.0.0.202105311346/tools/bin/../lib/gcc/arm-none-eabi/9.3.1/../../../../arm-none-eabi/lib/thumb/v7e-m+fp/hard\libc_nano.a
START GROUP
LOAD c:/st/stm32cubeide_1.8.0/stm32cubeide/plugins/com.st.stm32cube.ide.mcu.externaltools.gnu-tools-for-stm32.9-2020-q2-update.win32_2.0.0.202105311346/tools/bin/../lib/gcc/arm-none-eabi/9.3.1/thumb/v7e-m+fp/hard\libgcc.a
LOAD c:/st/stm32cubeide_1.8.0/stm32cubeide/plugins/com.st.stm32cube.ide.mcu.externaltools.gnu-tools-for-stm32.9-2020-q2-update.win32_2.0.0.202105311346/tools/bin/../lib/gcc/arm-none-eabi/9.3.1/../../../../arm-none-eabi/lib/thumb/v7e-m+fp/hard\libc_nano.a
END GROUP
START GROUP
LOAD c:/st/stm32cubeide_1.8.0/stm32cubeide/plugins/com.st.stm32cube.ide.mcu.externaltools.gnu-tools-for-stm32.9-2020-q2-update.win32_2.0.0.202105311346/tools/bin/../lib/gcc/arm-none-eabi/9.3.1/thumb/v7e-m+fp/hard\libgcc.a
LOAD c:/st/stm32cubeide_1.8.0/stm32cubeide/plugins/com.st.stm32cube.ide.mcu.externaltools.gnu-tools-for-stm32.9-2020-q2-update.win32_2.0.0.202105311346/tools/bin/../lib/gcc/arm-none-eabi/9.3.1/../../../../arm-none-eabi/lib/thumb/v7e-m+fp/hard\libc_nano.a
LOAD c:/st/stm32cubeide_1.8.0/stm32cubeide/plugins/com.st.stm32cube.ide.mcu.externaltools.gnu-tools-for-stm32.9-2020-q2-update.win32_2.0.0.202105311346/tools/bin/../lib/gcc/arm-none-eabi/9.3.1/../../../../arm-none-eabi/lib/thumb/v7e-m+fp/hard\libnosys.a
END GROUP
START GROUP
LOAD c:/st/stm32cubeide_1.8.0/stm32cubeide/plugins/com.st.stm32cube.ide.mcu.externaltools.gnu-tools-for-stm32.9-2020-q2-update.win32_2.0.0.202105311346/tools/bin/../lib/gcc/arm-none-eabi/9.3.1/thumb/v7e-m+fp/hard\libgcc.a
LOAD c:/st/stm32cubeide_1.8.0/stm32cubeide/plugins/com.st.stm32cube.ide.mcu.externaltools.gnu-tools-for-stm32.9-2020-q2-update.win32_2.0.0.202105311346/tools/bin/../lib/gcc/arm-none-eabi/9.3.1/../../../../arm-none-eabi/lib/thumb/v7e-m+fp/hard\libc_nano.a
LOAD c:/st/stm32cubeide_1.8.0/stm32cubeide/plugins/com.st.stm32cube.ide.mcu.externaltools.gnu-tools-for-stm32.9-2020-q2-update.win32_2.0.0.202105311346/tools/bin/../lib/gcc/arm-none-eabi/9.3.1/../../../../arm-none-eabi/lib/thumb/v7e-m+fp/hard\libnosys.a
END GROUP
LOAD c:/st/stm32cubeide_1.8.0/stm32cubeide/plugins/com.st.stm32cube.ide.mcu.externaltools.gnu-tools-for-stm32.9-2020-q2-update.win32_2.0.0.202105311346/tools/bin/../lib/gcc/arm-none-eabi/9.3.1/thumb/v7e-m+fp/hard/crtend.o
LOAD c:/st/stm32cubeide_1.8.0/stm32cubeide/plugins/com.st.stm32cube.ide.mcu.externaltools.gnu-tools-for-stm32.9-2020-q2-update.win32_2.0.0.202105311346/tools/bin/../lib/gcc/arm-none-eabi/9.3.1/thumb/v7e-m+fp/hard/crtn.o
                0x0000000020020000                _estack = (ORIGIN (RAM) + LENGTH (RAM))
                0x0000000000001000                _Min_Heap_Size = 0x1000
                0x0000000000001000                _Min_Stack_Size = 0x1000

.isr_vector     0x0000000008000000      0x198
                0x0000000008000000                . = ALIGN (0x4)
 *(.isr_vector)
 .isr_vector    0x0000000008000000      0x198 ./Core/Startup/startup_stm32f411vetx.o
                0x0000000008000000                g_pfnVectors
                0x0000000008000198                . = ALIGN (0x4)

.text           0x0000000008000198     0x6154
                0x0000000008000198                . = ALIGN (0x4)
 *(.text)
 .text          0x0000000008000198       0x40 c:/st/stm32cubeide_1.8.0/stm32cubeide/plugins/com.st.stm32cube.ide.mcu.externaltools.gnu-tools-for-stm32.9-2020-q2-update.win32_2.0.0.202105311346/tools/bin/../lib/gcc/arm-none-eabi/9.3.1/thumb/v7e-m+fp/hard/crtbegin.o
 .text          0x00000000080001d8      0x254 c:/st/stm32cubeide_1.8.0/stm32cubeide/plugins/com.st.stm32cube.ide.mcu.externaltools.gnu-tools-for-stm32.9-2020-q2-update.win32_2.0.0.202105311346/tools/bin/../lib/gcc/arm-none-eabi/9.3.1/thumb/v7e-m+fp/hard\libgcc.a(_arm_muldf3.o)
                0x00000000080001d8                __muldf3
                0x00000000080001d8                __aeabi_dmul
 .text          0x000000000800042c      0x378 c:/st/stm32cubeide_1.8.0/stm32cubeide/plugins/com.st.stm32cube.ide.mcu.externaltools.gnu-tools-for-stm32.9-2020-q2-update.win32_2.0.0.202105311346/tools/bin/../lib/gcc/arm-none-eabi/9.3.1/thumb/v7e-m+fp/hard\libgcc.a(_arm_addsubdf3.o)
                0x000000000800042c                __aeabi_drsub
                0x0000000008000434                __aeabi_dsub
                0x0000000008000434                __subdf3
                0x0000000008000438                __aeabi_dadd
                0x0000000008000438                __adddf3
                0x00000000080006b0                __floatunsidf
                0x00000000080006b0                __aeabi_ui2d
                0x00000000080006d0                __floatsidf
                0x00000000080006d0                __aeabi_i2d
                0x00000000080006f4                __aeabi_f2d
                0x00000000080006f4                __extendsfdf2
                0x0000000008000738                __floatundidf
                0x0000000008000738                __aeabi_ul2d
                0x0000000008000748                __floatdidf
                0x0000000008000748                __aeabi_l2d
 .text          0x00000000080007a4       0x40 c:/st/stm32cubeide_1.8.0/stm32cubeide/plugins/com.st.stm32cube.ide.mcu.externaltools.gnu-tools-for-stm32.9-2020-q2-update.win32_2.0.0.202105311346/tools/bin/../lib/gcc/arm-none-eabi/9.3.1/thumb/v7e-m+fp/hard\libgcc.a(_arm_fixunsdfsi.o)
                0x00000000080007a4                __aeabi_d2uiz
                0x00000000080007a4                __fixunsdfsi
 .text          0x00000000080007e4       0x30 c:/st/stm32cubeide_1.8.0/stm32cubeide/plugins/com.st.stm32cube.ide.mcu.externaltools.gnu-tools-for-stm32.9-2020-q2-update.win32_2.0.0.202105311346/tools/bin/../lib/gcc/arm-none-eabi/9.3.1/thumb/v7e-m+fp/hard\libgcc.a(_aeabi_uldivmod.o)
                0x00000000080007e4                __aeabi_uldivmod
 .text          0x0000000008000814      0x2c4 c:/st/stm32cubeide_1.8.0/stm32cubeide/plugins/com.st.stm32cube.ide.mcu.externaltools.gnu-tools-for-stm32.9-2020-q2-update.win32_2.0.0.202105311346/tools/bin/../lib/gcc/arm-none-eabi/9.3.1/thumb/v7e-m+fp/hard\libgcc.a(_udivmoddi4.o)
                0x0000000008000814                __udivmoddi4
 .text          0x0000000008000ad8        0x4 c:/st/stm32cubeide_1.8.0/stm32cubeide/plugins/com.st.stm32cube.ide.mcu.externaltools.gnu-tools-for-stm32.9-2020-q2-update.win32_2.0.0.202105311346/tools/bin/../lib/gcc/arm-none-eabi/9.3.1/thumb/v7e-m+fp/hard\libgcc.a(_dvmd_tls.o)
                0x0000000008000ad8                __aeabi_idiv0
                0x0000000008000ad8                __aeabi_ldiv0
 *(.text*)
 .text.main     0x0000000008000adc      0x118 ./Core/Src/main.o
                0x0000000008000adc                main
 .text.SystemClock_Config
                0x0000000008000bf4       0xd0 ./Core/Src/main.o
                0x0000000008000bf4                SystemClock_Config
 .text.MX_SDIO_SD_Init
                0x0000000008000cc4       0x40 ./Core/Src/main.o
 .text.MX_GPIO_Init
                0x0000000008000d04       0xdc ./Core/Src/main.o
 .text.Error_Handler
                0x0000000008000de0        0xa ./Core/Src/main.o
                0x0000000008000de0                Error_Handler
 *fill*         0x0000000008000dea        0x2 
 .text.HAL_MspInit
                0x0000000008000dec       0x50 ./Core/Src/stm32f4xx_hal_msp.o
                0x0000000008000dec                HAL_MspInit
 .text.HAL_SD_MspInit
                0x0000000008000e3c      0x134 ./Core/Src/stm32f4xx_hal_msp.o
                0x0000000008000e3c                HAL_SD_MspInit
 .text.NMI_Handler
                0x0000000008000f70        0x6 ./Core/Src/stm32f4xx_it.o
                0x0000000008000f70                NMI_Handler
 .text.HardFault_Handler
                0x0000000008000f76        0x6 ./Core/Src/stm32f4xx_it.o
                0x0000000008000f76                HardFault_Handler
 .text.MemManage_Handler
                0x0000000008000f7c        0x6 ./Core/Src/stm32f4xx_it.o
                0x0000000008000f7c                MemManage_Handler
 .text.BusFault_Handler
                0x0000000008000f82        0x6 ./Core/Src/stm32f4xx_it.o
                0x0000000008000f82                BusFault_Handler
 .text.UsageFault_Handler
                0x0000000008000f88        0x6 ./Core/Src/stm32f4xx_it.o
                0x0000000008000f88                UsageFault_Handler
 .text.SVC_Handler
                0x0000000008000f8e        0xe ./Core/Src/stm32f4xx_it.o
                0x0000000008000f8e                SVC_Handler
 .text.DebugMon_Handler
                0x0000000008000f9c        0xe ./Core/Src/stm32f4xx_it.o
                0x0000000008000f9c                DebugMon_Handler
 .text.PendSV_Handler
                0x0000000008000faa        0xe ./Core/Src/stm32f4xx_it.o
                0x0000000008000faa                PendSV_Handler
 .text.SysTick_Handler
                0x0000000008000fb8        0xc ./Core/Src/stm32f4xx_it.o
                0x0000000008000fb8                SysTick_Handler
 .text.SystemInit
                0x0000000008000fc4       0x24 ./Core/Src/system_stm32f4xx.o
                0x0000000008000fc4                SystemInit
 .text.Reset_Handler
                0x0000000008000fe8       0x50 ./Core/Startup/startup_stm32f411vetx.o
                0x0000000008000fe8                Reset_Handler
 .text.Default_Handler
                0x0000000008001038        0x2 ./Core/Startup/startup_stm32f411vetx.o
                0x0000000008001038                RTC_Alarm_IRQHandler
                0x0000000008001038                EXTI2_IRQHandler
                0x0000000008001038                SPI4_IRQHandler
                0x0000000008001038                TIM1_CC_IRQHandler
                0x0000000008001038                DMA2_Stream5_IRQHandler
                0x0000000008001038                DMA1_Stream5_IRQHandler
                0x0000000008001038                PVD_IRQHandler
                0x0000000008001038                SDIO_IRQHandler
                0x0000000008001038                TAMP_STAMP_IRQHandler
                0x0000000008001038                EXTI3_IRQHandler
                0x0000000008001038                TIM1_UP_TIM10_IRQHandler
                0x0000000008001038                I2C3_ER_IRQHandler
                0x0000000008001038                EXTI0_IRQHandler
                0x0000000008001038                I2C2_EV_IRQHandler
                0x0000000008001038                DMA1_Stream2_IRQHandler
                0x0000000008001038                FPU_IRQHandler
                0x0000000008001038                DMA2_Stream2_IRQHandler
                0x0000000008001038                SPI1_IRQHandler
                0x0000000008001038                TIM1_BRK_TIM9_IRQHandler
                0x0000000008001038                DMA2_Stream3_IRQHandler
                0x0000000008001038                USART6_IRQHandler
                0x0000000008001038                DMA2_Stream0_IRQHandler
                0x0000000008001038                TIM4_IRQHandler
                0x0000000008001038                I2C1_EV_IRQHandler
                0x0000000008001038                DMA1_Stream6_IRQHandler
                0x0000000008001038                DMA1_Stream1_IRQHandler
                0x0000000008001038                TIM3_IRQHandler
                0x0000000008001038                RCC_IRQHandler
                0x0000000008001038                Default_Handler
                0x0000000008001038                EXTI15_10_IRQHandler
                0x0000000008001038                ADC_IRQHandler
                0x0000000008001038                DMA1_Stream7_IRQHandler
                0x0000000008001038                SPI5_IRQHandler
                0x0000000008001038                TIM5_IRQHandler
                0x0000000008001038                DMA2_Stream7_IRQHandler
                0x0000000008001038                I2C3_EV_IRQHandler
                0x0000000008001038                EXTI9_5_IRQHandler
                0x0000000008001038                RTC_WKUP_IRQHandler
                0x0000000008001038                SPI2_IRQHandler
                0x0000000008001038                DMA1_Stream0_IRQHandler
                0x0000000008001038                EXTI4_IRQHandler
                0x0000000008001038                WWDG_IRQHandler
                0x0000000008001038                TIM2_IRQHandler
                0x0000000008001038                OTG_FS_WKUP_IRQHandler
                0x0000000008001038                TIM1_TRG_COM_TIM11_IRQHandler
                0x0000000008001038                EXTI1_IRQHandler
                0x0000000008001038                USART2_IRQHandler
                0x0000000008001038                I2C2_ER_IRQHandler
                0x0000000008001038                DMA2_Stream1_IRQHandler
                0x0000000008001038                FLASH_IRQHandler
                0x0000000008001038                DMA2_Stream4_IRQHandler
                0x0000000008001038                USART1_IRQHandler
                0x0000000008001038                OTG_FS_IRQHandler
                0x0000000008001038                SPI3_IRQHandler
                0x0000000008001038                DMA1_Stream4_IRQHandler
                0x0000000008001038                I2C1_ER_IRQHandler
                0x0000000008001038                DMA2_Stream6_IRQHandler
                0x0000000008001038                DMA1_Stream3_IRQHandler
 *fill*         0x000000000800103a        0x2 
 .text.HAL_Init
                0x000000000800103c       0x44 ./Drivers/STM32F4xx_HAL_Driver/Src/stm32f4xx_hal.o
                0x000000000800103c                HAL_Init
 .text.HAL_InitTick
                0x0000000008001080       0x60 ./Drivers/STM32F4xx_HAL_Driver/Src/stm32f4xx_hal.o
                0x0000000008001080                HAL_InitTick
 .text.HAL_IncTick
                0x00000000080010e0       0x28 ./Drivers/STM32F4xx_HAL_Driver/Src/stm32f4xx_hal.o
                0x00000000080010e0                HAL_IncTick
 .text.HAL_GetTick
                0x0000000008001108       0x18 ./Drivers/STM32F4xx_HAL_Driver/Src/stm32f4xx_hal.o
                0x0000000008001108                HAL_GetTick
 .text.HAL_Delay
                0x0000000008001120       0x48 ./Drivers/STM32F4xx_HAL_Driver/Src/stm32f4xx_hal.o
                0x0000000008001120                HAL_Delay
 .text.__NVIC_SetPriorityGrouping
                0x0000000008001168       0x48 ./Drivers/STM32F4xx_HAL_Driver/Src/stm32f4xx_hal_cortex.o
 .text.__NVIC_GetPriorityGrouping
                0x00000000080011b0       0x1c ./Drivers/STM32F4xx_HAL_Driver/Src/stm32f4xx_hal_cortex.o
 .text.__NVIC_SetPriority
                0x00000000080011cc       0x54 ./Drivers/STM32F4xx_HAL_Driver/Src/stm32f4xx_hal_cortex.o
 .text.NVIC_EncodePriority
                0x0000000008001220       0x66 ./Drivers/STM32F4xx_HAL_Driver/Src/stm32f4xx_hal_cortex.o
 *fill*         0x0000000008001286        0x2 
 .text.SysTick_Config
                0x0000000008001288       0x44 ./Drivers/STM32F4xx_HAL_Driver/Src/stm32f4xx_hal_cortex.o
 .text.HAL_NVIC_SetPriorityGrouping
                0x00000000080012cc       0x16 ./Drivers/STM32F4xx_HAL_Driver/Src/stm32f4xx_hal_cortex.o
                0x00000000080012cc                HAL_NVIC_SetPriorityGrouping
 .text.HAL_NVIC_SetPriority
                0x00000000080012e2       0x38 ./Drivers/STM32F4xx_HAL_Driver/Src/stm32f4xx_hal_cortex.o
                0x00000000080012e2                HAL_NVIC_SetPriority
 .text.HAL_SYSTICK_Config
                0x000000000800131a       0x18 ./Drivers/STM32F4xx_HAL_Driver/Src/stm32f4xx_hal_cortex.o
                0x000000000800131a                HAL_SYSTICK_Config
 *fill*         0x0000000008001332        0x2 
 .text.HAL_GPIO_Init
                0x0000000008001334      0x308 ./Drivers/STM32F4xx_HAL_Driver/Src/stm32f4xx_hal_gpio.o
                0x0000000008001334                HAL_GPIO_Init
 .text.HAL_GPIO_WritePin
                0x000000000800163c       0x32 ./Drivers/STM32F4xx_HAL_Driver/Src/stm32f4xx_hal_gpio.o
                0x000000000800163c                HAL_GPIO_WritePin
 .text.HAL_GPIO_TogglePin
                0x000000000800166e       0x34 ./Drivers/STM32F4xx_HAL_Driver/Src/stm32f4xx_hal_gpio.o
                0x000000000800166e                HAL_GPIO_TogglePin
 *fill*         0x00000000080016a2        0x2 
 .text.HAL_RCC_OscConfig
                0x00000000080016a4      0x4f0 ./Drivers/STM32F4xx_HAL_Driver/Src/stm32f4xx_hal_rcc.o
                0x00000000080016a4                HAL_RCC_OscConfig
 .text.HAL_RCC_ClockConfig
                0x0000000008001b94      0x1cc ./Drivers/STM32F4xx_HAL_Driver/Src/stm32f4xx_hal_rcc.o
                0x0000000008001b94                HAL_RCC_ClockConfig
 .text.HAL_RCC_GetSysClockFreq
                0x0000000008001d60      0x16c ./Drivers/STM32F4xx_HAL_Driver/Src/stm32f4xx_hal_rcc.o
                0x0000000008001d60                HAL_RCC_GetSysClockFreq
 .text.HAL_SD_Init
                0x0000000008001ecc       0x60 ./Drivers/STM32F4xx_HAL_Driver/Src/stm32f4xx_hal_sd.o
                0x0000000008001ecc                HAL_SD_Init
 .text.HAL_SD_InitCard
                0x0000000008001f2c       0xfc ./Drivers/STM32F4xx_HAL_Driver/Src/stm32f4xx_hal_sd.o
                0x0000000008001f2c                HAL_SD_InitCard
 .text.HAL_SD_ReadBlocks
                0x0000000008002028      0x3bc ./Drivers/STM32F4xx_HAL_Driver/Src/stm32f4xx_hal_sd.o
                0x0000000008002028                HAL_SD_ReadBlocks
 .text.HAL_SD_WriteBlocks
                0x00000000080023e4      0x30c ./Drivers/STM32F4xx_HAL_Driver/Src/stm32f4xx_hal_sd.o
                0x00000000080023e4                HAL_SD_WriteBlocks
 .text.HAL_SD_GetCardCSD
                0x00000000080026f0      0x348 ./Drivers/STM32F4xx_HAL_Driver/Src/stm32f4xx_hal_sd.o
                0x00000000080026f0                HAL_SD_GetCardCSD
 .text.HAL_SD_GetCardInfo
                0x0000000008002a38       0x58 ./Drivers/STM32F4xx_HAL_Driver/Src/stm32f4xx_hal_sd.o
                0x0000000008002a38                HAL_SD_GetCardInfo
 .text.HAL_SD_ConfigWideBusOperation
                0x0000000008002a90      0x134 ./Drivers/STM32F4xx_HAL_Driver/Src/stm32f4xx_hal_sd.o
                0x0000000008002a90                HAL_SD_ConfigWideBusOperation
 .text.HAL_SD_GetCardState
                0x0000000008002bc4       0x40 ./Drivers/STM32F4xx_HAL_Driver/Src/stm32f4xx_hal_sd.o
                0x0000000008002bc4                HAL_SD_GetCardState
 .text.SD_InitCard
                0x0000000008002c04      0x198 ./Drivers/STM32F4xx_HAL_Driver/Src/stm32f4xx_hal_sd.o
 .text.SD_PowerON
                0x0000000008002d9c      0x11c ./Drivers/STM32F4xx_HAL_Driver/Src/stm32f4xx_hal_sd.o
 .text.SD_SendStatus
                0x0000000008002eb8       0x50 ./Drivers/STM32F4xx_HAL_Driver/Src/stm32f4xx_hal_sd.o
 .text.SD_WideBus_Enable
                0x0000000008002f08       0x96 ./Drivers/STM32F4xx_HAL_Driver/Src/stm32f4xx_hal_sd.o
 .text.SD_WideBus_Disable
                0x0000000008002f9e       0x96 ./Drivers/STM32F4xx_HAL_Driver/Src/stm32f4xx_hal_sd.o
 .text.SD_FindSCR
                0x0000000008003034      0x1a6 ./Drivers/STM32F4xx_HAL_Driver/Src/stm32f4xx_hal_sd.o
 .text.SDIO_Init
                0x00000000080031da       0x56 ./Drivers/STM32F4xx_HAL_Driver/Src/stm32f4xx_ll_sdmmc.o
                0x00000000080031da                SDIO_Init
 .text.SDIO_ReadFIFO
                0x0000000008003230       0x1a ./Drivers/STM32F4xx_HAL_Driver/Src/stm32f4xx_ll_sdmmc.o
                0x0000000008003230                SDIO_ReadFIFO
 .text.SDIO_WriteFIFO
                0x000000000800324a       0x22 ./Drivers/STM32F4xx_HAL_Driver/Src/stm32f4xx_ll_sdmmc.o
                0x000000000800324a                SDIO_WriteFIFO
 .text.SDIO_PowerState_ON
                0x000000000800326c       0x1e ./Drivers/STM32F4xx_HAL_Driver/Src/stm32f4xx_ll_sdmmc.o
                0x000000000800326c                SDIO_PowerState_ON
 .text.SDIO_GetPowerState
                0x000000000800328a       0x1c ./Drivers/STM32F4xx_HAL_Driver/Src/stm32f4xx_ll_sdmmc.o
                0x000000000800328a                SDIO_GetPowerState
 .text.SDIO_SendCommand
                0x00000000080032a6       0x54 ./Drivers/STM32F4xx_HAL_Driver/Src/stm32f4xx_ll_sdmmc.o
                0x00000000080032a6                SDIO_SendCommand
 .text.SDIO_GetCommandResponse
                0x00000000080032fa       0x1a ./Drivers/STM32F4xx_HAL_Driver/Src/stm32f4xx_ll_sdmmc.o
                0x00000000080032fa                SDIO_GetCommandResponse
 .text.SDIO_GetResponse
                0x0000000008003314       0x26 ./Drivers/STM32F4xx_HAL_Driver/Src/stm32f4xx_ll_sdmmc.o
                0x0000000008003314                SDIO_GetResponse
 .text.SDIO_ConfigData
                0x000000000800333a       0x58 ./Drivers/STM32F4xx_HAL_Driver/Src/stm32f4xx_ll_sdmmc.o
                0x000000000800333a                SDIO_ConfigData
 .text.SDMMC_CmdBlockLength
                0x0000000008003392       0x44 ./Drivers/STM32F4xx_HAL_Driver/Src/stm32f4xx_ll_sdmmc.o
                0x0000000008003392                SDMMC_CmdBlockLength
 .text.SDMMC_CmdReadSingleBlock
                0x00000000080033d6       0x44 ./Drivers/STM32F4xx_HAL_Driver/Src/stm32f4xx_ll_sdmmc.o
                0x00000000080033d6                SDMMC_CmdReadSingleBlock
 .text.SDMMC_CmdReadMultiBlock
                0x000000000800341a       0x44 ./Drivers/STM32F4xx_HAL_Driver/Src/stm32f4xx_ll_sdmmc.o
                0x000000000800341a                SDMMC_CmdReadMultiBlock
 .text.SDMMC_CmdWriteSingleBlock
                0x000000000800345e       0x44 ./Drivers/STM32F4xx_HAL_Driver/Src/stm32f4xx_ll_sdmmc.o
                0x000000000800345e                SDMMC_CmdWriteSingleBlock
 .text.SDMMC_CmdWriteMultiBlock
                0x00000000080034a2       0x44 ./Drivers/STM32F4xx_HAL_Driver/Src/stm32f4xx_ll_sdmmc.o
                0x00000000080034a2                SDMMC_CmdWriteMultiBlock
 *fill*         0x00000000080034e6        0x2 
 .text.SDMMC_CmdStopTransfer
                0x00000000080034e8       0x44 ./Drivers/STM32F4xx_HAL_Driver/Src/stm32f4xx_ll_sdmmc.o
                0x00000000080034e8                SDMMC_CmdStopTransfer
 .text.SDMMC_CmdSelDesel
                0x000000000800352c       0x46 ./Drivers/STM32F4xx_HAL_Driver/Src/stm32f4xx_ll_sdmmc.o
                0x000000000800352c                SDMMC_CmdSelDesel
 .text.SDMMC_CmdGoIdleState
                0x0000000008003572       0x3c ./Drivers/STM32F4xx_HAL_Driver/Src/stm32f4xx_ll_sdmmc.o
                0x0000000008003572                SDMMC_CmdGoIdleState
 .text.SDMMC_CmdOperCond
                0x00000000080035ae       0x3e ./Drivers/STM32F4xx_HAL_Driver/Src/stm32f4xx_ll_sdmmc.o
                0x00000000080035ae                SDMMC_CmdOperCond
 .text.SDMMC_CmdAppCommand
                0x00000000080035ec       0x44 ./Drivers/STM32F4xx_HAL_Driver/Src/stm32f4xx_ll_sdmmc.o
                0x00000000080035ec                SDMMC_CmdAppCommand
 .text.SDMMC_CmdAppOperCommand
                0x0000000008003630       0x46 ./Drivers/STM32F4xx_HAL_Driver/Src/stm32f4xx_ll_sdmmc.o
                0x0000000008003630                SDMMC_CmdAppOperCommand
 .text.SDMMC_CmdBusWidth
                0x0000000008003676       0x44 ./Drivers/STM32F4xx_HAL_Driver/Src/stm32f4xx_ll_sdmmc.o
                0x0000000008003676                SDMMC_CmdBusWidth
 .text.SDMMC_CmdSendSCR
                0x00000000080036ba       0x42 ./Drivers/STM32F4xx_HAL_Driver/Src/stm32f4xx_ll_sdmmc.o
                0x00000000080036ba                SDMMC_CmdSendSCR
 .text.SDMMC_CmdSendCID
                0x00000000080036fc       0x3c ./Drivers/STM32F4xx_HAL_Driver/Src/stm32f4xx_ll_sdmmc.o
                0x00000000080036fc                SDMMC_CmdSendCID
 .text.SDMMC_CmdSendCSD
                0x0000000008003738       0x3e ./Drivers/STM32F4xx_HAL_Driver/Src/stm32f4xx_ll_sdmmc.o
                0x0000000008003738                SDMMC_CmdSendCSD
 .text.SDMMC_CmdSetRelAdd
                0x0000000008003776       0x42 ./Drivers/STM32F4xx_HAL_Driver/Src/stm32f4xx_ll_sdmmc.o
                0x0000000008003776                SDMMC_CmdSetRelAdd
 .text.SDMMC_CmdSendStatus
                0x00000000080037b8       0x44 ./Drivers/STM32F4xx_HAL_Driver/Src/stm32f4xx_ll_sdmmc.o
                0x00000000080037b8                SDMMC_CmdSendStatus
 .text.SDMMC_GetCmdError
                0x00000000080037fc       0x58 ./Drivers/STM32F4xx_HAL_Driver/Src/stm32f4xx_ll_sdmmc.o
 .text.SDMMC_GetCmdResp1
                0x0000000008003854      0x1dc ./Drivers/STM32F4xx_HAL_Driver/Src/stm32f4xx_ll_sdmmc.o
 .text.SDMMC_GetCmdResp2
                0x0000000008003a30       0x90 ./Drivers/STM32F4xx_HAL_Driver/Src/stm32f4xx_ll_sdmmc.o
 .text.SDMMC_GetCmdResp3
                0x0000000008003ac0       0x7c ./Drivers/STM32F4xx_HAL_Driver/Src/stm32f4xx_ll_sdmmc.o
 .text.SDMMC_GetCmdResp6
                0x0000000008003b3c       0xec ./Drivers/STM32F4xx_HAL_Driver/Src/stm32f4xx_ll_sdmmc.o
 .text.SDMMC_GetCmdResp7
                0x0000000008003c28       0x9c ./Drivers/STM32F4xx_HAL_Driver/Src/stm32f4xx_ll_sdmmc.o
 .text.MX_FATFS_Init
                0x0000000008003cc4       0x24 ./FATFS/App/fatfs.o
                0x0000000008003cc4                MX_FATFS_Init
 .text.get_fattime
                0x0000000008003ce8       0x10 ./FATFS/App/fatfs.o
                0x0000000008003ce8                get_fattime
 .text.BSP_SD_Init
                0x0000000008003cf8       0x4c ./FATFS/Target/bsp_driver_sd.o
                0x0000000008003cf8                BSP_SD_Init
 .text.BSP_SD_ReadBlocks
                0x0000000008003d44       0x3c ./FATFS/Target/bsp_driver_sd.o
                0x0000000008003d44                BSP_SD_ReadBlocks
 .text.BSP_SD_WriteBlocks
                0x0000000008003d80       0x3c ./FATFS/Target/bsp_driver_sd.o
                0x0000000008003d80                BSP_SD_WriteBlocks
 .text.BSP_SD_GetCardState
                0x0000000008003dbc       0x20 ./FATFS/Target/bsp_driver_sd.o
                0x0000000008003dbc                BSP_SD_GetCardState
 .text.BSP_SD_GetCardInfo
                0x0000000008003ddc       0x1c ./FATFS/Target/bsp_driver_sd.o
                0x0000000008003ddc                BSP_SD_GetCardInfo
 .text.BSP_SD_IsDetected
                0x0000000008003df8       0x1a ./FATFS/Target/bsp_driver_sd.o
                0x0000000008003df8                BSP_SD_IsDetected
 *fill*         0x0000000008003e12        0x2 
 .text.SD_CheckStatus
                0x0000000008003e14       0x3c ./FATFS/Target/sd_diskio.o
 .text.SD_initialize
                0x0000000008003e50       0x3c ./FATFS/Target/sd_diskio.o
                0x0000000008003e50                SD_initialize
 .text.SD_status
                0x0000000008003e8c       0x1c ./FATFS/Target/sd_diskio.o
                0x0000000008003e8c                SD_status
 .text.SD_read  0x0000000008003ea8       0x42 ./FATFS/Target/sd_diskio.o
                0x0000000008003ea8                SD_read
 .text.SD_write
                0x0000000008003eea       0x42 ./FATFS/Target/sd_diskio.o
                0x0000000008003eea                SD_write
 .text.SD_ioctl
                0x0000000008003f2c       0xb0 ./FATFS/Target/sd_diskio.o
                0x0000000008003f2c                SD_ioctl
 .text.disk_status
                0x0000000008003fdc       0x34 ./Middlewares/Third_Party/FatFs/src/diskio.o
                0x0000000008003fdc                disk_status
 .text.disk_initialize
                0x0000000008004010       0x4c ./Middlewares/Third_Party/FatFs/src/diskio.o
                0x0000000008004010                disk_initialize
 .text.disk_read
                0x000000000800405c       0x40 ./Middlewares/Third_Party/FatFs/src/diskio.o
                0x000000000800405c                disk_read
 .text.disk_write
                0x000000000800409c       0x40 ./Middlewares/Third_Party/FatFs/src/diskio.o
                0x000000000800409c                disk_write
 .text.disk_ioctl
                0x00000000080040dc       0x3c ./Middlewares/Third_Party/FatFs/src/diskio.o
                0x00000000080040dc                disk_ioctl
 .text.ld_word  0x0000000008004118       0x30 ./Middlewares/Third_Party/FatFs/src/ff.o
 .text.ld_dword
                0x0000000008004148       0x46 ./Middlewares/Third_Party/FatFs/src/ff.o
 .text.st_word  0x000000000800418e       0x36 ./Middlewares/Third_Party/FatFs/src/ff.o
 .text.st_dword
                0x00000000080041c4       0x58 ./Middlewares/Third_Party/FatFs/src/ff.o
 .text.mem_cpy  0x000000000800421c       0x42 ./Middlewares/Third_Party/FatFs/src/ff.o
 .text.mem_set  0x000000000800425e       0x36 ./Middlewares/Third_Party/FatFs/src/ff.o
 .text.mem_cmp  0x0000000008004294       0x4e ./Middlewares/Third_Party/FatFs/src/ff.o
 .text.chk_chr  0x00000000080042e2       0x36 ./Middlewares/Third_Party/FatFs/src/ff.o
 .text.chk_lock
                0x0000000008004318       0xb8 ./Middlewares/Third_Party/FatFs/src/ff.o
 .text.enq_lock
                0x00000000080043d0       0x44 ./Middlewares/Third_Party/FatFs/src/ff.o
 .text.inc_lock
                0x0000000008004414      0x11c ./Middlewares/Third_Party/FatFs/src/ff.o
 .text.clear_lock
                0x0000000008004530       0x48 ./Middlewares/Third_Party/FatFs/src/ff.o
 .text.sync_window
                0x0000000008004578       0x88 ./Middlewares/Third_Party/FatFs/src/ff.o
 .text.move_window
                0x0000000008004600       0x5a ./Middlewares/Third_Party/FatFs/src/ff.o
 .text.clust2sect
                0x000000000800465a       0x3e ./Middlewares/Third_Party/FatFs/src/ff.o
 .text.get_fat  0x0000000008004698      0x1a8 ./Middlewares/Third_Party/FatFs/src/ff.o
 .text.put_fat  0x0000000008004840      0x238 ./Middlewares/Third_Party/FatFs/src/ff.o
 .text.remove_chain
                0x0000000008004a78       0xca ./Middlewares/Third_Party/FatFs/src/ff.o
 .text.create_chain
                0x0000000008004b42      0x130 ./Middlewares/Third_Party/FatFs/src/ff.o
 .text.clmt_clust
                0x0000000008004c72       0x70 ./Middlewares/Third_Party/FatFs/src/ff.o
 .text.dir_sdi  0x0000000008004ce2      0x112 ./Middlewares/Third_Party/FatFs/src/ff.o
 .text.dir_next
                0x0000000008004df4      0x1ac ./Middlewares/Third_Party/FatFs/src/ff.o
 .text.dir_alloc
                0x0000000008004fa0       0x8e ./Middlewares/Third_Party/FatFs/src/ff.o
 .text.ld_clust
                0x000000000800502e       0x3e ./Middlewares/Third_Party/FatFs/src/ff.o
 .text.st_clust
                0x000000000800506c       0x40 ./Middlewares/Third_Party/FatFs/src/ff.o
 .text.dir_find
                0x00000000080050ac       0xaa ./Middlewares/Third_Party/FatFs/src/ff.o
 .text.dir_register
                0x0000000008005156       0x64 ./Middlewares/Third_Party/FatFs/src/ff.o
 *fill*         0x00000000080051ba        0x2 
 .text.create_name
                0x00000000080051bc      0x128 ./Middlewares/Third_Party/FatFs/src/ff.o
 .text.follow_path
                0x00000000080052e4       0xec ./Middlewares/Third_Party/FatFs/src/ff.o
 .text.get_ldnumber
                0x00000000080053d0       0x88 ./Middlewares/Third_Party/FatFs/src/ff.o
 .text.check_fs
                0x0000000008005458       0xac ./Middlewares/Third_Party/FatFs/src/ff.o
 .text.find_volume
                0x0000000008005504      0x508 ./Middlewares/Third_Party/FatFs/src/ff.o
 .text.validate
                0x0000000008005a0c       0x6a ./Middlewares/Third_Party/FatFs/src/ff.o
 *fill*         0x0000000008005a76        0x2 
 .text.f_mount  0x0000000008005a78       0x8c ./Middlewares/Third_Party/FatFs/src/ff.o
                0x0000000008005a78                f_mount
 .text.f_open   0x0000000008005b04      0x398 ./Middlewares/Third_Party/FatFs/src/ff.o
                0x0000000008005b04                f_open
 .text.f_write  0x0000000008005e9c      0x328 ./Middlewares/Third_Party/FatFs/src/ff.o
                0x0000000008005e9c                f_write
 .text.FATFS_LinkDriverEx
                0x00000000080061c4       0x98 ./Middlewares/Third_Party/FatFs/src/ff_gen_drv.o
                0x00000000080061c4                FATFS_LinkDriverEx
 .text.FATFS_LinkDriver
                0x000000000800625c       0x1e ./Middlewares/Third_Party/FatFs/src/ff_gen_drv.o
                0x000000000800625c                FATFS_LinkDriver
 *fill*         0x000000000800627a        0x2 
 .text.__libc_init_array
                0x000000000800627c       0x48 c:/st/stm32cubeide_1.8.0/stm32cubeide/plugins/com.st.stm32cube.ide.mcu.externaltools.gnu-tools-for-stm32.9-2020-q2-update.win32_2.0.0.202105311346/tools/bin/../lib/gcc/arm-none-eabi/9.3.1/../../../../arm-none-eabi/lib/thumb/v7e-m+fp/hard\libc_nano.a(lib_a-init.o)
                0x000000000800627c                __libc_init_array
 .text.memset   0x00000000080062c4       0x10 c:/st/stm32cubeide_1.8.0/stm32cubeide/plugins/com.st.stm32cube.ide.mcu.externaltools.gnu-tools-for-stm32.9-2020-q2-update.win32_2.0.0.202105311346/tools/bin/../lib/gcc/arm-none-eabi/9.3.1/../../../../arm-none-eabi/lib/thumb/v7e-m+fp/hard\libc_nano.a(lib_a-memset.o)
                0x00000000080062c4                memset
 *(.glue_7)
 .glue_7        0x00000000080062d4        0x0 linker stubs
 *(.glue_7t)
 .glue_7t       0x00000000080062d4        0x0 linker stubs
 *(.eh_frame)
 .eh_frame      0x00000000080062d4        0x0 c:/st/stm32cubeide_1.8.0/stm32cubeide/plugins/com.st.stm32cube.ide.mcu.externaltools.gnu-tools-for-stm32.9-2020-q2-update.win32_2.0.0.202105311346/tools/bin/../lib/gcc/arm-none-eabi/9.3.1/thumb/v7e-m+fp/hard/crtbegin.o
 *(.init)
 .init          0x00000000080062d4        0x4 c:/st/stm32cubeide_1.8.0/stm32cubeide/plugins/com.st.stm32cube.ide.mcu.externaltools.gnu-tools-for-stm32.9-2020-q2-update.win32_2.0.0.202105311346/tools/bin/../lib/gcc/arm-none-eabi/9.3.1/thumb/v7e-m+fp/hard/crti.o
                0x00000000080062d4                _init
 .init          0x00000000080062d8        0x8 c:/st/stm32cubeide_1.8.0/stm32cubeide/plugins/com.st.stm32cube.ide.mcu.externaltools.gnu-tools-for-stm32.9-2020-q2-update.win32_2.0.0.202105311346/tools/bin/../lib/gcc/arm-none-eabi/9.3.1/thumb/v7e-m+fp/hard/crtn.o
 *(.fini)
 .fini          0x00000000080062e0        0x4 c:/st/stm32cubeide_1.8.0/stm32cubeide/plugins/com.st.stm32cube.ide.mcu.externaltools.gnu-tools-for-stm32.9-2020-q2-update.win32_2.0.0.202105311346/tools/bin/../lib/gcc/arm-none-eabi/9.3.1/thumb/v7e-m+fp/hard/crti.o
                0x00000000080062e0                _fini
 .fini          0x00000000080062e4        0x8 c:/st/stm32cubeide_1.8.0/stm32cubeide/plugins/com.st.stm32cube.ide.mcu.externaltools.gnu-tools-for-stm32.9-2020-q2-update.win32_2.0.0.202105311346/tools/bin/../lib/gcc/arm-none-eabi/9.3.1/thumb/v7e-m+fp/hard/crtn.o
                0x00000000080062ec                . = ALIGN (0x4)
                0x00000000080062ec                _etext = .

.vfp11_veneer   0x00000000080062ec        0x0
 .vfp11_veneer  0x00000000080062ec        0x0 linker stubs

.v4_bx          0x00000000080062ec        0x0
 .v4_bx         0x00000000080062ec        0x0 linker stubs

.iplt           0x00000000080062ec        0x0
 .iplt          0x00000000080062ec        0x0 c:/st/stm32cubeide_1.8.0/stm32cubeide/plugins/com.st.stm32cube.ide.mcu.externaltools.gnu-tools-for-stm32.9-2020-q2-update.win32_2.0.0.202105311346/tools/bin/../lib/gcc/arm-none-eabi/9.3.1/thumb/v7e-m+fp/hard/crtbegin.o

.rodata         0x00000000080062ec      0x114
                0x00000000080062ec                . = ALIGN (0x4)
 *(.rodata)
 .rodata        0x00000000080062ec       0x11 ./Core/Src/main.o
 *fill*         0x00000000080062fd        0x3 
 .rodata        0x0000000008006300       0x44 ./Middlewares/Third_Party/FatFs/src/ff.o
 *(.rodata*)
 .rodata.wtext  0x0000000008006344       0x15 ./Core/Src/main.o
                0x0000000008006344                wtext
 *fill*         0x0000000008006359        0x3 
 .rodata.AHBPrescTable
                0x000000000800635c       0x10 ./Core/Src/system_stm32f4xx.o
                0x000000000800635c                AHBPrescTable
 .rodata.SD_Driver
                0x000000000800636c       0x14 ./FATFS/Target/sd_diskio.o
                0x000000000800636c                SD_Driver
 .rodata.ExCvt  0x0000000008006380       0x80 ./Middlewares/Third_Party/FatFs/src/ff.o
                0x0000000008006400                . = ALIGN (0x4)

.ARM.extab      0x0000000008006400        0x0
                0x0000000008006400                . = ALIGN (0x4)
 *(.ARM.extab* .gnu.linkonce.armextab.*)
                0x0000000008006400                . = ALIGN (0x4)

.ARM            0x0000000008006400        0x8
                0x0000000008006400                . = ALIGN (0x4)
                0x0000000008006400                __exidx_start = .
 *(.ARM.exidx*)
 .ARM.exidx     0x0000000008006400        0x8 c:/st/stm32cubeide_1.8.0/stm32cubeide/plugins/com.st.stm32cube.ide.mcu.externaltools.gnu-tools-for-stm32.9-2020-q2-update.win32_2.0.0.202105311346/tools/bin/../lib/gcc/arm-none-eabi/9.3.1/thumb/v7e-m+fp/hard\libgcc.a(_udivmoddi4.o)
                0x0000000008006408                __exidx_end = .
                0x0000000008006408                . = ALIGN (0x4)

.rel.dyn        0x0000000008006408        0x0
 .rel.iplt      0x0000000008006408        0x0 c:/st/stm32cubeide_1.8.0/stm32cubeide/plugins/com.st.stm32cube.ide.mcu.externaltools.gnu-tools-for-stm32.9-2020-q2-update.win32_2.0.0.202105311346/tools/bin/../lib/gcc/arm-none-eabi/9.3.1/thumb/v7e-m+fp/hard/crtbegin.o

.preinit_array  0x0000000008006408        0x0
                0x0000000008006408                . = ALIGN (0x4)
                0x0000000008006408                PROVIDE (__preinit_array_start = .)
 *(.preinit_array*)
                0x0000000008006408                PROVIDE (__preinit_array_end = .)
                0x0000000008006408                . = ALIGN (0x4)

.init_array     0x0000000008006408        0x4
                0x0000000008006408                . = ALIGN (0x4)
                0x0000000008006408                PROVIDE (__init_array_start = .)
 *(SORT_BY_NAME(.init_array.*))
 *(.init_array*)
 .init_array    0x0000000008006408        0x4 c:/st/stm32cubeide_1.8.0/stm32cubeide/plugins/com.st.stm32cube.ide.mcu.externaltools.gnu-tools-for-stm32.9-2020-q2-update.win32_2.0.0.202105311346/tools/bin/../lib/gcc/arm-none-eabi/9.3.1/thumb/v7e-m+fp/hard/crtbegin.o
                0x000000000800640c                PROVIDE (__init_array_end = .)
                0x000000000800640c                . = ALIGN (0x4)

.fini_array     0x000000000800640c        0x4
                0x000000000800640c                . = ALIGN (0x4)
                [!provide]                        PROVIDE (__fini_array_start = .)
 *(SORT_BY_NAME(.fini_array.*))
 *(.fini_array*)
 .fini_array    0x000000000800640c        0x4 c:/st/stm32cubeide_1.8.0/stm32cubeide/plugins/com.st.stm32cube.ide.mcu.externaltools.gnu-tools-for-stm32.9-2020-q2-update.win32_2.0.0.202105311346/tools/bin/../lib/gcc/arm-none-eabi/9.3.1/thumb/v7e-m+fp/hard/crtbegin.o
                [!provide]                        PROVIDE (__fini_array_end = .)
                0x0000000008006410                . = ALIGN (0x4)
                0x0000000008006410                _sidata = LOADADDR (.data)

.data           0x0000000020000000        0xc load address 0x0000000008006410
                0x0000000020000000                . = ALIGN (0x4)
                0x0000000020000000                _sdata = .
 *(.data)
 *(.data*)
 .data.SystemCoreClock
                0x0000000020000000        0x4 ./Core/Src/system_stm32f4xx.o
                0x0000000020000000                SystemCoreClock
 .data.uwTickPrio
                0x0000000020000004        0x4 ./Drivers/STM32F4xx_HAL_Driver/Src/stm32f4xx_hal.o
                0x0000000020000004                uwTickPrio
 .data.uwTickFreq
                0x0000000020000008        0x1 ./Drivers/STM32F4xx_HAL_Driver/Src/stm32f4xx_hal.o
                0x0000000020000008                uwTickFreq
 .data.Stat     0x0000000020000009        0x1 ./FATFS/Target/sd_diskio.o
 *(.RamFunc)
 *(.RamFunc*)
                0x000000002000000c                . = ALIGN (0x4)
 *fill*         0x000000002000000a        0x2 
                0x000000002000000c                _edata = .

.igot.plt       0x000000002000000c        0x0 load address 0x000000000800641c
 .igot.plt      0x000000002000000c        0x0 c:/st/stm32cubeide_1.8.0/stm32cubeide/plugins/com.st.stm32cube.ide.mcu.externaltools.gnu-tools-for-stm32.9-2020-q2-update.win32_2.0.0.202105311346/tools/bin/../lib/gcc/arm-none-eabi/9.3.1/thumb/v7e-m+fp/hard/crtbegin.o
                0x000000002000000c                . = ALIGN (0x4)

.bss            0x000000002000000c     0x41c0 load address 0x000000000800641c
                0x000000002000000c                _sbss = .
                0x000000002000000c                __bss_start__ = _sbss
 *(.bss)
 .bss           0x000000002000000c       0x1c c:/st/stm32cubeide_1.8.0/stm32cubeide/plugins/com.st.stm32cube.ide.mcu.externaltools.gnu-tools-for-stm32.9-2020-q2-update.win32_2.0.0.202105311346/tools/bin/../lib/gcc/arm-none-eabi/9.3.1/thumb/v7e-m+fp/hard/crtbegin.o
 *(.bss*)
 .bss.FatFs     0x0000000020000028        0x4 ./Middlewares/Third_Party/FatFs/src/ff.o
 .bss.Fsid      0x000000002000002c        0x2 ./Middlewares/Third_Party/FatFs/src/ff.o
 *fill*         0x000000002000002e        0x2 
 .bss.Files     0x0000000020000030       0x20 ./Middlewares/Third_Party/FatFs/src/ff.o
 .bss.disk      0x0000000020000050        0xc ./Middlewares/Third_Party/FatFs/src/ff_gen_drv.o
                0x0000000020000050                disk
 *(COMMON)
 COMMON         0x000000002000005c     0x20fd ./Core/Src/main.o
                0x000000002000005c                fre_clust
                0x0000000020000060                byteswritten
                0x0000000020000064                free_space
                0x0000000020000068                SDFatFs
                0x000000002000109c                hsd
                0x0000000020001120                MyFile
                0x0000000020002150                pfs
                0x0000000020002154                total
                0x0000000020002158                res
 *fill*         0x0000000020002159        0x3 
 COMMON         0x000000002000215c        0x4 ./Drivers/STM32F4xx_HAL_Driver/Src/stm32f4xx_hal.o
                0x000000002000215c                uwTick
 COMMON         0x0000000020002160     0x206c ./FATFS/App/fatfs.o
                0x0000000020002160                retSD
                0x0000000020002164                SDPath
                0x0000000020002168                SDFile
                0x0000000020003198                SDFatFS
                0x00000000200041cc                . = ALIGN (0x4)
                0x00000000200041cc                _ebss = .
                0x00000000200041cc                __bss_end__ = _ebss

._user_heap_stack
                0x00000000200041cc     0x2004 load address 0x000000000800641c
                0x00000000200041d0                . = ALIGN (0x8)
 *fill*         0x00000000200041cc        0x4 
                [!provide]                        PROVIDE (end = .)
                0x00000000200041d0                PROVIDE (_end = .)
                0x00000000200051d0                . = (. + _Min_Heap_Size)
 *fill*         0x00000000200041d0     0x1000 
                0x00000000200061d0                . = (. + _Min_Stack_Size)
 *fill*         0x00000000200051d0     0x1000 
                0x00000000200061d0                . = ALIGN (0x8)

/DISCARD/
 libc.a(*)
 libm.a(*)
 libgcc.a(*)

.ARM.attributes
                0x0000000000000000       0x30
 *(.ARM.attributes)
 .ARM.attributes
                0x0000000000000000       0x1e c:/st/stm32cubeide_1.8.0/stm32cubeide/plugins/com.st.stm32cube.ide.mcu.externaltools.gnu-tools-for-stm32.9-2020-q2-update.win32_2.0.0.202105311346/tools/bin/../lib/gcc/arm-none-eabi/9.3.1/thumb/v7e-m+fp/hard/crti.o
 .ARM.attributes
                0x000000000000001e       0x34 c:/st/stm32cubeide_1.8.0/stm32cubeide/plugins/com.st.stm32cube.ide.mcu.externaltools.gnu-tools-for-stm32.9-2020-q2-update.win32_2.0.0.202105311346/tools/bin/../lib/gcc/arm-none-eabi/9.3.1/thumb/v7e-m+fp/hard/crtbegin.o
 .ARM.attributes
                0x0000000000000052       0x34 ./Core/Src/main.o
 .ARM.attributes
                0x0000000000000086       0x34 ./Core/Src/stm32f4xx_hal_msp.o
 .ARM.attributes
                0x00000000000000ba       0x34 ./Core/Src/stm32f4xx_it.o
 .ARM.attributes
                0x00000000000000ee       0x34 ./Core/Src/system_stm32f4xx.o
 .ARM.attributes
                0x0000000000000122       0x21 ./Core/Startup/startup_stm32f411vetx.o
 .ARM.attributes
                0x0000000000000143       0x34 ./Drivers/STM32F4xx_HAL_Driver/Src/stm32f4xx_hal.o
 .ARM.attributes
                0x0000000000000177       0x34 ./Drivers/STM32F4xx_HAL_Driver/Src/stm32f4xx_hal_cortex.o
 .ARM.attributes
                0x00000000000001ab       0x34 ./Drivers/STM32F4xx_HAL_Driver/Src/stm32f4xx_hal_gpio.o
 .ARM.attributes
                0x00000000000001df       0x34 ./Drivers/STM32F4xx_HAL_Driver/Src/stm32f4xx_hal_rcc.o
 .ARM.attributes
                0x0000000000000213       0x34 ./Drivers/STM32F4xx_HAL_Driver/Src/stm32f4xx_hal_sd.o
 .ARM.attributes
                0x0000000000000247       0x34 ./Drivers/STM32F4xx_HAL_Driver/Src/stm32f4xx_ll_sdmmc.o
 .ARM.attributes
                0x000000000000027b       0x34 ./FATFS/App/fatfs.o
 .ARM.attributes
                0x00000000000002af       0x34 ./FATFS/Target/bsp_driver_sd.o
 .ARM.attributes
                0x00000000000002e3       0x34 ./FATFS/Target/sd_diskio.o
 .ARM.attributes
                0x0000000000000317       0x34 ./Middlewares/Third_Party/FatFs/src/diskio.o
 .ARM.attributes
                0x000000000000034b       0x34 ./Middlewares/Third_Party/FatFs/src/ff.o
 .ARM.attributes
                0x000000000000037f       0x34 ./Middlewares/Third_Party/FatFs/src/ff_gen_drv.o
 .ARM.attributes
                0x00000000000003b3       0x34 c:/st/stm32cubeide_1.8.0/stm32cubeide/plugins/com.st.stm32cube.ide.mcu.externaltools.gnu-tools-for-stm32.9-2020-q2-update.win32_2.0.0.202105311346/tools/bin/../lib/gcc/arm-none-eabi/9.3.1/../../../../arm-none-eabi/lib/thumb/v7e-m+fp/hard\libc_nano.a(lib_a-init.o)
 .ARM.attributes
                0x00000000000003e7       0x34 c:/st/stm32cubeide_1.8.0/stm32cubeide/plugins/com.st.stm32cube.ide.mcu.externaltools.gnu-tools-for-stm32.9-2020-q2-update.win32_2.0.0.202105311346/tools/bin/../lib/gcc/arm-none-eabi/9.3.1/../../../../arm-none-eabi/lib/thumb/v7e-m+fp/hard\libc_nano.a(lib_a-memset.o)
 .ARM.attributes
                0x000000000000041b       0x1e c:/st/stm32cubeide_1.8.0/stm32cubeide/plugins/com.st.stm32cube.ide.mcu.externaltools.gnu-tools-for-stm32.9-2020-q2-update.win32_2.0.0.202105311346/tools/bin/../lib/gcc/arm-none-eabi/9.3.1/thumb/v7e-m+fp/hard\libgcc.a(_arm_muldf3.o)
 .ARM.attributes
                0x0000000000000439       0x1e c:/st/stm32cubeide_1.8.0/stm32cubeide/plugins/com.st.stm32cube.ide.mcu.externaltools.gnu-tools-for-stm32.9-2020-q2-update.win32_2.0.0.202105311346/tools/bin/../lib/gcc/arm-none-eabi/9.3.1/thumb/v7e-m+fp/hard\libgcc.a(_arm_addsubdf3.o)
 .ARM.attributes
                0x0000000000000457       0x1e c:/st/stm32cubeide_1.8.0/stm32cubeide/plugins/com.st.stm32cube.ide.mcu.externaltools.gnu-tools-for-stm32.9-2020-q2-update.win32_2.0.0.202105311346/tools/bin/../lib/gcc/arm-none-eabi/9.3.1/thumb/v7e-m+fp/hard\libgcc.a(_arm_fixunsdfsi.o)
 .ARM.attributes
                0x0000000000000475       0x1e c:/st/stm32cubeide_1.8.0/stm32cubeide/plugins/com.st.stm32cube.ide.mcu.externaltools.gnu-tools-for-stm32.9-2020-q2-update.win32_2.0.0.202105311346/tools/bin/../lib/gcc/arm-none-eabi/9.3.1/thumb/v7e-m+fp/hard\libgcc.a(_aeabi_uldivmod.o)
 .ARM.attributes
                0x0000000000000493       0x34 c:/st/stm32cubeide_1.8.0/stm32cubeide/plugins/com.st.stm32cube.ide.mcu.externaltools.gnu-tools-for-stm32.9-2020-q2-update.win32_2.0.0.202105311346/tools/bin/../lib/gcc/arm-none-eabi/9.3.1/thumb/v7e-m+fp/hard\libgcc.a(_udivmoddi4.o)
 .ARM.attributes
                0x00000000000004c7       0x1e c:/st/stm32cubeide_1.8.0/stm32cubeide/plugins/com.st.stm32cube.ide.mcu.externaltools.gnu-tools-for-stm32.9-2020-q2-update.win32_2.0.0.202105311346/tools/bin/../lib/gcc/arm-none-eabi/9.3.1/thumb/v7e-m+fp/hard\libgcc.a(_dvmd_tls.o)
 .ARM.attributes
                0x00000000000004e5       0x1e c:/st/stm32cubeide_1.8.0/stm32cubeide/plugins/com.st.stm32cube.ide.mcu.externaltools.gnu-tools-for-stm32.9-2020-q2-update.win32_2.0.0.202105311346/tools/bin/../lib/gcc/arm-none-eabi/9.3.1/thumb/v7e-m+fp/hard/crtn.o
OUTPUT(sdio.elf elf32-littlearm)
LOAD linker stubs
LOAD c:/st/stm32cubeide_1.8.0/stm32cubeide/plugins/com.st.stm32cube.ide.mcu.externaltools.gnu-tools-for-stm32.9-2020-q2-update.win32_2.0.0.202105311346/tools/bin/../lib/gcc/arm-none-eabi/9.3.1/../../../../arm-none-eabi/lib/thumb/v7e-m+fp/hard\libc.a
LOAD c:/st/stm32cubeide_1.8.0/stm32cubeide/plugins/com.st.stm32cube.ide.mcu.externaltools.gnu-tools-for-stm32.9-2020-q2-update.win32_2.0.0.202105311346/tools/bin/../lib/gcc/arm-none-eabi/9.3.1/../../../../arm-none-eabi/lib/thumb/v7e-m+fp/hard\libm.a
LOAD c:/st/stm32cubeide_1.8.0/stm32cubeide/plugins/com.st.stm32cube.ide.mcu.externaltools.gnu-tools-for-stm32.9-2020-q2-update.win32_2.0.0.202105311346/tools/bin/../lib/gcc/arm-none-eabi/9.3.1/thumb/v7e-m+fp/hard\libgcc.a

.debug_info     0x0000000000000000     0xf497
 .debug_info    0x0000000000000000     0x1b88 ./Core/Src/main.o
 .debug_info    0x0000000000001b88      0xb8c ./Core/Src/stm32f4xx_hal_msp.o
 .debug_info    0x0000000000002714      0x222 ./Core/Src/stm32f4xx_it.o
 .debug_info    0x0000000000002936      0x5d0 ./Core/Src/system_stm32f4xx.o
 .debug_info    0x0000000000002f06       0x22 ./Core/Startup/startup_stm32f411vetx.o
 .debug_info    0x0000000000002f28      0x944 ./Drivers/STM32F4xx_HAL_Driver/Src/stm32f4xx_hal.o
 .debug_info    0x000000000000386c      0xe47 ./Drivers/STM32F4xx_HAL_Driver/Src/stm32f4xx_hal_cortex.o
 .debug_info    0x00000000000046b3      0x862 ./Drivers/STM32F4xx_HAL_Driver/Src/stm32f4xx_hal_gpio.o
 .debug_info    0x0000000000004f15      0x9be ./Drivers/STM32F4xx_HAL_Driver/Src/stm32f4xx_hal_rcc.o
 .debug_info    0x00000000000058d3     0x1a5e ./Drivers/STM32F4xx_HAL_Driver/Src/stm32f4xx_hal_sd.o
 .debug_info    0x0000000000007331     0x1249 ./Drivers/STM32F4xx_HAL_Driver/Src/stm32f4xx_ll_sdmmc.o
 .debug_info    0x000000000000857a      0xe76 ./FATFS/App/fatfs.o
 .debug_info    0x00000000000093f0      0xae0 ./FATFS/Target/bsp_driver_sd.o
 .debug_info    0x0000000000009ed0      0xde7 ./FATFS/Target/sd_diskio.o
 .debug_info    0x000000000000acb7      0xda8 ./Middlewares/Third_Party/FatFs/src/diskio.o
 .debug_info    0x000000000000ba5f     0x2cff ./Middlewares/Third_Party/FatFs/src/ff.o
 .debug_info    0x000000000000e75e      0xd39 ./Middlewares/Third_Party/FatFs/src/ff_gen_drv.o

.debug_abbrev   0x0000000000000000     0x2318
 .debug_abbrev  0x0000000000000000      0x2c6 ./Core/Src/main.o
 .debug_abbrev  0x00000000000002c6      0x1ac ./Core/Src/stm32f4xx_hal_msp.o
 .debug_abbrev  0x0000000000000472       0xd2 ./Core/Src/stm32f4xx_it.o
 .debug_abbrev  0x0000000000000544      0x145 ./Core/Src/system_stm32f4xx.o
 .debug_abbrev  0x0000000000000689       0x12 ./Core/Startup/startup_stm32f411vetx.o
 .debug_abbrev  0x000000000000069b      0x21e ./Drivers/STM32F4xx_HAL_Driver/Src/stm32f4xx_hal.o
 .debug_abbrev  0x00000000000008b9      0x33c ./Drivers/STM32F4xx_HAL_Driver/Src/stm32f4xx_hal_cortex.o
 .debug_abbrev  0x0000000000000bf5      0x1f1 ./Drivers/STM32F4xx_HAL_Driver/Src/stm32f4xx_hal_gpio.o
 .debug_abbrev  0x0000000000000de6      0x275 ./Drivers/STM32F4xx_HAL_Driver/Src/stm32f4xx_hal_rcc.o
 .debug_abbrev  0x000000000000105b      0x26d ./Drivers/STM32F4xx_HAL_Driver/Src/stm32f4xx_hal_sd.o
 .debug_abbrev  0x00000000000012c8      0x1ec ./Drivers/STM32F4xx_HAL_Driver/Src/stm32f4xx_ll_sdmmc.o
 .debug_abbrev  0x00000000000014b4      0x209 ./FATFS/App/fatfs.o
 .debug_abbrev  0x00000000000016bd      0x2a4 ./FATFS/Target/bsp_driver_sd.o
 .debug_abbrev  0x0000000000001961      0x228 ./FATFS/Target/sd_diskio.o
 .debug_abbrev  0x0000000000001b89      0x237 ./Middlewares/Third_Party/FatFs/src/diskio.o
 .debug_abbrev  0x0000000000001dc0      0x2f0 ./Middlewares/Third_Party/FatFs/src/ff.o
 .debug_abbrev  0x00000000000020b0      0x268 ./Middlewares/Third_Party/FatFs/src/ff_gen_drv.o

.debug_aranges  0x0000000000000000      0xa90
 .debug_aranges
                0x0000000000000000       0x40 ./Core/Src/main.o
 .debug_aranges
                0x0000000000000040       0x30 ./Core/Src/stm32f4xx_hal_msp.o
 .debug_aranges
                0x0000000000000070       0x60 ./Core/Src/stm32f4xx_it.o
 .debug_aranges
                0x00000000000000d0       0x28 ./Core/Src/system_stm32f4xx.o
 .debug_aranges
                0x00000000000000f8       0x28 ./Core/Startup/startup_stm32f411vetx.o
 .debug_aranges
                0x0000000000000120       0xf0 ./Drivers/STM32F4xx_HAL_Driver/Src/stm32f4xx_hal.o
 .debug_aranges
                0x0000000000000210      0x118 ./Drivers/STM32F4xx_HAL_Driver/Src/stm32f4xx_hal_cortex.o
 .debug_aranges
                0x0000000000000328       0x58 ./Drivers/STM32F4xx_HAL_Driver/Src/stm32f4xx_hal_gpio.o
 .debug_aranges
                0x0000000000000380       0x88 ./Drivers/STM32F4xx_HAL_Driver/Src/stm32f4xx_hal_rcc.o
 .debug_aranges
                0x0000000000000408      0x168 ./Drivers/STM32F4xx_HAL_Driver/Src/stm32f4xx_hal_sd.o
 .debug_aranges
                0x0000000000000570      0x180 ./Drivers/STM32F4xx_HAL_Driver/Src/stm32f4xx_ll_sdmmc.o
 .debug_aranges
                0x00000000000006f0       0x28 ./FATFS/App/fatfs.o
 .debug_aranges
                0x0000000000000718       0xa0 ./FATFS/Target/bsp_driver_sd.o
 .debug_aranges
                0x00000000000007b8       0x48 ./FATFS/Target/sd_diskio.o
 .debug_aranges
                0x0000000000000800       0x48 ./Middlewares/Third_Party/FatFs/src/diskio.o
 .debug_aranges
                0x0000000000000848      0x208 ./Middlewares/Third_Party/FatFs/src/ff.o
 .debug_aranges
                0x0000000000000a50       0x40 ./Middlewares/Third_Party/FatFs/src/ff_gen_drv.o

.debug_ranges   0x0000000000000000      0x988
 .debug_ranges  0x0000000000000000       0x30 ./Core/Src/main.o
 .debug_ranges  0x0000000000000030       0x20 ./Core/Src/stm32f4xx_hal_msp.o
 .debug_ranges  0x0000000000000050       0x50 ./Core/Src/stm32f4xx_it.o
 .debug_ranges  0x00000000000000a0       0x18 ./Core/Src/system_stm32f4xx.o
 .debug_ranges  0x00000000000000b8       0x20 ./Core/Startup/startup_stm32f411vetx.o
 .debug_ranges  0x00000000000000d8       0xe0 ./Drivers/STM32F4xx_HAL_Driver/Src/stm32f4xx_hal.o
 .debug_ranges  0x00000000000001b8      0x108 ./Drivers/STM32F4xx_HAL_Driver/Src/stm32f4xx_hal_cortex.o
 .debug_ranges  0x00000000000002c0       0x48 ./Drivers/STM32F4xx_HAL_Driver/Src/stm32f4xx_hal_gpio.o
 .debug_ranges  0x0000000000000308       0x78 ./Drivers/STM32F4xx_HAL_Driver/Src/stm32f4xx_hal_rcc.o
 .debug_ranges  0x0000000000000380      0x158 ./Drivers/STM32F4xx_HAL_Driver/Src/stm32f4xx_hal_sd.o
 .debug_ranges  0x00000000000004d8      0x170 ./Drivers/STM32F4xx_HAL_Driver/Src/stm32f4xx_ll_sdmmc.o
 .debug_ranges  0x0000000000000648       0x18 ./FATFS/App/fatfs.o
 .debug_ranges  0x0000000000000660       0x90 ./FATFS/Target/bsp_driver_sd.o
 .debug_ranges  0x00000000000006f0       0x38 ./FATFS/Target/sd_diskio.o
 .debug_ranges  0x0000000000000728       0x38 ./Middlewares/Third_Party/FatFs/src/diskio.o
 .debug_ranges  0x0000000000000760      0x1f8 ./Middlewares/Third_Party/FatFs/src/ff.o
 .debug_ranges  0x0000000000000958       0x30 ./Middlewares/Third_Party/FatFs/src/ff_gen_drv.o

.debug_macro    0x0000000000000000    0x172c1
 .debug_macro   0x0000000000000000      0x306 ./Core/Src/main.o
 .debug_macro   0x0000000000000306      0xaa8 ./Core/Src/main.o
 .debug_macro   0x0000000000000dae      0x295 ./Core/Src/main.o
 .debug_macro   0x0000000000001043       0x2e ./Core/Src/main.o
 .debug_macro   0x0000000000001071       0x28 ./Core/Src/main.o
 .debug_macro   0x0000000000001099       0x22 ./Core/Src/main.o
 .debug_macro   0x00000000000010bb       0x8e ./Core/Src/main.o
 .debug_macro   0x0000000000001149       0x51 ./Core/Src/main.o
 .debug_macro   0x000000000000119a      0x103 ./Core/Src/main.o
 .debug_macro   0x000000000000129d       0x6a ./Core/Src/main.o
 .debug_macro   0x0000000000001307      0x1df ./Core/Src/main.o
 .debug_macro   0x00000000000014e6       0x1c ./Core/Src/main.o
 .debug_macro   0x0000000000001502       0x22 ./Core/Src/main.o
 .debug_macro   0x0000000000001524       0xdf ./Core/Src/main.o
 .debug_macro   0x0000000000001603     0x102d ./Core/Src/main.o
 .debug_macro   0x0000000000002630      0x11f ./Core/Src/main.o
 .debug_macro   0x000000000000274f     0xb953 ./Core/Src/main.o
 .debug_macro   0x000000000000e0a2       0x6d ./Core/Src/main.o
 .debug_macro   0x000000000000e10f     0x3666 ./Core/Src/main.o
 .debug_macro   0x0000000000011775      0x174 ./Core/Src/main.o
 .debug_macro   0x00000000000118e9       0x5c ./Core/Src/main.o
 .debug_macro   0x0000000000011945      0x447 ./Core/Src/main.o
 .debug_macro   0x0000000000011d8c      0x9fe ./Core/Src/main.o
 .debug_macro   0x000000000001278a      0x116 ./Core/Src/main.o
 .debug_macro   0x00000000000128a0      0x11b ./Core/Src/main.o
 .debug_macro   0x00000000000129bb       0xa5 ./Core/Src/main.o
 .debug_macro   0x0000000000012a60      0x15f ./Core/Src/main.o
 .debug_macro   0x0000000000012bbf      0x287 ./Core/Src/main.o
 .debug_macro   0x0000000000012e46       0x5f ./Core/Src/main.o
 .debug_macro   0x0000000000012ea5      0x236 ./Core/Src/main.o
 .debug_macro   0x00000000000130db      0x132 ./Core/Src/main.o
 .debug_macro   0x000000000001320d      0x264 ./Core/Src/main.o
 .debug_macro   0x0000000000013471       0x2e ./Core/Src/main.o
 .debug_macro   0x000000000001349f      0x11a ./Core/Src/main.o
 .debug_macro   0x00000000000135b9       0x85 ./Core/Src/main.o
 .debug_macro   0x000000000001363e       0x89 ./Core/Src/main.o
 .debug_macro   0x00000000000136c7      0x861 ./Core/Src/main.o
 .debug_macro   0x0000000000013f28      0x1d5 ./Core/Src/main.o
 .debug_macro   0x00000000000140fd      0x126 ./Core/Src/main.o
 .debug_macro   0x0000000000014223       0x10 ./Core/Src/main.o
 .debug_macro   0x0000000000014233       0x3a ./Core/Src/main.o
 .debug_macro   0x000000000001426d       0xe5 ./Core/Src/main.o
 .debug_macro   0x0000000000014352       0x18 ./Core/Src/main.o
 .debug_macro   0x000000000001436a       0x52 ./Core/Src/main.o
 .debug_macro   0x00000000000143bc       0x3c ./Core/Src/main.o
 .debug_macro   0x00000000000143f8       0x34 ./Core/Src/main.o
 .debug_macro   0x000000000001442c       0x16 ./Core/Src/main.o
 .debug_macro   0x0000000000014442       0x35 ./Core/Src/main.o
 .debug_macro   0x0000000000014477       0x16 ./Core/Src/main.o
 .debug_macro   0x000000000001448d       0x43 ./Core/Src/main.o
 .debug_macro   0x00000000000144d0       0x34 ./Core/Src/main.o
 .debug_macro   0x0000000000014504       0x10 ./Core/Src/main.o
 .debug_macro   0x0000000000014514       0x58 ./Core/Src/main.o
 .debug_macro   0x000000000001456c       0x71 ./Core/Src/main.o
 .debug_macro   0x00000000000145dd       0x1c ./Core/Src/main.o
 .debug_macro   0x00000000000145f9      0x12a ./Core/Src/main.o
 .debug_macro   0x0000000000014723      0x333 ./Core/Src/main.o
 .debug_macro   0x0000000000014a56       0x16 ./Core/Src/main.o
 .debug_macro   0x0000000000014a6c       0x29 ./Core/Src/main.o
 .debug_macro   0x0000000000014a95       0x12 ./Core/Src/main.o
 .debug_macro   0x0000000000014aa7       0xe2 ./Core/Src/main.o
 .debug_macro   0x0000000000014b89       0x8e ./Core/Src/main.o
 .debug_macro   0x0000000000014c17      0x1d8 ./Core/Src/stm32f4xx_hal_msp.o
 .debug_macro   0x0000000000014def      0x1e2 ./Core/Src/stm32f4xx_it.o
 .debug_macro   0x0000000000014fd1      0x1c9 ./Core/Src/system_stm32f4xx.o
 .debug_macro   0x000000000001519a      0x229 ./Drivers/STM32F4xx_HAL_Driver/Src/stm32f4xx_hal.o
 .debug_macro   0x00000000000153c3      0x1c9 ./Drivers/STM32F4xx_HAL_Driver/Src/stm32f4xx_hal_cortex.o
 .debug_macro   0x000000000001558c      0x1cf ./Drivers/STM32F4xx_HAL_Driver/Src/stm32f4xx_hal_gpio.o
 .debug_macro   0x000000000001575b      0x1ed ./Drivers/STM32F4xx_HAL_Driver/Src/stm32f4xx_hal_rcc.o
 .debug_macro   0x0000000000015948      0x1ca ./Drivers/STM32F4xx_HAL_Driver/Src/stm32f4xx_hal_sd.o
 .debug_macro   0x0000000000015b12      0x1ca ./Drivers/STM32F4xx_HAL_Driver/Src/stm32f4xx_ll_sdmmc.o
 .debug_macro   0x0000000000015cdc      0x306 ./FATFS/App/fatfs.o
 .debug_macro   0x0000000000015fe2      0x1d8 ./FATFS/Target/bsp_driver_sd.o
 .debug_macro   0x00000000000161ba       0x34 ./FATFS/Target/bsp_driver_sd.o
 .debug_macro   0x00000000000161ee      0x309 ./FATFS/Target/sd_diskio.o
 .debug_macro   0x00000000000164f7       0x16 ./FATFS/Target/sd_diskio.o
 .debug_macro   0x000000000001650d       0x7c ./FATFS/Target/sd_diskio.o
 .debug_macro   0x0000000000016589      0x2f3 ./Middlewares/Third_Party/FatFs/src/diskio.o
 .debug_macro   0x000000000001687c      0x6fa ./Middlewares/Third_Party/FatFs/src/ff.o
 .debug_macro   0x0000000000016f76       0x58 ./Middlewares/Third_Party/FatFs/src/ff.o
 .debug_macro   0x0000000000016fce      0x2f3 ./Middlewares/Third_Party/FatFs/src/ff_gen_drv.o

.debug_line     0x0000000000000000     0xdd30
 .debug_line    0x0000000000000000      0xa0c ./Core/Src/main.o
 .debug_line    0x0000000000000a0c      0x730 ./Core/Src/stm32f4xx_hal_msp.o
 .debug_line    0x000000000000113c      0x76e ./Core/Src/stm32f4xx_it.o
 .debug_line    0x00000000000018aa      0x72d ./Core/Src/system_stm32f4xx.o
 .debug_line    0x0000000000001fd7       0x88 ./Core/Startup/startup_stm32f411vetx.o
 .debug_line    0x000000000000205f      0x993 ./Drivers/STM32F4xx_HAL_Driver/Src/stm32f4xx_hal.o
 .debug_line    0x00000000000029f2      0xc42 ./Drivers/STM32F4xx_HAL_Driver/Src/stm32f4xx_hal_cortex.o
 .debug_line    0x0000000000003634      0xacd ./Drivers/STM32F4xx_HAL_Driver/Src/stm32f4xx_hal_gpio.o
 .debug_line    0x0000000000004101      0xd0d ./Drivers/STM32F4xx_HAL_Driver/Src/stm32f4xx_hal_rcc.o
 .debug_line    0x0000000000004e0e     0x1dbf ./Drivers/STM32F4xx_HAL_Driver/Src/stm32f4xx_hal_sd.o
 .debug_line    0x0000000000006bcd      0xefe ./Drivers/STM32F4xx_HAL_Driver/Src/stm32f4xx_ll_sdmmc.o
 .debug_line    0x0000000000007acb      0x8aa ./FATFS/App/fatfs.o
 .debug_line    0x0000000000008375      0x87c ./FATFS/Target/bsp_driver_sd.o
 .debug_line    0x0000000000008bf1      0x98e ./FATFS/Target/sd_diskio.o
 .debug_line    0x000000000000957f      0x91b ./Middlewares/Third_Party/FatFs/src/diskio.o
 .debug_line    0x0000000000009e9a     0x355d ./Middlewares/Third_Party/FatFs/src/ff.o
 .debug_line    0x000000000000d3f7      0x939 ./Middlewares/Third_Party/FatFs/src/ff_gen_drv.o

.debug_str      0x0000000000000000    0x895eb
 .debug_str     0x0000000000000000    0x864c1 ./Core/Src/main.o
                                      0x868b6 (size before relaxing)
 .debug_str     0x00000000000864c1       0x4c ./Core/Src/stm32f4xx_hal_msp.o
                                      0x82a94 (size before relaxing)
 .debug_str     0x000000000008650d       0xbd ./Core/Src/stm32f4xx_it.o
                                      0x824ec (size before relaxing)
 .debug_str     0x00000000000865ca       0xaf ./Core/Src/system_stm32f4xx.o
                                      0x825b8 (size before relaxing)
 .debug_str     0x0000000000086679       0x36 ./Core/Startup/startup_stm32f411vetx.o
                                         0x6b (size before relaxing)
 .debug_str     0x00000000000866af      0x914 ./Drivers/STM32F4xx_HAL_Driver/Src/stm32f4xx_hal.o
                                      0x82f42 (size before relaxing)
 .debug_str     0x0000000000086fc3      0x399 ./Drivers/STM32F4xx_HAL_Driver/Src/stm32f4xx_hal_cortex.o
                                      0x82d1f (size before relaxing)
 .debug_str     0x000000000008735c      0x15f ./Drivers/STM32F4xx_HAL_Driver/Src/stm32f4xx_hal_gpio.o
                                      0x8275f (size before relaxing)
 .debug_str     0x00000000000874bb      0x259 ./Drivers/STM32F4xx_HAL_Driver/Src/stm32f4xx_hal_rcc.o
                                      0x829ba (size before relaxing)
 .debug_str     0x0000000000087714      0x6f1 ./Drivers/STM32F4xx_HAL_Driver/Src/stm32f4xx_hal_sd.o
                                      0x830a7 (size before relaxing)
 .debug_str     0x0000000000087e05      0x44a ./Drivers/STM32F4xx_HAL_Driver/Src/stm32f4xx_ll_sdmmc.o
                                      0x82a33 (size before relaxing)
 .debug_str     0x000000000008824f       0x2f ./FATFS/App/fatfs.o
                                      0x85fa4 (size before relaxing)
 .debug_str     0x000000000008827e      0x164 ./FATFS/Target/bsp_driver_sd.o
                                      0x82b87 (size before relaxing)
 .debug_str     0x00000000000883e2       0xa0 ./FATFS/Target/sd_diskio.o
                                      0x85f8b (size before relaxing)
 .debug_str     0x0000000000088482       0x57 ./Middlewares/Third_Party/FatFs/src/diskio.o
                                      0x85eca (size before relaxing)
 .debug_str     0x00000000000884d9     0x1070 ./Middlewares/Third_Party/FatFs/src/ff.o
                                      0x870f3 (size before relaxing)
 .debug_str     0x0000000000089549       0xa2 ./Middlewares/Third_Party/FatFs/src/ff_gen_drv.o
                                      0x85f1b (size before relaxing)

.comment        0x0000000000000000       0x53
 .comment       0x0000000000000000       0x53 ./Core/Src/main.o
                                         0x54 (size before relaxing)
 .comment       0x0000000000000053       0x54 ./Core/Src/stm32f4xx_hal_msp.o
 .comment       0x0000000000000053       0x54 ./Core/Src/stm32f4xx_it.o
 .comment       0x0000000000000053       0x54 ./Core/Src/system_stm32f4xx.o
 .comment       0x0000000000000053       0x54 ./Drivers/STM32F4xx_HAL_Driver/Src/stm32f4xx_hal.o
 .comment       0x0000000000000053       0x54 ./Drivers/STM32F4xx_HAL_Driver/Src/stm32f4xx_hal_cortex.o
 .comment       0x0000000000000053       0x54 ./Drivers/STM32F4xx_HAL_Driver/Src/stm32f4xx_hal_gpio.o
 .comment       0x0000000000000053       0x54 ./Drivers/STM32F4xx_HAL_Driver/Src/stm32f4xx_hal_rcc.o
 .comment       0x0000000000000053       0x54 ./Drivers/STM32F4xx_HAL_Driver/Src/stm32f4xx_hal_sd.o
 .comment       0x0000000000000053       0x54 ./Drivers/STM32F4xx_HAL_Driver/Src/stm32f4xx_ll_sdmmc.o
 .comment       0x0000000000000053       0x54 ./FATFS/App/fatfs.o
 .comment       0x0000000000000053       0x54 ./FATFS/Target/bsp_driver_sd.o
 .comment       0x0000000000000053       0x54 ./FATFS/Target/sd_diskio.o
 .comment       0x0000000000000053       0x54 ./Middlewares/Third_Party/FatFs/src/diskio.o
 .comment       0x0000000000000053       0x54 ./Middlewares/Third_Party/FatFs/src/ff.o
 .comment       0x0000000000000053       0x54 ./Middlewares/Third_Party/FatFs/src/ff_gen_drv.o

.debug_frame    0x0000000000000000     0x2b00
 .debug_frame   0x0000000000000000       0xac ./Core/Src/main.o
 .debug_frame   0x00000000000000ac       0x80 ./Core/Src/stm32f4xx_hal_msp.o
 .debug_frame   0x000000000000012c      0x104 ./Core/Src/stm32f4xx_it.o
 .debug_frame   0x0000000000000230       0x58 ./Core/Src/system_stm32f4xx.o
 .debug_frame   0x0000000000000288      0x374 ./Drivers/STM32F4xx_HAL_Driver/Src/stm32f4xx_hal.o
 .debug_frame   0x00000000000005fc      0x498 ./Drivers/STM32F4xx_HAL_Driver/Src/stm32f4xx_hal_cortex.o
 .debug_frame   0x0000000000000a94      0x14c ./Drivers/STM32F4xx_HAL_Driver/Src/stm32f4xx_hal_gpio.o
 .debug_frame   0x0000000000000be0      0x1ec ./Drivers/STM32F4xx_HAL_Driver/Src/stm32f4xx_hal_rcc.o
 .debug_frame   0x0000000000000dcc      0x650 ./Drivers/STM32F4xx_HAL_Driver/Src/stm32f4xx_hal_sd.o
 .debug_frame   0x000000000000141c      0x6a8 ./Drivers/STM32F4xx_HAL_Driver/Src/stm32f4xx_ll_sdmmc.o
 .debug_frame   0x0000000000001ac4       0x4c ./FATFS/App/fatfs.o
 .debug_frame   0x0000000000001b10      0x25c ./FATFS/Target/bsp_driver_sd.o
 .debug_frame   0x0000000000001d6c       0xe8 ./FATFS/Target/sd_diskio.o
 .debug_frame   0x0000000000001e54       0xec ./Middlewares/Third_Party/FatFs/src/diskio.o
 .debug_frame   0x0000000000001f40      0x94c ./Middlewares/Third_Party/FatFs/src/ff.o
 .debug_frame   0x000000000000288c       0xc8 ./Middlewares/Third_Party/FatFs/src/ff_gen_drv.o
 .debug_frame   0x0000000000002954       0x2c c:/st/stm32cubeide_1.8.0/stm32cubeide/plugins/com.st.stm32cube.ide.mcu.externaltools.gnu-tools-for-stm32.9-2020-q2-update.win32_2.0.0.202105311346/tools/bin/../lib/gcc/arm-none-eabi/9.3.1/../../../../arm-none-eabi/lib/thumb/v7e-m+fp/hard\libc_nano.a(lib_a-init.o)
 .debug_frame   0x0000000000002980       0x20 c:/st/stm32cubeide_1.8.0/stm32cubeide/plugins/com.st.stm32cube.ide.mcu.externaltools.gnu-tools-for-stm32.9-2020-q2-update.win32_2.0.0.202105311346/tools/bin/../lib/gcc/arm-none-eabi/9.3.1/../../../../arm-none-eabi/lib/thumb/v7e-m+fp/hard\libc_nano.a(lib_a-memset.o)
 .debug_frame   0x00000000000029a0       0x30 c:/st/stm32cubeide_1.8.0/stm32cubeide/plugins/com.st.stm32cube.ide.mcu.externaltools.gnu-tools-for-stm32.9-2020-q2-update.win32_2.0.0.202105311346/tools/bin/../lib/gcc/arm-none-eabi/9.3.1/thumb/v7e-m+fp/hard\libgcc.a(_arm_muldf3.o)
 .debug_frame   0x00000000000029d0       0xac c:/st/stm32cubeide_1.8.0/stm32cubeide/plugins/com.st.stm32cube.ide.mcu.externaltools.gnu-tools-for-stm32.9-2020-q2-update.win32_2.0.0.202105311346/tools/bin/../lib/gcc/arm-none-eabi/9.3.1/thumb/v7e-m+fp/hard\libgcc.a(_arm_addsubdf3.o)
 .debug_frame   0x0000000000002a7c       0x24 c:/st/stm32cubeide_1.8.0/stm32cubeide/plugins/com.st.stm32cube.ide.mcu.externaltools.gnu-tools-for-stm32.9-2020-q2-update.win32_2.0.0.202105311346/tools/bin/../lib/gcc/arm-none-eabi/9.3.1/thumb/v7e-m+fp/hard\libgcc.a(_arm_fixunsdfsi.o)
 .debug_frame   0x0000000000002aa0       0x2c c:/st/stm32cubeide_1.8.0/stm32cubeide/plugins/com.st.stm32cube.ide.mcu.externaltools.gnu-tools-for-stm32.9-2020-q2-update.win32_2.0.0.202105311346/tools/bin/../lib/gcc/arm-none-eabi/9.3.1/thumb/v7e-m+fp/hard\libgcc.a(_aeabi_uldivmod.o)
 .debug_frame   0x0000000000002acc       0x34 c:/st/stm32cubeide_1.8.0/stm32cubeide/plugins/com.st.stm32cube.ide.mcu.externaltools.gnu-tools-for-stm32.9-2020-q2-update.win32_2.0.0.202105311346/tools/bin/../lib/gcc/arm-none-eabi/9.3.1/thumb/v7e-m+fp/hard\libgcc.a(_udivmoddi4.o)
